Archive member included to satisfy reference by file (symbol)

/usr/lib/gcc/arm-none-eabi/12.1.0/../../../../arm-none-eabi/lib/thumb/v7e-m+fp/hard/libc_nano.a(lib_a-atexit.o)
                              /usr/lib/gcc/arm-none-eabi/12.1.0/../../../../arm-none-eabi/lib/thumb/v7e-m+fp/hard/crt0.o (atexit)
/usr/lib/gcc/arm-none-eabi/12.1.0/../../../../arm-none-eabi/lib/thumb/v7e-m+fp/hard/libc_nano.a(lib_a-exit.o)
                              /usr/lib/gcc/arm-none-eabi/12.1.0/../../../../arm-none-eabi/lib/thumb/v7e-m+fp/hard/crt0.o (exit)
/usr/lib/gcc/arm-none-eabi/12.1.0/../../../../arm-none-eabi/lib/thumb/v7e-m+fp/hard/libc_nano.a(lib_a-fini.o)
                              /usr/lib/gcc/arm-none-eabi/12.1.0/../../../../arm-none-eabi/lib/thumb/v7e-m+fp/hard/crt0.o (__libc_fini_array)
/usr/lib/gcc/arm-none-eabi/12.1.0/../../../../arm-none-eabi/lib/thumb/v7e-m+fp/hard/libc_nano.a(lib_a-impure.o)
                              /usr/lib/gcc/arm-none-eabi/12.1.0/../../../../arm-none-eabi/lib/thumb/v7e-m+fp/hard/libc_nano.a(lib_a-exit.o) (_global_impure_ptr)
/usr/lib/gcc/arm-none-eabi/12.1.0/../../../../arm-none-eabi/lib/thumb/v7e-m+fp/hard/libc_nano.a(lib_a-init.o)
                              /usr/lib/gcc/arm-none-eabi/12.1.0/../../../../arm-none-eabi/lib/thumb/v7e-m+fp/hard/crt0.o (__libc_init_array)
/usr/lib/gcc/arm-none-eabi/12.1.0/../../../../arm-none-eabi/lib/thumb/v7e-m+fp/hard/libc_nano.a(lib_a-memcpy-stub.o)
                              build/bluenrg_gap_aci.o (memcpy)
/usr/lib/gcc/arm-none-eabi/12.1.0/../../../../arm-none-eabi/lib/thumb/v7e-m+fp/hard/libc_nano.a(lib_a-memset.o)
                              /usr/lib/gcc/arm-none-eabi/12.1.0/../../../../arm-none-eabi/lib/thumb/v7e-m+fp/hard/crt0.o (memset)
/usr/lib/gcc/arm-none-eabi/12.1.0/../../../../arm-none-eabi/lib/thumb/v7e-m+fp/hard/libc_nano.a(lib_a-rand.o)
                              build/app_bluenrg_ms.o (srand)
/usr/lib/gcc/arm-none-eabi/12.1.0/../../../../arm-none-eabi/lib/thumb/v7e-m+fp/hard/libc_nano.a(lib_a-assert.o)
                              /usr/lib/gcc/arm-none-eabi/12.1.0/../../../../arm-none-eabi/lib/thumb/v7e-m+fp/hard/libc_nano.a(lib_a-rand.o) (__assert_func)
/usr/lib/gcc/arm-none-eabi/12.1.0/../../../../arm-none-eabi/lib/thumb/v7e-m+fp/hard/libc_nano.a(lib_a-__atexit.o)
                              /usr/lib/gcc/arm-none-eabi/12.1.0/../../../../arm-none-eabi/lib/thumb/v7e-m+fp/hard/libc_nano.a(lib_a-atexit.o) (__register_exitproc)
/usr/lib/gcc/arm-none-eabi/12.1.0/../../../../arm-none-eabi/lib/thumb/v7e-m+fp/hard/libc_nano.a(lib_a-__call_atexit.o)
                              /usr/lib/gcc/arm-none-eabi/12.1.0/../../../../arm-none-eabi/lib/thumb/v7e-m+fp/hard/libc_nano.a(lib_a-__atexit.o) (__call_exitprocs)
/usr/lib/gcc/arm-none-eabi/12.1.0/../../../../arm-none-eabi/lib/thumb/v7e-m+fp/hard/libc_nano.a(lib_a-fprintf.o)
                              /usr/lib/gcc/arm-none-eabi/12.1.0/../../../../arm-none-eabi/lib/thumb/v7e-m+fp/hard/libc_nano.a(lib_a-assert.o) (fiprintf)
/usr/lib/gcc/arm-none-eabi/12.1.0/../../../../arm-none-eabi/lib/thumb/v7e-m+fp/hard/libc_nano.a(lib_a-lock.o)
                              /usr/lib/gcc/arm-none-eabi/12.1.0/../../../../arm-none-eabi/lib/thumb/v7e-m+fp/hard/libc_nano.a(lib_a-__atexit.o) (__retarget_lock_acquire_recursive)
/usr/lib/gcc/arm-none-eabi/12.1.0/../../../../arm-none-eabi/lib/thumb/v7e-m+fp/hard/libc_nano.a(lib_a-malloc.o)
                              /usr/lib/gcc/arm-none-eabi/12.1.0/../../../../arm-none-eabi/lib/thumb/v7e-m+fp/hard/libc_nano.a(lib_a-rand.o) (malloc)
/usr/lib/gcc/arm-none-eabi/12.1.0/../../../../arm-none-eabi/lib/thumb/v7e-m+fp/hard/libc_nano.a(lib_a-nano-freer.o)
                              /usr/lib/gcc/arm-none-eabi/12.1.0/../../../../arm-none-eabi/lib/thumb/v7e-m+fp/hard/libc_nano.a(lib_a-malloc.o) (_free_r)
/usr/lib/gcc/arm-none-eabi/12.1.0/../../../../arm-none-eabi/lib/thumb/v7e-m+fp/hard/libc_nano.a(lib_a-nano-mallocr.o)
                              /usr/lib/gcc/arm-none-eabi/12.1.0/../../../../arm-none-eabi/lib/thumb/v7e-m+fp/hard/libc_nano.a(lib_a-malloc.o) (_malloc_r)
/usr/lib/gcc/arm-none-eabi/12.1.0/../../../../arm-none-eabi/lib/thumb/v7e-m+fp/hard/libc_nano.a(lib_a-nano-vfprintf.o)
                              /usr/lib/gcc/arm-none-eabi/12.1.0/../../../../arm-none-eabi/lib/thumb/v7e-m+fp/hard/libc_nano.a(lib_a-fprintf.o) (_vfprintf_r)
/usr/lib/gcc/arm-none-eabi/12.1.0/../../../../arm-none-eabi/lib/thumb/v7e-m+fp/hard/libc_nano.a(lib_a-sbrkr.o)
                              /usr/lib/gcc/arm-none-eabi/12.1.0/../../../../arm-none-eabi/lib/thumb/v7e-m+fp/hard/libc_nano.a(lib_a-nano-mallocr.o) (_sbrk_r)
/usr/lib/gcc/arm-none-eabi/12.1.0/../../../../arm-none-eabi/lib/thumb/v7e-m+fp/hard/libc_nano.a(lib_a-wbuf.o)
                              /usr/lib/gcc/arm-none-eabi/12.1.0/../../../../arm-none-eabi/lib/thumb/v7e-m+fp/hard/libc_nano.a(lib_a-nano-vfprintf.o) (__swbuf_r)
[...]
Memory Configuration

Name             Origin             Length             Attributes
RAM              0x0000000020000000 0x00000000000a0000 xrw
RAM2             0x0000000010000000 0x0000000000010000 xrw
RAM3             0x0000000020040000 0x0000000000060000 xrw
FLASH            0x0000000008000000 0x0000000000200000 xr
*default*        0x0000000000000000 0xffffffffffffffff

Linker script and memory map

LOAD /usr/lib/gcc/arm-none-eabi/12.1.0/thumb/v7e-m+fp/hard/crti.o
LOAD /usr/lib/gcc/arm-none-eabi/12.1.0/thumb/v7e-m+fp/hard/crtbegin.o
LOAD /usr/lib/gcc/arm-none-eabi/12.1.0/../../../../arm-none-eabi/lib/thumb/v7e-m+fp/hard/crt0.o
LOAD build/main.o
LOAD build/app_bluenrg_ms.o
LOAD build/gatt_db.o
LOAD build/sensor.o
LOAD build/hci_tl_interface.o
LOAD build/stm32l4xx_hal_msp.o
LOAD build/stm32l4xx_nucleo.o
LOAD build/stm32l4xx_it.o
LOAD build/stm32l4xx_nucleo_bus.o
LOAD build/system_stm32l4xx.o
LOAD build/b_l4s5i_iot01a_bus.o
LOAD build/stm32l4xx_hal_spi.o
LOAD build/stm32l4xx_hal_spi_ex.o
LOAD build/stm32l4xx_hal.o
LOAD build/stm32l4xx_hal_i2c.o
LOAD build/stm32l4xx_hal_i2c_ex.o
LOAD build/stm32l4xx_hal_rcc.o
LOAD build/stm32l4xx_hal_rcc_ex.o
LOAD build/stm32l4xx_hal_flash.o
LOAD build/stm32l4xx_hal_flash_ex.o
LOAD build/stm32l4xx_hal_flash_ramfunc.o
LOAD build/stm32l4xx_hal_gpio.o
LOAD build/stm32l4xx_hal_dma.o
LOAD build/stm32l4xx_hal_dma_ex.o
LOAD build/stm32l4xx_hal_pwr.o
LOAD build/stm32l4xx_hal_pwr_ex.o
LOAD build/stm32l4xx_hal_cortex.o
LOAD build/stm32l4xx_hal_exti.o
LOAD build/stm32l4xx_hal_adc.o
LOAD build/stm32l4xx_hal_adc_ex.o
LOAD build/stm32l4xx_hal_dfsdm.o
LOAD build/stm32l4xx_hal_dfsdm_ex.o
LOAD build/stm32l4xx_hal_ospi.o
LOAD build/stm32l4xx_hal_tim.o
LOAD build/stm32l4xx_hal_tim_ex.o
LOAD build/stm32l4xx_hal_uart.o
LOAD build/stm32l4xx_hal_uart_ex.o
LOAD build/ble_list.o
LOAD build/bluenrg_gap_aci.o
LOAD build/bluenrg_gatt_aci.o
LOAD build/bluenrg_hal_aci.o
LOAD build/bluenrg_l2cap_aci.o
LOAD build/bluenrg_updater_aci.o
LOAD build/bluenrg_utils_small.o
LOAD build/hci_tl.o
LOAD build/hci_le.o
LOAD build/startup_stm32l4s5xx.o
LOAD /usr/lib/gcc/arm-none-eabi/12.1.0/../../../../arm-none-eabi/lib/thumb/v7e-m+fp/hard/libc_nano.a
LOAD /usr/lib/gcc/arm-none-eabi/12.1.0/../../../../arm-none-eabi/lib/thumb/v7e-m+fp/hard/libm.a
LOAD /usr/lib/gcc/arm-none-eabi/12.1.0/../../../../arm-none-eabi/lib/thumb/v7e-m+fp/hard/libnosys.a
START GROUP
LOAD /usr/lib/gcc/arm-none-eabi/12.1.0/thumb/v7e-m+fp/hard/libgcc.a
LOAD /usr/lib/gcc/arm-none-eabi/12.1.0/../../../../arm-none-eabi/lib/thumb/v7e-m+fp/hard/libc_nano.a
END GROUP
START GROUP
LOAD /usr/lib/gcc/arm-none-eabi/12.1.0/thumb/v7e-m+fp/hard/libgcc.a
LOAD /usr/lib/gcc/arm-none-eabi/12.1.0/../../../../arm-none-eabi/lib/thumb/v7e-m+fp/hard/libc_nano.a
END GROUP
LOAD /usr/lib/gcc/arm-none-eabi/12.1.0/thumb/v7e-m+fp/hard/crtend.o
LOAD /usr/lib/gcc/arm-none-eabi/12.1.0/thumb/v7e-m+fp/hard/crtn.o
                0x00000000200a0000                _estack = (ORIGIN (RAM) + LENGTH (RAM))
                0x0000000000000200                _Min_Heap_Size = 0x200
                0x0000000000000400                _Min_Stack_Size = 0x400

.isr_vector     0x0000000008000000      0x1c0
                0x0000000008000000                . = ALIGN (0x8)
 *(.isr_vector)
 .isr_vector    0x0000000008000000      0x1bc build/startup_stm32l4s5xx.o
                0x0000000008000000                g_pfnVectors
                0x00000000080001c0                . = ALIGN (0x8)
 *fill*         0x00000000080001bc        0x4 

.text           0x00000000080001c0     0x58b0
                0x00000000080001c0                . = ALIGN (0x8)
 *(.text)
 .text          0x00000000080001c0       0xa0 /usr/lib/gcc/arm-none-eabi/12.1.0/../../../../arm-none-eabi/lib/thumb/v7e-m+fp/hard/libc_nano.a(lib_a-memchr.o)
                0x00000000080001c0                memchr
 .text          0x0000000008000260      0x378 /usr/lib/gcc/arm-none-eabi/12.1.0/thumb/v7e-m+fp/hard/libgcc.a(_arm_addsubdf3.o)
                0x0000000008000260                __aeabi_drsub
                0x0000000008000268                __aeabi_dsub
                0x0000000008000268                __subdf3
                0x000000000800026c                __adddf3
                0x000000000800026c                __aeabi_dadd
                0x00000000080004e4                __aeabi_ui2d
                0x00000000080004e4                __floatunsidf
                0x0000000008000504                __floatsidf
                0x0000000008000504                __aeabi_i2d
                0x0000000008000528                __extendsfdf2
                0x0000000008000528                __aeabi_f2d
                0x000000000800056c                __aeabi_ul2d
                0x000000000800056c                __floatundidf
                0x000000000800057c                __floatdidf
                0x000000000800057c                __aeabi_l2d
 .text          0x00000000080005d8       0xa0 /usr/lib/gcc/arm-none-eabi/12.1.0/thumb/v7e-m+fp/hard/libgcc.a(_arm_truncdfsf2.o)
                0x00000000080005d8                __aeabi_d2f
                0x00000000080005d8                __truncdfsf2
 .text          0x0000000008000678       0x30 /usr/lib/gcc/arm-none-eabi/12.1.0/thumb/v7e-m+fp/hard/libgcc.a(_aeabi_uldivmod.o)
                0x0000000008000678                __aeabi_uldivmod
 .text          0x00000000080006a8        0x4 /usr/lib/gcc/arm-none-eabi/12.1.0/thumb/v7e-m+fp/hard/libgcc.a(_dvmd_tls.o)
                0x00000000080006a8                __aeabi_ldiv0
                0x00000000080006a8                __aeabi_idiv0
 *(.text*)
 .text.__do_global_dtors_aux
                0x00000000080006ac       0x24 /usr/lib/gcc/arm-none-eabi/12.1.0/thumb/v7e-m+fp/hard/crtbegin.o
 .text.frame_dummy
                0x00000000080006d0       0x1c /usr/lib/gcc/arm-none-eabi/12.1.0/thumb/v7e-m+fp/hard/crtbegin.o
 .text.MX_GPIO_Init
                0x00000000080006ec       0xbc build/main.o
 .text.Error_Handler
                0x00000000080007a8        0x4 build/main.o
                0x00000000080007a8                Error_Handler
 .text.SystemClock_Config
                0x00000000080007ac       0x7a build/main.o
                0x00000000080007ac                SystemClock_Config
 .text.main     0x0000000008000826       0x18 build/main.o
                0x0000000008000826                main
 *fill*         0x000000000800083e        0x2 
 .text.Reset_Motion_Values
                0x0000000008000840      0x180 build/app_bluenrg_ms.o
 .text.User_Init
                0x00000000080009c0       0x18 build/app_bluenrg_ms.o
 .text.Set_Random_Environmental_Values
                0x00000000080009d8       0x80 build/app_bluenrg_ms.o
 .text.Set_Random_Motion_Values
                0x0000000008000a58      0x4b8 build/app_bluenrg_ms.o
 .text.User_Process
                0x0000000008000f10       0xbc build/app_bluenrg_ms.o
 .text.MX_BlueNRG_MS_Init
                0x0000000008000fcc       0xf8 build/app_bluenrg_ms.o
                0x0000000008000fcc                MX_BlueNRG_MS_Init
 .text.MX_BlueNRG_MS_Process
                0x00000000080010c4        0xc build/app_bluenrg_ms.o
                0x00000000080010c4                MX_BlueNRG_MS_Process
 .text.BSP_PB_Callback
                0x00000000080010d0        0xc build/app_bluenrg_ms.o
                0x00000000080010d0                BSP_PB_Callback
 .text.Add_HWServW2ST_Service
                0x00000000080010dc      0x124 build/gatt_db.o
                0x00000000080010dc                Add_HWServW2ST_Service
 .text.Add_SWServW2ST_Service
                0x0000000008001200       0xe4 build/gatt_db.o
                0x0000000008001200                Add_SWServW2ST_Service
 .text.Acc_Update
                0x00000000080012e4       0xcc build/gatt_db.o
                0x00000000080012e4                Acc_Update
 .text.Quat_Update
                0x00000000080013b0       0x70 build/gatt_db.o
                0x00000000080013b0                Quat_Update
 .text.BlueMS_Environmental_Update
                0x0000000008001420       0x6c build/gatt_db.o
                0x0000000008001420                BlueMS_Environmental_Update
 .text.Read_Request_CB
                0x000000000800148c      0x10c build/gatt_db.o
                0x000000000800148c                Read_Request_CB
 .text.Set_DeviceConnectable
                0x0000000008001598       0xe8 build/sensor.o
                0x0000000008001598                Set_DeviceConnectable
 .text.GAP_DisconnectionComplete_CB
                0x0000000008001680       0x20 build/sensor.o
                0x0000000008001680                GAP_DisconnectionComplete_CB
 .text.GAP_ConnectionComplete_CB
                0x00000000080016a0       0x20 build/sensor.o
                0x00000000080016a0                GAP_ConnectionComplete_CB
 .text.user_notify
                0x00000000080016c0       0x46 build/sensor.o
                0x00000000080016c0                user_notify
 *fill*         0x0000000008001706        0x2 
 .text.HCI_TL_SPI_Init
                0x0000000008001708       0x6c build/hci_tl_interface.o
                0x0000000008001708                HCI_TL_SPI_Init
 .text.HCI_TL_SPI_DeInit
                0x0000000008001774       0x30 build/hci_tl_interface.o
                0x0000000008001774                HCI_TL_SPI_DeInit
 .text.HCI_TL_SPI_Reset
                0x00000000080017a4       0x40 build/hci_tl_interface.o
                0x00000000080017a4                HCI_TL_SPI_Reset
 .text.HCI_TL_SPI_Receive
                0x00000000080017e4       0x90 build/hci_tl_interface.o
                0x00000000080017e4                HCI_TL_SPI_Receive
 .text.HCI_TL_SPI_Send
                0x0000000008001874       0x8c build/hci_tl_interface.o
                0x0000000008001874                HCI_TL_SPI_Send
 .text.IsDataAvailable
                0x0000000008001900       0x1c build/hci_tl_interface.o
 .text.hci_tl_lowlevel_isr
                0x000000000800191c       0x14 build/hci_tl_interface.o
                0x000000000800191c                hci_tl_lowlevel_isr
 .text.hci_tl_lowlevel_init
                0x0000000008001930       0x6c build/hci_tl_interface.o
                0x0000000008001930                hci_tl_lowlevel_init
 .text.HAL_MspInit
                0x000000000800199c       0x30 build/stm32l4xx_hal_msp.o
                0x000000000800199c                HAL_MspInit
 .text.LED_USER_GPIO_Init
                0x00000000080019cc       0x60 build/stm32l4xx_nucleo.o
 .text.BUTTON_USER_GPIO_Init
                0x0000000008001a2c       0x58 build/stm32l4xx_nucleo.o
 .text.USART2_MspInit
                0x0000000008001a84       0x64 build/stm32l4xx_nucleo.o
 .text.BSP_LED_Init
                0x0000000008001ae8        0xa build/stm32l4xx_nucleo.o
                0x0000000008001ae8                BSP_LED_Init
 .text.BSP_LED_Toggle
                0x0000000008001af2       0x10 build/stm32l4xx_nucleo.o
                0x0000000008001af2                BSP_LED_Toggle
 *fill*         0x0000000008001b02        0x2 
 .text.BSP_PB_Init
                0x0000000008001b04       0x5c build/stm32l4xx_nucleo.o
                0x0000000008001b04                BSP_PB_Init
 .text.BSP_PB_GetState
                0x0000000008001b60       0x18 build/stm32l4xx_nucleo.o
                0x0000000008001b60                BSP_PB_GetState
 .text.BUTTON_USER_EXTI_Callback
                0x0000000008001b78        0xa build/stm32l4xx_nucleo.o
 *fill*         0x0000000008001b82        0x2 
 .text.MX_USART2_UART_Init
                0x0000000008001b84       0x30 build/stm32l4xx_nucleo.o
                0x0000000008001b84                MX_USART2_UART_Init
 .text.BSP_COM_Init
                0x0000000008001bb4       0x44 build/stm32l4xx_nucleo.o
                0x0000000008001bb4                BSP_COM_Init
 .text.NMI_Handler
                0x0000000008001bf8        0x2 build/stm32l4xx_it.o
                0x0000000008001bf8                NMI_Handler
 .text.HardFault_Handler
                0x0000000008001bfa        0x2 build/stm32l4xx_it.o
                0x0000000008001bfa                HardFault_Handler
 .text.MemManage_Handler
                0x0000000008001bfc        0x2 build/stm32l4xx_it.o
                0x0000000008001bfc                MemManage_Handler
 .text.BusFault_Handler
                0x0000000008001bfe        0x2 build/stm32l4xx_it.o
                0x0000000008001bfe                BusFault_Handler
 .text.UsageFault_Handler
                0x0000000008001c00        0x2 build/stm32l4xx_it.o
                0x0000000008001c00                UsageFault_Handler
 .text.SVC_Handler
                0x0000000008001c02        0x2 build/stm32l4xx_it.o
                0x0000000008001c02                SVC_Handler
 .text.DebugMon_Handler
                0x0000000008001c04        0x2 build/stm32l4xx_it.o
                0x0000000008001c04                DebugMon_Handler
 .text.PendSV_Handler
                0x0000000008001c06        0x2 build/stm32l4xx_it.o
                0x0000000008001c06                PendSV_Handler
 .text.SysTick_Handler
                0x0000000008001c08        0x8 build/stm32l4xx_it.o
                0x0000000008001c08                SysTick_Handler
 .text.EXTI0_IRQHandler
                0x0000000008001c10        0x2 build/stm32l4xx_it.o
                0x0000000008001c10                EXTI0_IRQHandler
 *fill*         0x0000000008001c12        0x2 
 .text.EXTI15_10_IRQHandler
                0x0000000008001c14       0x10 build/stm32l4xx_it.o
                0x0000000008001c14                EXTI15_10_IRQHandler
 .text.SPI1_MspInit
                0x0000000008001c24       0x90 build/stm32l4xx_nucleo_bus.o
 .text.BSP_SPI1_SendRecv
                0x0000000008001cb4       0x28 build/stm32l4xx_nucleo_bus.o
                0x0000000008001cb4                BSP_SPI1_SendRecv
 .text.MX_SPI1_Init
                0x0000000008001cdc       0x44 build/stm32l4xx_nucleo_bus.o
                0x0000000008001cdc                MX_SPI1_Init
 .text.BSP_SPI1_Init
                0x0000000008001d20       0x48 build/stm32l4xx_nucleo_bus.o
                0x0000000008001d20                BSP_SPI1_Init
 .text.SystemInit
                0x0000000008001d68       0x14 build/system_stm32l4xx.o
                0x0000000008001d68                SystemInit
 .text.BSP_GetTick
                0x0000000008001d7c        0x8 build/b_l4s5i_iot01a_bus.o
                0x0000000008001d7c                BSP_GetTick
 .text.SPI_WaitFlagStateUntilTimeout
                0x0000000008001d84       0xc8 build/stm32l4xx_hal_spi.o
 .text.SPI_WaitFifoStateUntilTimeout
                0x0000000008001e4c       0xf0 build/stm32l4xx_hal_spi.o
 .text.SPI_EndRxTxTransaction
                0x0000000008001f3c       0x62 build/stm32l4xx_hal_spi.o
 .text.HAL_SPI_MspInit
                0x0000000008001f9e        0x2 build/stm32l4xx_hal_spi.o
                0x0000000008001f9e                HAL_SPI_MspInit
 .text.HAL_SPI_Init
                0x0000000008001fa0       0xde build/stm32l4xx_hal_spi.o
                0x0000000008001fa0                HAL_SPI_Init
 .text.HAL_SPI_TransmitReceive
                0x000000000800207e      0x2de build/stm32l4xx_hal_spi.o
                0x000000000800207e                HAL_SPI_TransmitReceive
 .text.HAL_SPI_GetState
                0x000000000800235c        0x6 build/stm32l4xx_hal_spi.o
                0x000000000800235c                HAL_SPI_GetState
 *fill*         0x0000000008002362        0x2 
 .text.HAL_InitTick
                0x0000000008002364       0x50 build/stm32l4xx_hal.o
                0x0000000008002364                HAL_InitTick
 .text.HAL_Init
                0x00000000080023b4       0x2c build/stm32l4xx_hal.o
                0x00000000080023b4                HAL_Init
 .text.HAL_IncTick
                0x00000000080023e0       0x18 build/stm32l4xx_hal.o
                0x00000000080023e0                HAL_IncTick
 .text.HAL_GetTick
                0x00000000080023f8        0xc build/stm32l4xx_hal.o
                0x00000000080023f8                HAL_GetTick
 .text.HAL_Delay
                0x0000000008002404       0x28 build/stm32l4xx_hal.o
                0x0000000008002404                HAL_Delay
 .text.RCC_GetSysClockFreqFromPLLSource
                0x000000000800242c       0x7c build/stm32l4xx_hal_rcc.o
 .text.RCC_SetFlashLatencyFromMSIRange
                0x00000000080024a8       0x8c build/stm32l4xx_hal_rcc.o
 .text.HAL_RCC_GetSysClockFreq
                0x0000000008002534       0xb4 build/stm32l4xx_hal_rcc.o
                0x0000000008002534                HAL_RCC_GetSysClockFreq
 .text.HAL_RCC_OscConfig
                0x00000000080025e8      0x67c build/stm32l4xx_hal_rcc.o
                0x00000000080025e8                HAL_RCC_OscConfig
 .text.HAL_RCC_ClockConfig
                0x0000000008002c64      0x204 build/stm32l4xx_hal_rcc.o
                0x0000000008002c64                HAL_RCC_ClockConfig
 .text.HAL_RCC_GetHCLKFreq
                0x0000000008002e68        0xc build/stm32l4xx_hal_rcc.o
                0x0000000008002e68                HAL_RCC_GetHCLKFreq
 .text.HAL_RCC_GetPCLK1Freq
                0x0000000008002e74       0x24 build/stm32l4xx_hal_rcc.o
                0x0000000008002e74                HAL_RCC_GetPCLK1Freq
 .text.HAL_RCC_GetPCLK2Freq
                0x0000000008002e98       0x24 build/stm32l4xx_hal_rcc.o
                0x0000000008002e98                HAL_RCC_GetPCLK2Freq
 .text.HAL_GPIO_Init
                0x0000000008002ebc      0x1f0 build/stm32l4xx_hal_gpio.o
                0x0000000008002ebc                HAL_GPIO_Init
 .text.HAL_GPIO_DeInit
                0x00000000080030ac      0x134 build/stm32l4xx_hal_gpio.o
                0x00000000080030ac                HAL_GPIO_DeInit
 .text.HAL_GPIO_ReadPin
                0x00000000080031e0        0xe build/stm32l4xx_hal_gpio.o
                0x00000000080031e0                HAL_GPIO_ReadPin
 .text.HAL_GPIO_WritePin
                0x00000000080031ee        0xa build/stm32l4xx_hal_gpio.o
                0x00000000080031ee                HAL_GPIO_WritePin
 .text.HAL_GPIO_TogglePin
                0x00000000080031f8       0x12 build/stm32l4xx_hal_gpio.o
                0x00000000080031f8                HAL_GPIO_TogglePin
 *fill*         0x000000000800320a        0x2 
 .text.HAL_PWREx_GetVoltageRange
                0x000000000800320c       0x24 build/stm32l4xx_hal_pwr_ex.o
                0x000000000800320c                HAL_PWREx_GetVoltageRange
 .text.HAL_PWREx_ControlVoltageScaling
                0x0000000008003230      0x10c build/stm32l4xx_hal_pwr_ex.o
                0x0000000008003230                HAL_PWREx_ControlVoltageScaling
 .text.__NVIC_EnableIRQ
                0x000000000800333c       0x1c build/stm32l4xx_hal_cortex.o
 .text.__NVIC_SetPriority
                0x0000000008003358       0x28 build/stm32l4xx_hal_cortex.o
 .text.NVIC_EncodePriority
                0x0000000008003380       0x3e build/stm32l4xx_hal_cortex.o
 *fill*         0x00000000080033be        0x2 
 .text.HAL_NVIC_SetPriorityGrouping
                0x00000000080033c0       0x24 build/stm32l4xx_hal_cortex.o
                0x00000000080033c0                HAL_NVIC_SetPriorityGrouping
 .text.HAL_NVIC_SetPriority
                0x00000000080033e4       0x20 build/stm32l4xx_hal_cortex.o
                0x00000000080033e4                HAL_NVIC_SetPriority
 .text.HAL_NVIC_EnableIRQ
                0x0000000008003404        0x8 build/stm32l4xx_hal_cortex.o
                0x0000000008003404                HAL_NVIC_EnableIRQ
 .text.HAL_SYSTICK_Config
                0x000000000800340c       0x28 build/stm32l4xx_hal_cortex.o
                0x000000000800340c                HAL_SYSTICK_Config
 .text.HAL_EXTI_RegisterCallback
                0x0000000008003434        0xe build/stm32l4xx_hal_exti.o
                0x0000000008003434                HAL_EXTI_RegisterCallback
 .text.HAL_EXTI_GetHandle
                0x0000000008003442        0xc build/stm32l4xx_hal_exti.o
                0x0000000008003442                HAL_EXTI_GetHandle
 *fill*         0x000000000800344e        0x2 
 .text.HAL_EXTI_IRQHandler
                0x0000000008003450       0x28 build/stm32l4xx_hal_exti.o
                0x0000000008003450                HAL_EXTI_IRQHandler
 .text.HAL_UART_MspInit
                0x0000000008003478        0x2 build/stm32l4xx_hal_uart.o
                0x0000000008003478                HAL_UART_MspInit
 *fill*         0x000000000800347a        0x2 
 .text.UART_SetConfig
                0x000000000800347c      0x388 build/stm32l4xx_hal_uart.o
                0x000000000800347c                UART_SetConfig
 .text.UART_AdvFeatureConfig
                0x0000000008003804       0xca build/stm32l4xx_hal_uart.o
                0x0000000008003804                UART_AdvFeatureConfig
 .text.UART_WaitOnFlagUntilTimeout
                0x00000000080038ce       0xd8 build/stm32l4xx_hal_uart.o
                0x00000000080038ce                UART_WaitOnFlagUntilTimeout
 .text.UART_CheckIdleState
                0x00000000080039a6       0x74 build/stm32l4xx_hal_uart.o
                0x00000000080039a6                UART_CheckIdleState
 .text.HAL_UART_Init
                0x0000000008003a1a       0x66 build/stm32l4xx_hal_uart.o
                0x0000000008003a1a                HAL_UART_Init
 .text.list_init_head
                0x0000000008003a80        0x6 build/ble_list.o
                0x0000000008003a80                list_init_head
 .text.list_is_empty
                0x0000000008003a86       0x18 build/ble_list.o
                0x0000000008003a86                list_is_empty
 .text.list_insert_head
                0x0000000008003a9e       0x18 build/ble_list.o
                0x0000000008003a9e                list_insert_head
 .text.list_insert_tail
                0x0000000008003ab6       0x18 build/ble_list.o
                0x0000000008003ab6                list_insert_tail
 .text.list_remove_node
                0x0000000008003ace       0x16 build/ble_list.o
                0x0000000008003ace                list_remove_node
 .text.list_remove_head
                0x0000000008003ae4       0x22 build/ble_list.o
                0x0000000008003ae4                list_remove_head
 .text.list_remove_tail
                0x0000000008003b06       0x22 build/ble_list.o
                0x0000000008003b06                list_remove_tail
 .text.list_get_size
                0x0000000008003b28       0x1c build/ble_list.o
                0x0000000008003b28                list_get_size
 .text.aci_gap_init_IDB05A1
                0x0000000008003b44       0x70 build/bluenrg_gap_aci.o
                0x0000000008003b44                aci_gap_init_IDB05A1
 .text.aci_gap_init_IDB04A1
                0x0000000008003bb4       0x68 build/bluenrg_gap_aci.o
                0x0000000008003bb4                aci_gap_init_IDB04A1
 .text.aci_gap_set_discoverable
                0x0000000008003c1c       0xc0 build/bluenrg_gap_aci.o
                0x0000000008003c1c                aci_gap_set_discoverable
 .text.aci_gap_set_auth_requirement
                0x0000000008003cdc       0x8e build/bluenrg_gap_aci.o
                0x0000000008003cdc                aci_gap_set_auth_requirement
 .text.aci_gap_update_adv_data
                0x0000000008003d6a       0x60 build/bluenrg_gap_aci.o
                0x0000000008003d6a                aci_gap_update_adv_data
 .text.aci_gatt_init
                0x0000000008003dca       0x42 build/bluenrg_gatt_aci.o
                0x0000000008003dca                aci_gatt_init
 .text.aci_gatt_add_serv
                0x0000000008003e0c       0x8a build/bluenrg_gatt_aci.o
                0x0000000008003e0c                aci_gatt_add_serv
 .text.aci_gatt_add_char
                0x0000000008003e96       0xcc build/bluenrg_gatt_aci.o
                0x0000000008003e96                aci_gatt_add_char
 .text.aci_gatt_update_char_value
                0x0000000008003f62       0x70 build/bluenrg_gatt_aci.o
                0x0000000008003f62                aci_gatt_update_char_value
 .text.aci_gatt_allow_read
                0x0000000008003fd2       0x4e build/bluenrg_gatt_aci.o
                0x0000000008003fd2                aci_gatt_allow_read
 .text.aci_hal_read_config_data
                0x0000000008004020       0x74 build/bluenrg_hal_aci.o
                0x0000000008004020                aci_hal_read_config_data
 .text.aci_hal_set_tx_power_level
                0x0000000008004094       0x50 build/bluenrg_hal_aci.o
                0x0000000008004094                aci_hal_set_tx_power_level
 .text.getBlueNRGVersion
                0x00000000080040e4       0x4e build/bluenrg_utils_small.o
                0x00000000080040e4                getBlueNRGVersion
 .text.verify_packet
                0x0000000008004132       0x1e build/hci_tl.o
 .text.send_cmd
                0x0000000008004150       0x48 build/hci_tl.o
 .text.free_event_list
                0x0000000008004198       0x30 build/hci_tl.o
 .text.move_list
                0x00000000080041c8       0x28 build/hci_tl.o
 .text.hci_init
                0x00000000080041f0       0x58 build/hci_tl.o
                0x00000000080041f0                hci_init
 .text.hci_register_io_bus
                0x0000000008004248       0x1c build/hci_tl.o
                0x0000000008004248                hci_register_io_bus
 .text.hci_send_req
                0x0000000008004264      0x14c build/hci_tl.o
                0x0000000008004264                hci_send_req
 .text.hci_user_evt_proc
                0x00000000080043b0       0x44 build/hci_tl.o
                0x00000000080043b0                hci_user_evt_proc
 .text.hci_notify_asynch_evt
                0x00000000080043f4       0x78 build/hci_tl.o
                0x00000000080043f4                hci_notify_asynch_evt
 .text.hci_reset
                0x000000000800446c       0x3e build/hci_le.o
                0x000000000800446c                hci_reset
 .text.hci_le_read_local_version
                0x00000000080044aa       0x74 build/hci_le.o
                0x00000000080044aa                hci_le_read_local_version
 .text.hci_le_set_scan_resp_data
                0x000000000800451e       0x6a build/hci_le.o
                0x000000000800451e                hci_le_set_scan_resp_data
 .text.Reset_Handler
                0x0000000008004588       0x50 build/startup_stm32l4s5xx.o
                0x0000000008004588                Reset_Handler
 .text.Default_Handler
                0x00000000080045d8        0x2 build/startup_stm32l4s5xx.o
                0x00000000080045d8                RTC_Alarm_IRQHandler
                0x00000000080045d8                EXTI2_IRQHandler
                0x00000000080045d8                TIM8_TRG_COM_IRQHandler
                0x00000000080045d8                TIM8_CC_IRQHandler
                0x00000000080045d8                TIM1_CC_IRQHandler
                0x00000000080045d8                TSC_IRQHandler
                0x00000000080045d8                TAMP_STAMP_IRQHandler
                0x00000000080045d8                EXTI3_IRQHandler
                0x00000000080045d8                LPTIM2_IRQHandler
                0x00000000080045d8                DFSDM1_FLT1_IRQHandler
                0x00000000080045d8                GFXMMU_IRQHandler
                0x00000000080045d8                I2C3_ER_IRQHandler
                0x00000000080045d8                DFSDM1_FLT2_IRQHandler
                0x00000000080045d8                I2C2_EV_IRQHandler
                0x00000000080045d8                CAN1_RX0_IRQHandler
                0x00000000080045d8                FPU_IRQHandler
                0x00000000080045d8                TIM1_UP_TIM16_IRQHandler
                0x00000000080045d8                LTDC_ER_IRQHandler
                0x00000000080045d8                SPI1_IRQHandler
                0x00000000080045d8                OCTOSPI1_IRQHandler
                0x00000000080045d8                TIM6_DAC_IRQHandler
                0x00000000080045d8                DCMI_IRQHandler
                0x00000000080045d8                TIM8_UP_IRQHandler
                0x00000000080045d8                OCTOSPI2_IRQHandler
                0x00000000080045d8                DMA2_Channel2_IRQHandler
                0x00000000080045d8                DMA1_Channel4_IRQHandler
                0x00000000080045d8                SAI2_IRQHandler
                0x00000000080045d8                ADC1_IRQHandler
                0x00000000080045d8                DFSDM1_FLT3_IRQHandler
                0x00000000080045d8                USART3_IRQHandler
                0x00000000080045d8                DMA1_Channel7_IRQHandler
                0x00000000080045d8                CAN1_RX1_IRQHandler
                0x00000000080045d8                UART5_IRQHandler
                0x00000000080045d8                TIM4_IRQHandler
                0x00000000080045d8                DMA2_Channel1_IRQHandler
                0x00000000080045d8                I2C1_EV_IRQHandler
                0x00000000080045d8                DMAMUX1_OVR_IRQHandler
                0x00000000080045d8                DMA1_Channel6_IRQHandler
                0x00000000080045d8                UART4_IRQHandler
                0x00000000080045d8                DMA2_Channel4_IRQHandler
                0x00000000080045d8                TIM3_IRQHandler
                0x00000000080045d8                RCC_IRQHandler
                0x00000000080045d8                DMA1_Channel1_IRQHandler
                0x00000000080045d8                Default_Handler
                0x00000000080045d8                DMA2_Channel7_IRQHandler
                0x00000000080045d8                TIM7_IRQHandler
                0x00000000080045d8                SDMMC1_IRQHandler
                0x00000000080045d8                TIM5_IRQHandler
                0x00000000080045d8                I2C3_EV_IRQHandler
                0x00000000080045d8                EXTI9_5_IRQHandler
                0x00000000080045d8                RTC_WKUP_IRQHandler
                0x00000000080045d8                LTDC_IRQHandler
                0x00000000080045d8                PVD_PVM_IRQHandler
                0x00000000080045d8                SPI2_IRQHandler
                0x00000000080045d8                CAN1_TX_IRQHandler
                0x00000000080045d8                DMA2_Channel5_IRQHandler
                0x00000000080045d8                DMA1_Channel5_IRQHandler
                0x00000000080045d8                EXTI4_IRQHandler
                0x00000000080045d8                RNG_IRQHandler
                0x00000000080045d8                TIM1_TRG_COM_TIM17_IRQHandler
                0x00000000080045d8                DMA1_Channel3_IRQHandler
                0x00000000080045d8                COMP_IRQHandler
                0x00000000080045d8                HASH_CRS_IRQHandler
                0x00000000080045d8                WWDG_IRQHandler
                0x00000000080045d8                I2C4_EV_IRQHandler
                0x00000000080045d8                LPUART1_IRQHandler
                0x00000000080045d8                DMA2_Channel6_IRQHandler
                0x00000000080045d8                TIM2_IRQHandler
                0x00000000080045d8                DMA2D_IRQHandler
                0x00000000080045d8                EXTI1_IRQHandler
                0x00000000080045d8                AES_IRQHandler
                0x00000000080045d8                USART2_IRQHandler
                0x00000000080045d8                DFSDM1_FLT0_IRQHandler
                0x00000000080045d8                I2C2_ER_IRQHandler
                0x00000000080045d8                DMA1_Channel2_IRQHandler
                0x00000000080045d8                TIM8_BRK_IRQHandler
                0x00000000080045d8                CAN1_SCE_IRQHandler
                0x00000000080045d8                FLASH_IRQHandler
                0x00000000080045d8                USART1_IRQHandler
                0x00000000080045d8                OTG_FS_IRQHandler
                0x00000000080045d8                SPI3_IRQHandler
                0x00000000080045d8                I2C1_ER_IRQHandler
                0x00000000080045d8                FMC_IRQHandler
                0x00000000080045d8                LPTIM1_IRQHandler
                0x00000000080045d8                I2C4_ER_IRQHandler
                0x00000000080045d8                SAI1_IRQHandler
                0x00000000080045d8                DMA2_Channel3_IRQHandler
                0x00000000080045d8                TIM1_BRK_TIM15_IRQHandler
 *fill*         0x00000000080045da        0x2 
 .text.__libc_init_array
                0x00000000080045dc       0x48 /usr/lib/gcc/arm-none-eabi/12.1.0/../../../../arm-none-eabi/lib/thumb/v7e-m+fp/hard/libc_nano.a(lib_a-init.o)
                0x00000000080045dc                __libc_init_array
 .text.memcpy   0x0000000008004624       0x1c /usr/lib/gcc/arm-none-eabi/12.1.0/../../../../arm-none-eabi/lib/thumb/v7e-m+fp/hard/libc_nano.a(lib_a-memcpy-stub.o)
                0x0000000008004624                memcpy
 .text.memset   0x0000000008004640       0x10 /usr/lib/gcc/arm-none-eabi/12.1.0/../../../../arm-none-eabi/lib/thumb/v7e-m+fp/hard/libc_nano.a(lib_a-memset.o)
                0x0000000008004640                memset
 .text.srand    0x0000000008004650       0x5c /usr/lib/gcc/arm-none-eabi/12.1.0/../../../../arm-none-eabi/lib/thumb/v7e-m+fp/hard/libc_nano.a(lib_a-rand.o)
                0x0000000008004650                srand
 .text.rand     0x00000000080046ac       0x7c /usr/lib/gcc/arm-none-eabi/12.1.0/../../../../arm-none-eabi/lib/thumb/v7e-m+fp/hard/libc_nano.a(lib_a-rand.o)
                0x00000000080046ac                rand
 .text.__assert_func
                0x0000000008004728       0x3c /usr/lib/gcc/arm-none-eabi/12.1.0/../../../../arm-none-eabi/lib/thumb/v7e-m+fp/hard/libc_nano.a(lib_a-assert.o)
                0x0000000008004728                __assert_func
 .text.fprintf  0x0000000008004764       0x24 /usr/lib/gcc/arm-none-eabi/12.1.0/../../../../arm-none-eabi/lib/thumb/v7e-m+fp/hard/libc_nano.a(lib_a-fprintf.o)
                0x0000000008004764                fprintf
                0x0000000008004764                fiprintf
 .text.__retarget_lock_init_recursive
                0x0000000008004788        0x2 /usr/lib/gcc/arm-none-eabi/12.1.0/../../../../arm-none-eabi/lib/thumb/v7e-m+fp/hard/libc_nano.a(lib_a-lock.o)
                0x0000000008004788                __retarget_lock_init_recursive
 .text.__retarget_lock_acquire_recursive
                0x000000000800478a        0x2 /usr/lib/gcc/arm-none-eabi/12.1.0/../../../../arm-none-eabi/lib/thumb/v7e-m+fp/hard/libc_nano.a(lib_a-lock.o)
                0x000000000800478a                __retarget_lock_acquire_recursive
 .text.__retarget_lock_release_recursive
                0x000000000800478c        0x2 /usr/lib/gcc/arm-none-eabi/12.1.0/../../../../arm-none-eabi/lib/thumb/v7e-m+fp/hard/libc_nano.a(lib_a-lock.o)
                0x000000000800478c                __retarget_lock_release_recursive
 *fill*         0x000000000800478e        0x2 
 .text.malloc   0x0000000008004790       0x10 /usr/lib/gcc/arm-none-eabi/12.1.0/../../../../arm-none-eabi/lib/thumb/v7e-m+fp/hard/libc_nano.a(lib_a-malloc.o)
                0x0000000008004790                malloc
 .text._free_r  0x00000000080047a0       0x98 /usr/lib/gcc/arm-none-eabi/12.1.0/../../../../arm-none-eabi/lib/thumb/v7e-m+fp/hard/libc_nano.a(lib_a-nano-freer.o)
                0x00000000080047a0                _free_r
 .text.sbrk_aligned
                0x0000000008004838       0x40 /usr/lib/gcc/arm-none-eabi/12.1.0/../../../../arm-none-eabi/lib/thumb/v7e-m+fp/hard/libc_nano.a(lib_a-nano-mallocr.o)
 .text._malloc_r
                0x0000000008004878       0xe8 /usr/lib/gcc/arm-none-eabi/12.1.0/../../../../arm-none-eabi/lib/thumb/v7e-m+fp/hard/libc_nano.a(lib_a-nano-mallocr.o)
                0x0000000008004878                _malloc_r
 .text.__sfputc_r
                0x0000000008004960       0x2e /usr/lib/gcc/arm-none-eabi/12.1.0/../../../../arm-none-eabi/lib/thumb/v7e-m+fp/hard/libc_nano.a(lib_a-nano-vfprintf.o)
 .text.__sfputs_r
                0x000000000800498e       0x24 /usr/lib/gcc/arm-none-eabi/12.1.0/../../../../arm-none-eabi/lib/thumb/v7e-m+fp/hard/libc_nano.a(lib_a-nano-vfprintf.o)
                0x000000000800498e                __sfputs_r
 *fill*         0x00000000080049b2        0x2 
 .text._vfprintf_r
                0x00000000080049b4      0x25c /usr/lib/gcc/arm-none-eabi/12.1.0/../../../../arm-none-eabi/lib/thumb/v7e-m+fp/hard/libc_nano.a(lib_a-nano-vfprintf.o)
                0x00000000080049b4                _vfiprintf_r
                0x00000000080049b4                _vfprintf_r
 .text._sbrk_r  0x0000000008004c10       0x20 /usr/lib/gcc/arm-none-eabi/12.1.0/../../../../arm-none-eabi/lib/thumb/v7e-m+fp/hard/libc_nano.a(lib_a-sbrkr.o)
                0x0000000008004c10                _sbrk_r
 .text.__swbuf_r
                0x0000000008004c30       0xa4 /usr/lib/gcc/arm-none-eabi/12.1.0/../../../../arm-none-eabi/lib/thumb/v7e-m+fp/hard/libc_nano.a(lib_a-wbuf.o)
                0x0000000008004c30                __swbuf_r
 .text.__swsetup_r
                0x0000000008004cd4       0xdc /usr/lib/gcc/arm-none-eabi/12.1.0/../../../../arm-none-eabi/lib/thumb/v7e-m+fp/hard/libc_nano.a(lib_a-wsetup.o)
                0x0000000008004cd4                __swsetup_r
 .text.abort    0x0000000008004db0        0xe /usr/lib/gcc/arm-none-eabi/12.1.0/../../../../arm-none-eabi/lib/thumb/v7e-m+fp/hard/libc_nano.a(lib_a-abort.o)
                0x0000000008004db0                abort
 *fill*         0x0000000008004dbe        0x2 
 .text.__sflush_r
                0x0000000008004dc0      0x10c /usr/lib/gcc/arm-none-eabi/12.1.0/../../../../arm-none-eabi/lib/thumb/v7e-m+fp/hard/libc_nano.a(lib_a-fflush.o)
                0x0000000008004dc0                __sflush_r
 .text._fflush_r
                0x0000000008004ecc       0x78 /usr/lib/gcc/arm-none-eabi/12.1.0/../../../../arm-none-eabi/lib/thumb/v7e-m+fp/hard/libc_nano.a(lib_a-fflush.o)
                0x0000000008004ecc                _fflush_r
 .text.std      0x0000000008004f44       0x48 /usr/lib/gcc/arm-none-eabi/12.1.0/../../../../arm-none-eabi/lib/thumb/v7e-m+fp/hard/libc_nano.a(lib_a-findfp.o)
 .text._cleanup_r
                0x0000000008004f8c        0xc /usr/lib/gcc/arm-none-eabi/12.1.0/../../../../arm-none-eabi/lib/thumb/v7e-m+fp/hard/libc_nano.a(lib_a-findfp.o)
                0x0000000008004f8c                _cleanup_r
 .text.__sfmoreglue
                0x0000000008004f98       0x2c /usr/lib/gcc/arm-none-eabi/12.1.0/../../../../arm-none-eabi/lib/thumb/v7e-m+fp/hard/libc_nano.a(lib_a-findfp.o)
                0x0000000008004f98                __sfmoreglue
 .text.__sfp_lock_acquire
                0x0000000008004fc4        0xc /usr/lib/gcc/arm-none-eabi/12.1.0/../../../../arm-none-eabi/lib/thumb/v7e-m+fp/hard/libc_nano.a(lib_a-findfp.o)
                0x0000000008004fc4                __sfp_lock_acquire
 .text.__sfp_lock_release
                0x0000000008004fd0        0xc /usr/lib/gcc/arm-none-eabi/12.1.0/../../../../arm-none-eabi/lib/thumb/v7e-m+fp/hard/libc_nano.a(lib_a-findfp.o)
                0x0000000008004fd0                __sfp_lock_release
 .text.__sinit_lock_acquire
                0x0000000008004fdc        0xc /usr/lib/gcc/arm-none-eabi/12.1.0/../../../../arm-none-eabi/lib/thumb/v7e-m+fp/hard/libc_nano.a(lib_a-findfp.o)
                0x0000000008004fdc                __sinit_lock_acquire
 .text.__sinit_lock_release
                0x0000000008004fe8        0xc /usr/lib/gcc/arm-none-eabi/12.1.0/../../../../arm-none-eabi/lib/thumb/v7e-m+fp/hard/libc_nano.a(lib_a-findfp.o)
                0x0000000008004fe8                __sinit_lock_release
 .text.__sinit  0x0000000008004ff4       0x70 /usr/lib/gcc/arm-none-eabi/12.1.0/../../../../arm-none-eabi/lib/thumb/v7e-m+fp/hard/libc_nano.a(lib_a-findfp.o)
                0x0000000008004ff4                __sinit
 .text.__sfp    0x0000000008005064       0x8c /usr/lib/gcc/arm-none-eabi/12.1.0/../../../../arm-none-eabi/lib/thumb/v7e-m+fp/hard/libc_nano.a(lib_a-findfp.o)
                0x0000000008005064                __sfp
 .text._fwalk_reent
                0x00000000080050f0       0x3e /usr/lib/gcc/arm-none-eabi/12.1.0/../../../../arm-none-eabi/lib/thumb/v7e-m+fp/hard/libc_nano.a(lib_a-fwalk.o)
                0x00000000080050f0                _fwalk_reent
 .text.__swhatbuf_r
                0x000000000800512e       0x4c /usr/lib/gcc/arm-none-eabi/12.1.0/../../../../arm-none-eabi/lib/thumb/v7e-m+fp/hard/libc_nano.a(lib_a-makebuf.o)
                0x000000000800512e                __swhatbuf_r
 *fill*         0x000000000800517a        0x2 
 .text.__smakebuf_r
                0x000000000800517c       0x80 /usr/lib/gcc/arm-none-eabi/12.1.0/../../../../arm-none-eabi/lib/thumb/v7e-m+fp/hard/libc_nano.a(lib_a-makebuf.o)
                0x000000000800517c                __smakebuf_r
 .text.__malloc_lock
                0x00000000080051fc        0xc /usr/lib/gcc/arm-none-eabi/12.1.0/../../../../arm-none-eabi/lib/thumb/v7e-m+fp/hard/libc_nano.a(lib_a-mlock.o)
                0x00000000080051fc                __malloc_lock
 .text.__malloc_unlock
                0x0000000008005208        0xc /usr/lib/gcc/arm-none-eabi/12.1.0/../../../../arm-none-eabi/lib/thumb/v7e-m+fp/hard/libc_nano.a(lib_a-mlock.o)
                0x0000000008005208                __malloc_unlock
 .text._printf_common
                0x0000000008005214       0xda /usr/lib/gcc/arm-none-eabi/12.1.0/../../../../arm-none-eabi/lib/thumb/v7e-m+fp/hard/libc_nano.a(lib_a-nano-vfprintf_i.o)
                0x0000000008005214                _printf_common
 *fill*         0x00000000080052ee        0x2 
 .text._printf_i
                0x00000000080052f0      0x244 /usr/lib/gcc/arm-none-eabi/12.1.0/../../../../arm-none-eabi/lib/thumb/v7e-m+fp/hard/libc_nano.a(lib_a-nano-vfprintf_i.o)
                0x00000000080052f0                _printf_i
 .text._raise_r
                0x0000000008005534       0x50 /usr/lib/gcc/arm-none-eabi/12.1.0/../../../../arm-none-eabi/lib/thumb/v7e-m+fp/hard/libc_nano.a(lib_a-signal.o)
                0x0000000008005534                _raise_r
 .text.raise    0x0000000008005584       0x10 /usr/lib/gcc/arm-none-eabi/12.1.0/../../../../arm-none-eabi/lib/thumb/v7e-m+fp/hard/libc_nano.a(lib_a-signal.o)
                0x0000000008005584                raise
 .text._kill_r  0x0000000008005594       0x24 /usr/lib/gcc/arm-none-eabi/12.1.0/../../../../arm-none-eabi/lib/thumb/v7e-m+fp/hard/libc_nano.a(lib_a-signalr.o)
                0x0000000008005594                _kill_r
 .text._getpid_r
                0x00000000080055b8        0x4 /usr/lib/gcc/arm-none-eabi/12.1.0/../../../../arm-none-eabi/lib/thumb/v7e-m+fp/hard/libc_nano.a(lib_a-signalr.o)
                0x00000000080055b8                _getpid_r
 .text.__sread  0x00000000080055bc       0x22 /usr/lib/gcc/arm-none-eabi/12.1.0/../../../../arm-none-eabi/lib/thumb/v7e-m+fp/hard/libc_nano.a(lib_a-stdio.o)
                0x00000000080055bc                __sread
 .text.__swrite
                0x00000000080055de       0x38 /usr/lib/gcc/arm-none-eabi/12.1.0/../../../../arm-none-eabi/lib/thumb/v7e-m+fp/hard/libc_nano.a(lib_a-stdio.o)
                0x00000000080055de                __swrite
 .text.__sseek  0x0000000008005616       0x24 /usr/lib/gcc/arm-none-eabi/12.1.0/../../../../arm-none-eabi/lib/thumb/v7e-m+fp/hard/libc_nano.a(lib_a-stdio.o)
                0x0000000008005616                __sseek
 .text.__sclose
                0x000000000800563a        0x8 /usr/lib/gcc/arm-none-eabi/12.1.0/../../../../arm-none-eabi/lib/thumb/v7e-m+fp/hard/libc_nano.a(lib_a-stdio.o)
                0x000000000800563a                __sclose
 *fill*         0x0000000008005642        0x2 
 .text._write_r
                0x0000000008005644       0x24 /usr/lib/gcc/arm-none-eabi/12.1.0/../../../../arm-none-eabi/lib/thumb/v7e-m+fp/hard/libc_nano.a(lib_a-writer.o)
                0x0000000008005644                _write_r
 .text._close_r
                0x0000000008005668       0x20 /usr/lib/gcc/arm-none-eabi/12.1.0/../../../../arm-none-eabi/lib/thumb/v7e-m+fp/hard/libc_nano.a(lib_a-closer.o)
                0x0000000008005668                _close_r
 .text._fstat_r
                0x0000000008005688       0x24 /usr/lib/gcc/arm-none-eabi/12.1.0/../../../../arm-none-eabi/lib/thumb/v7e-m+fp/hard/libc_nano.a(lib_a-fstatr.o)
                0x0000000008005688                _fstat_r
 .text._isatty_r
                0x00000000080056ac       0x20 /usr/lib/gcc/arm-none-eabi/12.1.0/../../../../arm-none-eabi/lib/thumb/v7e-m+fp/hard/libc_nano.a(lib_a-isattyr.o)
                0x00000000080056ac                _isatty_r
 .text._lseek_r
                0x00000000080056cc       0x24 /usr/lib/gcc/arm-none-eabi/12.1.0/../../../../arm-none-eabi/lib/thumb/v7e-m+fp/hard/libc_nano.a(lib_a-lseekr.o)
                0x00000000080056cc                _lseek_r
 .text._read_r  0x00000000080056f0       0x24 /usr/lib/gcc/arm-none-eabi/12.1.0/../../../../arm-none-eabi/lib/thumb/v7e-m+fp/hard/libc_nano.a(lib_a-readr.o)
                0x00000000080056f0                _read_r
 .text._close   0x0000000008005714       0x10 /usr/lib/gcc/arm-none-eabi/12.1.0/../../../../arm-none-eabi/lib/thumb/v7e-m+fp/hard/libnosys.a(close.o)
                0x0000000008005714                _close
 .text._fstat   0x0000000008005724       0x10 /usr/lib/gcc/arm-none-eabi/12.1.0/../../../../arm-none-eabi/lib/thumb/v7e-m+fp/hard/libnosys.a(fstat.o)
                0x0000000008005724                _fstat
 .text._getpid  0x0000000008005734       0x10 /usr/lib/gcc/arm-none-eabi/12.1.0/../../../../arm-none-eabi/lib/thumb/v7e-m+fp/hard/libnosys.a(getpid.o)
                0x0000000008005734                _getpid
 .text._isatty  0x0000000008005744       0x10 /usr/lib/gcc/arm-none-eabi/12.1.0/../../../../arm-none-eabi/lib/thumb/v7e-m+fp/hard/libnosys.a(isatty.o)
                0x0000000008005744                _isatty
 .text._kill    0x0000000008005754       0x10 /usr/lib/gcc/arm-none-eabi/12.1.0/../../../../arm-none-eabi/lib/thumb/v7e-m+fp/hard/libnosys.a(kill.o)
                0x0000000008005754                _kill
 .text._lseek   0x0000000008005764       0x10 /usr/lib/gcc/arm-none-eabi/12.1.0/../../../../arm-none-eabi/lib/thumb/v7e-m+fp/hard/libnosys.a(lseek.o)
                0x0000000008005764                _lseek
 .text._read    0x0000000008005774       0x10 /usr/lib/gcc/arm-none-eabi/12.1.0/../../../../arm-none-eabi/lib/thumb/v7e-m+fp/hard/libnosys.a(read.o)
                0x0000000008005774                _read
 .text._sbrk    0x0000000008005784       0x1c /usr/lib/gcc/arm-none-eabi/12.1.0/../../../../arm-none-eabi/lib/thumb/v7e-m+fp/hard/libnosys.a(sbrk.o)
                0x0000000008005784                _sbrk
 .text._write   0x00000000080057a0       0x10 /usr/lib/gcc/arm-none-eabi/12.1.0/../../../../arm-none-eabi/lib/thumb/v7e-m+fp/hard/libnosys.a(write.o)
                0x00000000080057a0                _write
 .text._exit    0x00000000080057b0        0x4 /usr/lib/gcc/arm-none-eabi/12.1.0/../../../../arm-none-eabi/lib/thumb/v7e-m+fp/hard/libnosys.a(_exit.o)
                0x00000000080057b0                _exit
 .text.__udivmoddi4
                0x00000000080057b4      0x2a0 /usr/lib/gcc/arm-none-eabi/12.1.0/thumb/v7e-m+fp/hard/libgcc.a(_udivmoddi4.o)
                0x00000000080057b4                __udivmoddi4
 *(.glue_7)
 .glue_7        0x0000000008005a54        0x0 linker stubs
 *(.glue_7t)
 .glue_7t       0x0000000008005a54        0x0 linker stubs
 *(.eh_frame)
 .eh_frame      0x0000000008005a54        0x0 /usr/lib/gcc/arm-none-eabi/12.1.0/thumb/v7e-m+fp/hard/crtbegin.o
 *(.init)
 .init          0x0000000008005a54        0x4 /usr/lib/gcc/arm-none-eabi/12.1.0/thumb/v7e-m+fp/hard/crti.o
                0x0000000008005a54                _init
 .init          0x0000000008005a58        0x8 /usr/lib/gcc/arm-none-eabi/12.1.0/thumb/v7e-m+fp/hard/crtn.o
 *(.fini)
 .fini          0x0000000008005a60        0x4 /usr/lib/gcc/arm-none-eabi/12.1.0/thumb/v7e-m+fp/hard/crti.o
                0x0000000008005a60                _fini
 .fini          0x0000000008005a64        0x8 /usr/lib/gcc/arm-none-eabi/12.1.0/thumb/v7e-m+fp/hard/crtn.o
                0x0000000008005a70                . = ALIGN (0x8)
 *fill*         0x0000000008005a6c        0x4 
                0x0000000008005a70                _etext = .

.vfp11_veneer   0x0000000008005a70        0x0
 .vfp11_veneer  0x0000000008005a70        0x0 linker stubs

.v4_bx          0x0000000008005a70        0x0
 .v4_bx         0x0000000008005a70        0x0 linker stubs

.iplt           0x0000000008005a70        0x0
 .iplt          0x0000000008005a70        0x0 /usr/lib/gcc/arm-none-eabi/12.1.0/thumb/v7e-m+fp/hard/crtbegin.o

.rodata         0x0000000008005a70      0x1b8
                0x0000000008005a70                . = ALIGN (0x8)
 *(.rodata)
 .rodata        0x0000000008005a70        0xd build/hci_tl_interface.o
 *(.rodata*)
 *fill*         0x0000000008005a7d        0x3 
 .rodata.MX_BlueNRG_MS_Init.str1.4
                0x0000000008005a80        0x8 build/app_bluenrg_ms.o
 .rodata.Set_DeviceConnectable.str1.4
                0x0000000008005a88        0x9 build/sensor.o
 *fill*         0x0000000008005a91        0x3 
 .rodata.MSIRangeTable
                0x0000000008005a94       0x30 build/system_stm32l4xx.o
                0x0000000008005a94                MSIRangeTable
 .rodata.APBPrescTable
                0x0000000008005ac4        0x8 build/system_stm32l4xx.o
                0x0000000008005ac4                APBPrescTable
 .rodata.AHBPrescTable
                0x0000000008005acc       0x10 build/system_stm32l4xx.o
                0x0000000008005acc                AHBPrescTable
 .rodata.UARTPrescTable
                0x0000000008005adc       0x18 build/stm32l4xx_hal_uart.o
                0x0000000008005adc                UARTPrescTable
 .rodata._global_impure_ptr
                0x0000000008005af4        0x4 /usr/lib/gcc/arm-none-eabi/12.1.0/../../../../arm-none-eabi/lib/thumb/v7e-m+fp/hard/libc_nano.a(lib_a-impure.o)
                0x0000000008005af4                _global_impure_ptr
 .rodata.srand.str1.1
                0x0000000008005af8       0x5f /usr/lib/gcc/arm-none-eabi/12.1.0/../../../../arm-none-eabi/lib/thumb/v7e-m+fp/hard/libc_nano.a(lib_a-rand.o)
 .rodata.__assert_func.str1.1
                0x0000000008005b57       0x3c /usr/lib/gcc/arm-none-eabi/12.1.0/../../../../arm-none-eabi/lib/thumb/v7e-m+fp/hard/libc_nano.a(lib_a-assert.o)
                                         0x3d (size before relaxing)
 .rodata._vfprintf_r.str1.1
                0x0000000008005b93       0x11 /usr/lib/gcc/arm-none-eabi/12.1.0/../../../../arm-none-eabi/lib/thumb/v7e-m+fp/hard/libc_nano.a(lib_a-nano-vfprintf.o)
 .rodata.__sf_fake_stderr
                0x0000000008005ba4       0x20 /usr/lib/gcc/arm-none-eabi/12.1.0/../../../../arm-none-eabi/lib/thumb/v7e-m+fp/hard/libc_nano.a(lib_a-findfp.o)
                0x0000000008005ba4                __sf_fake_stderr
 .rodata.__sf_fake_stdin
                0x0000000008005bc4       0x20 /usr/lib/gcc/arm-none-eabi/12.1.0/../../../../arm-none-eabi/lib/thumb/v7e-m+fp/hard/libc_nano.a(lib_a-findfp.o)
                0x0000000008005bc4                __sf_fake_stdin
 .rodata.__sf_fake_stdout
                0x0000000008005be4       0x20 /usr/lib/gcc/arm-none-eabi/12.1.0/../../../../arm-none-eabi/lib/thumb/v7e-m+fp/hard/libc_nano.a(lib_a-findfp.o)
                0x0000000008005be4                __sf_fake_stdout
 .rodata._printf_i.str1.1
                0x0000000008005c04       0x22 /usr/lib/gcc/arm-none-eabi/12.1.0/../../../../arm-none-eabi/lib/thumb/v7e-m+fp/hard/libc_nano.a(lib_a-nano-vfprintf_i.o)
                0x0000000008005c28                . = ALIGN (0x8)
 *fill*         0x0000000008005c26        0x2 

.ARM.extab      0x0000000008005c28        0x0
                0x0000000008005c28                . = ALIGN (0x8)
 *(.ARM.extab* .gnu.linkonce.armextab.*)
                0x0000000008005c28                . = ALIGN (0x8)

.ARM            0x0000000008005c28        0x8
                0x0000000008005c28                . = ALIGN (0x8)
                0x0000000008005c28                __exidx_start = .
 *(.ARM.exidx*)
 .ARM.exidx.text.__udivmoddi4
                0x0000000008005c28        0x8 /usr/lib/gcc/arm-none-eabi/12.1.0/thumb/v7e-m+fp/hard/libgcc.a(_udivmoddi4.o)
                0x0000000008005c30                __exidx_end = .
                0x0000000008005c30                . = ALIGN (0x8)

.rel.dyn        0x0000000008005c30        0x0
 .rel.iplt      0x0000000008005c30        0x0 /usr/lib/gcc/arm-none-eabi/12.1.0/thumb/v7e-m+fp/hard/crtbegin.o

.preinit_array  0x0000000008005c30        0x0
                0x0000000008005c30                . = ALIGN (0x8)
                0x0000000008005c30                PROVIDE (__preinit_array_start = .)
 *(.preinit_array*)
                0x0000000008005c30                PROVIDE (__preinit_array_end = .)
                0x0000000008005c30                . = ALIGN (0x8)

.init_array     0x0000000008005c30        0x8
                0x0000000008005c30                . = ALIGN (0x8)
                0x0000000008005c30                PROVIDE (__init_array_start = .)
 *(SORT_BY_NAME(.init_array.*))
 *(.init_array*)
 .init_array    0x0000000008005c30        0x4 /usr/lib/gcc/arm-none-eabi/12.1.0/thumb/v7e-m+fp/hard/crtbegin.o
                0x0000000008005c34                PROVIDE (__init_array_end = .)
                0x0000000008005c38                . = ALIGN (0x8)
 *fill*         0x0000000008005c34        0x4 

.fini_array     0x0000000008005c38        0x8
                0x0000000008005c38                . = ALIGN (0x8)
                0x0000000008005c38                PROVIDE (__fini_array_start = .)
 *(SORT_BY_NAME(.fini_array.*))
 *(.fini_array*)
 .fini_array    0x0000000008005c38        0x4 /usr/lib/gcc/arm-none-eabi/12.1.0/thumb/v7e-m+fp/hard/crtbegin.o
                0x0000000008005c3c                PROVIDE (__fini_array_end = .)
                0x0000000008005c40                . = ALIGN (0x8)
 *fill*         0x0000000008005c3c        0x4 
                0x0000000008005c40                _sidata = LOADADDR (.data)

.data           0x0000000020000000       0x80 load address 0x0000000008005c40
                0x0000000020000000                . = ALIGN (0x8)
                0x0000000020000000                _sdata = .
 *(.data)
 *(.data*)
 .data.user_button_init_state
                0x0000000020000000        0x1 build/app_bluenrg_ms.o
 .data.set_connectable
                0x0000000020000001        0x1 build/sensor.o
                0x0000000020000001                set_connectable
 *fill*         0x0000000020000002        0x2 
 .data.COM_USART
                0x0000000020000004        0x4 build/stm32l4xx_nucleo.o
                0x0000000020000004                COM_USART
 .data.hpb_exti
                0x0000000020000008        0x8 build/stm32l4xx_nucleo.o
                0x0000000020000008                hpb_exti
 .data.SystemCoreClock
                0x0000000020000010        0x4 build/system_stm32l4xx.o
                0x0000000020000010                SystemCoreClock
 .data.uwTickFreq
                0x0000000020000014        0x1 build/stm32l4xx_hal.o
                0x0000000020000014                uwTickFreq
 *fill*         0x0000000020000015        0x3 
 .data.uwTickPrio
                0x0000000020000018        0x4 build/stm32l4xx_hal.o
                0x0000000020000018                uwTickPrio
 .data._impure_ptr
                0x000000002000001c        0x4 /usr/lib/gcc/arm-none-eabi/12.1.0/../../../../arm-none-eabi/lib/thumb/v7e-m+fp/hard/libc_nano.a(lib_a-impure.o)
                0x000000002000001c                _impure_ptr
 .data.impure_data
                0x0000000020000020       0x60 /usr/lib/gcc/arm-none-eabi/12.1.0/../../../../arm-none-eabi/lib/thumb/v7e-m+fp/hard/libc_nano.a(lib_a-impure.o)
                0x0000000020000080                . = ALIGN (0x8)
                0x0000000020000080                _edata = .

.igot.plt       0x0000000020000080        0x0 load address 0x0000000008005cc0
 .igot.plt      0x0000000020000080        0x0 /usr/lib/gcc/arm-none-eabi/12.1.0/thumb/v7e-m+fp/hard/crtbegin.o
                0x0000000020000080                . = ALIGN (0x4)

.bss            0x0000000020000080      0x594 load address 0x0000000008005cc0
                0x0000000020000080                _sbss = .
                0x0000000020000080                __bss_start__ = _sbss
 *(.bss)
 *(.bss*)
 .bss.completed.1
                0x0000000020000080        0x1 /usr/lib/gcc/arm-none-eabi/12.1.0/thumb/v7e-m+fp/hard/crtbegin.o
 *fill*         0x0000000020000081        0x3 
 .bss.object.0  0x0000000020000084       0x18 /usr/lib/gcc/arm-none-eabi/12.1.0/thumb/v7e-m+fp/hard/crtbegin.o
 .bss.counter.0
                0x000000002000009c        0x4 build/app_bluenrg_ms.o
 .bss.user_button_pressed
                0x00000000200000a0        0x1 build/app_bluenrg_ms.o
 .bss.bnrg_expansion_board
                0x00000000200000a1        0x1 build/app_bluenrg_ms.o
                0x00000000200000a1                bnrg_expansion_board
 *fill*         0x00000000200000a2        0x2 
 .bss.q_axes    0x00000000200000a4        0xc build/sensor.o
                0x00000000200000a4                q_axes
 .bss.m_axes    0x00000000200000b0        0xc build/sensor.o
                0x00000000200000b0                m_axes
 .bss.g_axes    0x00000000200000bc        0xc build/sensor.o
                0x00000000200000bc                g_axes
 .bss.x_axes    0x00000000200000c8        0xc build/sensor.o
                0x00000000200000c8                x_axes
 .bss.connected
                0x00000000200000d4        0x4 build/sensor.o
                0x00000000200000d4                connected
 .bss.notification_enabled
                0x00000000200000d8        0x1 build/sensor.o
                0x00000000200000d8                notification_enabled
 *fill*         0x00000000200000d9        0x1 
 .bss.connection_handle
                0x00000000200000da        0x2 build/sensor.o
                0x00000000200000da                connection_handle
 .bss.read_char_buf.0
                0x00000000200000dc       0xff build/hci_tl_interface.o
 *fill*         0x00000000200001db        0x1 
 .bss.SPI1InitCounter
                0x00000000200001dc        0x4 build/stm32l4xx_nucleo_bus.o
 .bss.hciContext
                0x00000000200001e0       0x20 build/hci_tl.o
 .bss.hciReadPacketBuffer
                0x0000000020000200      0x2bc build/hci_tl.o
 .bss.__lock___malloc_recursive_mutex
                0x00000000200004bc        0x1 /usr/lib/gcc/arm-none-eabi/12.1.0/../../../../arm-none-eabi/lib/thumb/v7e-m+fp/hard/libc_nano.a(lib_a-lock.o)
                0x00000000200004bc                __lock___malloc_recursive_mutex
 .bss.__lock___sfp_recursive_mutex
                0x00000000200004bd        0x1 /usr/lib/gcc/arm-none-eabi/12.1.0/../../../../arm-none-eabi/lib/thumb/v7e-m+fp/hard/libc_nano.a(lib_a-lock.o)
                0x00000000200004bd                __lock___sfp_recursive_mutex
 .bss.__lock___sinit_recursive_mutex
                0x00000000200004be        0x1 /usr/lib/gcc/arm-none-eabi/12.1.0/../../../../arm-none-eabi/lib/thumb/v7e-m+fp/hard/libc_nano.a(lib_a-lock.o)
                0x00000000200004be                __lock___sinit_recursive_mutex
 *fill*         0x00000000200004bf        0x1 
 .bss.__malloc_free_list
                0x00000000200004c0        0x4 /usr/lib/gcc/arm-none-eabi/12.1.0/../../../../arm-none-eabi/lib/thumb/v7e-m+fp/hard/libc_nano.a(lib_a-nano-mallocr.o)
                0x00000000200004c0                __malloc_free_list
 .bss.__malloc_sbrk_start
                0x00000000200004c4        0x4 /usr/lib/gcc/arm-none-eabi/12.1.0/../../../../arm-none-eabi/lib/thumb/v7e-m+fp/hard/libc_nano.a(lib_a-nano-mallocr.o)
                0x00000000200004c4                __malloc_sbrk_start
 .bss.errno     0x00000000200004c8        0x4 /usr/lib/gcc/arm-none-eabi/12.1.0/../../../../arm-none-eabi/lib/thumb/v7e-m+fp/hard/libc_nano.a(lib_a-reent.o)
                0x00000000200004c8                errno
 .bss.heap_end.0
                0x00000000200004cc        0x4 /usr/lib/gcc/arm-none-eabi/12.1.0/../../../../arm-none-eabi/lib/thumb/v7e-m+fp/hard/libnosys.a(sbrk.o)
 *(COMMON)
 COMMON         0x00000000200004d0        0x6 build/app_bluenrg_ms.o
                0x00000000200004d0                bdaddr
 *fill*         0x00000000200004d6        0x2 
 COMMON         0x00000000200004d8       0x2c build/gatt_db.o
                0x00000000200004d8                EnvironmentalCharHandle
                0x00000000200004da                QuaternionsCharHandle
                0x00000000200004dc                char_uuid
                0x00000000200004ec                SWServW2STHandle
                0x00000000200004ee                HWServW2STHandle
                0x00000000200004f0                AccGyroMagCharHandle
                0x00000000200004f4                service_uuid
 COMMON         0x0000000020000504        0x8 build/hci_tl_interface.o
                0x0000000020000504                hexti0
 COMMON         0x000000002000050c       0x90 build/stm32l4xx_nucleo.o
                0x000000002000050c                hcom_uart
 COMMON         0x000000002000059c       0x64 build/stm32l4xx_nucleo_bus.o
                0x000000002000059c                hspi1
 COMMON         0x0000000020000600        0x4 build/stm32l4xx_hal.o
                0x0000000020000600                uwTick
 COMMON         0x0000000020000604       0x10 build/hci_tl.o
                0x0000000020000604                hciReadPktPool
                0x000000002000060c                hciReadPktRxQueue
                0x0000000020000614                . = ALIGN (0x4)
                0x0000000020000614                _ebss = .
                0x0000000020000614                __bss_end__ = _ebss

._user_heap_stack
                0x0000000020000614      0x604 load address 0x0000000008005cc0
                0x0000000020000618                . = ALIGN (0x8)
 *fill*         0x0000000020000614        0x4 
                0x0000000020000618                PROVIDE (end = .)
                [!provide]                        PROVIDE (_end = .)
                0x0000000020000818                . = (. + _Min_Heap_Size)
 *fill*         0x0000000020000618      0x200 
                0x0000000020000c18                . = (. + _Min_Stack_Size)
 *fill*         0x0000000020000818      0x400 
                0x0000000020000c18                . = ALIGN (0x8)

/DISCARD/
 libc.a(*)
 libm.a(*)
 libgcc.a(*)

.ARM.attributes
                0x0000000000000000       0x30
 *(.ARM.attributes)
 .ARM.attributes
                0x0000000000000000       0x22 /usr/lib/gcc/arm-none-eabi/12.1.0/thumb/v7e-m+fp/hard/crti.o
 .ARM.attributes
                0x0000000000000022       0x34 /usr/lib/gcc/arm-none-eabi/12.1.0/thumb/v7e-m+fp/hard/crtbegin.o
 .ARM.attributes
                0x0000000000000056       0x34 build/main.o
 .ARM.attributes
                0x000000000000008a       0x34 build/app_bluenrg_ms.o
 .ARM.attributes
                0x00000000000000be       0x34 build/gatt_db.o
 .ARM.attributes
                0x00000000000000f2       0x34 build/sensor.o
 .ARM.attributes
                0x0000000000000126       0x34 build/hci_tl_interface.o
 .ARM.attributes
                0x000000000000015a       0x34 build/stm32l4xx_hal_msp.o
 .ARM.attributes
                0x000000000000018e       0x34 build/stm32l4xx_nucleo.o
 .ARM.attributes
                0x00000000000001c2       0x34 build/stm32l4xx_it.o
 .ARM.attributes
                0x00000000000001f6       0x34 build/stm32l4xx_nucleo_bus.o
 .ARM.attributes
                0x000000000000022a       0x34 build/system_stm32l4xx.o
 .ARM.attributes
                0x000000000000025e       0x34 build/b_l4s5i_iot01a_bus.o
 .ARM.attributes
                0x0000000000000292       0x34 build/stm32l4xx_hal_spi.o
 .ARM.attributes
                0x00000000000002c6       0x34 build/stm32l4xx_hal.o
 .ARM.attributes
                0x00000000000002fa       0x34 build/stm32l4xx_hal_rcc.o
 .ARM.attributes
                0x000000000000032e       0x34 build/stm32l4xx_hal_gpio.o
 .ARM.attributes
                0x0000000000000362       0x34 build/stm32l4xx_hal_pwr_ex.o
 .ARM.attributes
                0x0000000000000396       0x34 build/stm32l4xx_hal_cortex.o
 .ARM.attributes
                0x00000000000003ca       0x34 build/stm32l4xx_hal_exti.o
 .ARM.attributes
                0x00000000000003fe       0x34 build/stm32l4xx_hal_uart.o
 .ARM.attributes
                0x0000000000000432       0x34 build/ble_list.o
 .ARM.attributes
                0x0000000000000466       0x34 build/bluenrg_gap_aci.o
 .ARM.attributes
                0x000000000000049a       0x34 build/bluenrg_gatt_aci.o
 .ARM.attributes
                0x00000000000004ce       0x34 build/bluenrg_hal_aci.o
 .ARM.attributes
                0x0000000000000502       0x34 build/bluenrg_utils_small.o
 .ARM.attributes
                0x0000000000000536       0x34 build/hci_tl.o
 .ARM.attributes
                0x000000000000056a       0x34 build/hci_le.o
 .ARM.attributes
                0x000000000000059e       0x21 build/startup_stm32l4s5xx.o
 .ARM.attributes
                0x00000000000005bf       0x32 /usr/lib/gcc/arm-none-eabi/12.1.0/../../../../arm-none-eabi/lib/thumb/v7e-m+fp/hard/libc_nano.a(lib_a-impure.o)
 .ARM.attributes
                0x00000000000005f1       0x34 /usr/lib/gcc/arm-none-eabi/12.1.0/../../../../arm-none-eabi/lib/thumb/v7e-m+fp/hard/libc_nano.a(lib_a-init.o)
 .ARM.attributes
                0x0000000000000625       0x34 /usr/lib/gcc/arm-none-eabi/12.1.0/../../../../arm-none-eabi/lib/thumb/v7e-m+fp/hard/libc_nano.a(lib_a-memcpy-stub.o)
 .ARM.attributes
                0x0000000000000659       0x34 /usr/lib/gcc/arm-none-eabi/12.1.0/../../../../arm-none-eabi/lib/thumb/v7e-m+fp/hard/libc_nano.a(lib_a-memset.o)
 .ARM.attributes
                0x000000000000068d       0x34 /usr/lib/gcc/arm-none-eabi/12.1.0/../../../../arm-none-eabi/lib/thumb/v7e-m+fp/hard/libc_nano.a(lib_a-rand.o)
 .ARM.attributes
                0x00000000000006c1       0x34 /usr/lib/gcc/arm-none-eabi/12.1.0/../../../../arm-none-eabi/lib/thumb/v7e-m+fp/hard/libc_nano.a(lib_a-assert.o)
 .ARM.attributes
                0x00000000000006f5       0x34 /usr/lib/gcc/arm-none-eabi/12.1.0/../../../../arm-none-eabi/lib/thumb/v7e-m+fp/hard/libc_nano.a(lib_a-fprintf.o)
 .ARM.attributes
                0x0000000000000729       0x34 /usr/lib/gcc/arm-none-eabi/12.1.0/../../../../arm-none-eabi/lib/thumb/v7e-m+fp/hard/libc_nano.a(lib_a-lock.o)
 .ARM.attributes
                0x000000000000075d       0x34 /usr/lib/gcc/arm-none-eabi/12.1.0/../../../../arm-none-eabi/lib/thumb/v7e-m+fp/hard/libc_nano.a(lib_a-malloc.o)
 .ARM.attributes
                0x0000000000000791       0x34 /usr/lib/gcc/arm-none-eabi/12.1.0/../../../../arm-none-eabi/lib/thumb/v7e-m+fp/hard/libc_nano.a(lib_a-nano-freer.o)
 .ARM.attributes
                0x00000000000007c5       0x34 /usr/lib/gcc/arm-none-eabi/12.1.0/../../../../arm-none-eabi/lib/thumb/v7e-m+fp/hard/libc_nano.a(lib_a-nano-mallocr.o)
 .ARM.attributes
                0x00000000000007f9       0x34 /usr/lib/gcc/arm-none-eabi/12.1.0/../../../../arm-none-eabi/lib/thumb/v7e-m+fp/hard/libc_nano.a(lib_a-nano-vfprintf.o)
 .ARM.attributes
                0x000000000000082d       0x34 /usr/lib/gcc/arm-none-eabi/12.1.0/../../../../arm-none-eabi/lib/thumb/v7e-m+fp/hard/libc_nano.a(lib_a-sbrkr.o)
 .ARM.attributes
                0x0000000000000861       0x34 /usr/lib/gcc/arm-none-eabi/12.1.0/../../../../arm-none-eabi/lib/thumb/v7e-m+fp/hard/libc_nano.a(lib_a-wbuf.o)
 .ARM.attributes
                0x0000000000000895       0x34 /usr/lib/gcc/arm-none-eabi/12.1.0/../../../../arm-none-eabi/lib/thumb/v7e-m+fp/hard/libc_nano.a(lib_a-wsetup.o)
 .ARM.attributes
                0x00000000000008c9       0x34 /usr/lib/gcc/arm-none-eabi/12.1.0/../../../../arm-none-eabi/lib/thumb/v7e-m+fp/hard/libc_nano.a(lib_a-abort.o)
 .ARM.attributes
                0x00000000000008fd       0x34 /usr/lib/gcc/arm-none-eabi/12.1.0/../../../../arm-none-eabi/lib/thumb/v7e-m+fp/hard/libc_nano.a(lib_a-fflush.o)
 .ARM.attributes
                0x0000000000000931       0x34 /usr/lib/gcc/arm-none-eabi/12.1.0/../../../../arm-none-eabi/lib/thumb/v7e-m+fp/hard/libc_nano.a(lib_a-findfp.o)
 .ARM.attributes
                0x0000000000000965       0x34 /usr/lib/gcc/arm-none-eabi/12.1.0/../../../../arm-none-eabi/lib/thumb/v7e-m+fp/hard/libc_nano.a(lib_a-fwalk.o)
 .ARM.attributes
                0x0000000000000999       0x34 /usr/lib/gcc/arm-none-eabi/12.1.0/../../../../arm-none-eabi/lib/thumb/v7e-m+fp/hard/libc_nano.a(lib_a-makebuf.o)
 .ARM.attributes
                0x00000000000009cd       0x1c /usr/lib/gcc/arm-none-eabi/12.1.0/../../../../arm-none-eabi/lib/thumb/v7e-m+fp/hard/libc_nano.a(lib_a-memchr.o)
 .ARM.attributes
                0x00000000000009e9       0x34 /usr/lib/gcc/arm-none-eabi/12.1.0/../../../../arm-none-eabi/lib/thumb/v7e-m+fp/hard/libc_nano.a(lib_a-mlock.o)
 .ARM.attributes
                0x0000000000000a1d       0x34 /usr/lib/gcc/arm-none-eabi/12.1.0/../../../../arm-none-eabi/lib/thumb/v7e-m+fp/hard/libc_nano.a(lib_a-nano-vfprintf_i.o)
 .ARM.attributes
                0x0000000000000a51       0x34 /usr/lib/gcc/arm-none-eabi/12.1.0/../../../../arm-none-eabi/lib/thumb/v7e-m+fp/hard/libc_nano.a(lib_a-reent.o)
 .ARM.attributes
                0x0000000000000a85       0x34 /usr/lib/gcc/arm-none-eabi/12.1.0/../../../../arm-none-eabi/lib/thumb/v7e-m+fp/hard/libc_nano.a(lib_a-signal.o)
 .ARM.attributes
                0x0000000000000ab9       0x34 /usr/lib/gcc/arm-none-eabi/12.1.0/../../../../arm-none-eabi/lib/thumb/v7e-m+fp/hard/libc_nano.a(lib_a-signalr.o)
 .ARM.attributes
                0x0000000000000aed       0x34 /usr/lib/gcc/arm-none-eabi/12.1.0/../../../../arm-none-eabi/lib/thumb/v7e-m+fp/hard/libc_nano.a(lib_a-stdio.o)
 .ARM.attributes
                0x0000000000000b21       0x34 /usr/lib/gcc/arm-none-eabi/12.1.0/../../../../arm-none-eabi/lib/thumb/v7e-m+fp/hard/libc_nano.a(lib_a-writer.o)
 .ARM.attributes
                0x0000000000000b55       0x34 /usr/lib/gcc/arm-none-eabi/12.1.0/../../../../arm-none-eabi/lib/thumb/v7e-m+fp/hard/libc_nano.a(lib_a-closer.o)
 .ARM.attributes
                0x0000000000000b89       0x34 /usr/lib/gcc/arm-none-eabi/12.1.0/../../../../arm-none-eabi/lib/thumb/v7e-m+fp/hard/libc_nano.a(lib_a-fstatr.o)
 .ARM.attributes
                0x0000000000000bbd       0x34 /usr/lib/gcc/arm-none-eabi/12.1.0/../../../../arm-none-eabi/lib/thumb/v7e-m+fp/hard/libc_nano.a(lib_a-isattyr.o)
 .ARM.attributes
                0x0000000000000bf1       0x34 /usr/lib/gcc/arm-none-eabi/12.1.0/../../../../arm-none-eabi/lib/thumb/v7e-m+fp/hard/libc_nano.a(lib_a-lseekr.o)
 .ARM.attributes
                0x0000000000000c25       0x34 /usr/lib/gcc/arm-none-eabi/12.1.0/../../../../arm-none-eabi/lib/thumb/v7e-m+fp/hard/libc_nano.a(lib_a-readr.o)
 .ARM.attributes
                0x0000000000000c59       0x34 /usr/lib/gcc/arm-none-eabi/12.1.0/../../../../arm-none-eabi/lib/thumb/v7e-m+fp/hard/libnosys.a(close.o)
 .ARM.attributes
                0x0000000000000c8d       0x34 /usr/lib/gcc/arm-none-eabi/12.1.0/../../../../arm-none-eabi/lib/thumb/v7e-m+fp/hard/libnosys.a(fstat.o)
 .ARM.attributes
                0x0000000000000cc1       0x34 /usr/lib/gcc/arm-none-eabi/12.1.0/../../../../arm-none-eabi/lib/thumb/v7e-m+fp/hard/libnosys.a(getpid.o)
 .ARM.attributes
                0x0000000000000cf5       0x34 /usr/lib/gcc/arm-none-eabi/12.1.0/../../../../arm-none-eabi/lib/thumb/v7e-m+fp/hard/libnosys.a(isatty.o)
 .ARM.attributes
                0x0000000000000d29       0x34 /usr/lib/gcc/arm-none-eabi/12.1.0/../../../../arm-none-eabi/lib/thumb/v7e-m+fp/hard/libnosys.a(kill.o)
 .ARM.attributes
                0x0000000000000d5d       0x34 /usr/lib/gcc/arm-none-eabi/12.1.0/../../../../arm-none-eabi/lib/thumb/v7e-m+fp/hard/libnosys.a(lseek.o)
 .ARM.attributes
                0x0000000000000d91       0x34 /usr/lib/gcc/arm-none-eabi/12.1.0/../../../../arm-none-eabi/lib/thumb/v7e-m+fp/hard/libnosys.a(read.o)
 .ARM.attributes
                0x0000000000000dc5       0x34 /usr/lib/gcc/arm-none-eabi/12.1.0/../../../../arm-none-eabi/lib/thumb/v7e-m+fp/hard/libnosys.a(sbrk.o)
 .ARM.attributes
                0x0000000000000df9       0x34 /usr/lib/gcc/arm-none-eabi/12.1.0/../../../../arm-none-eabi/lib/thumb/v7e-m+fp/hard/libnosys.a(write.o)
 .ARM.attributes
                0x0000000000000e2d       0x34 /usr/lib/gcc/arm-none-eabi/12.1.0/../../../../arm-none-eabi/lib/thumb/v7e-m+fp/hard/libnosys.a(_exit.o)
 .ARM.attributes
                0x0000000000000e61       0x22 /usr/lib/gcc/arm-none-eabi/12.1.0/thumb/v7e-m+fp/hard/libgcc.a(_arm_addsubdf3.o)
 .ARM.attributes
                0x0000000000000e83       0x22 /usr/lib/gcc/arm-none-eabi/12.1.0/thumb/v7e-m+fp/hard/libgcc.a(_arm_truncdfsf2.o)
 .ARM.attributes
                0x0000000000000ea5       0x22 /usr/lib/gcc/arm-none-eabi/12.1.0/thumb/v7e-m+fp/hard/libgcc.a(_aeabi_uldivmod.o)
 .ARM.attributes
                0x0000000000000ec7       0x34 /usr/lib/gcc/arm-none-eabi/12.1.0/thumb/v7e-m+fp/hard/libgcc.a(_udivmoddi4.o)
 .ARM.attributes
                0x0000000000000efb       0x22 /usr/lib/gcc/arm-none-eabi/12.1.0/thumb/v7e-m+fp/hard/libgcc.a(_dvmd_tls.o)
 .ARM.attributes
                0x0000000000000f1d       0x22 /usr/lib/gcc/arm-none-eabi/12.1.0/thumb/v7e-m+fp/hard/crtn.o
OUTPUT(build/ble_sensor.elf elf32-littlearm)
LOAD linker stubs
LOAD /usr/lib/gcc/arm-none-eabi/12.1.0/../../../../arm-none-eabi/lib/thumb/v7e-m+fp/hard/libc.a
LOAD /usr/lib/gcc/arm-none-eabi/12.1.0/../../../../arm-none-eabi/lib/thumb/v7e-m+fp/hard/libm.a
LOAD /usr/lib/gcc/arm-none-eabi/12.1.0/thumb/v7e-m+fp/hard/libgcc.a

.debug_info     0x0000000000000000    0x30d2c
 .debug_info    0x0000000000000000      0xc8d build/main.o
 .debug_info    0x0000000000000c8d      0xc3c build/app_bluenrg_ms.o
 .debug_info    0x00000000000018c9      0x841 build/gatt_db.o
 .debug_info    0x000000000000210a      0x75d build/sensor.o
 .debug_info    0x0000000000002867     0x102b build/hci_tl_interface.o
 .debug_info    0x0000000000003892      0x3a3 build/stm32l4xx_hal_msp.o
 .debug_info    0x0000000000003c35     0x1bf1 build/stm32l4xx_nucleo.o
 .debug_info    0x0000000000005826      0x237 build/stm32l4xx_it.o
 .debug_info    0x0000000000005a5d     0x10e8 build/stm32l4xx_nucleo_bus.o
 .debug_info    0x0000000000006b45      0x6b5 build/system_stm32l4xx.o
 .debug_info    0x00000000000071fa     0x10fe build/b_l4s5i_iot01a_bus.o
 .debug_info    0x00000000000082f8     0x246e build/stm32l4xx_hal_spi.o
 .debug_info    0x000000000000a766      0xef5 build/stm32l4xx_hal.o
 .debug_info    0x000000000000b65b     0x124c build/stm32l4xx_hal_rcc.o
 .debug_info    0x000000000000c8a7      0x95f build/stm32l4xx_hal_gpio.o
 .debug_info    0x000000000000d206      0xc48 build/stm32l4xx_hal_pwr_ex.o
 .debug_info    0x000000000000de4e     0x1178 build/stm32l4xx_hal_cortex.o
 .debug_info    0x000000000000efc6      0x7fc build/stm32l4xx_hal_exti.o
 .debug_info    0x000000000000f7c2     0x6507 build/stm32l4xx_hal_uart.o
 .debug_info    0x0000000000015cc9      0x901 build/ble_list.o
 .debug_info    0x00000000000165ca     0x2e30 build/bluenrg_gap_aci.o
 .debug_info    0x00000000000193fa     0x3156 build/bluenrg_gatt_aci.o
 .debug_info    0x000000000001c550      0x91b build/bluenrg_hal_aci.o
 .debug_info    0x000000000001ce6b      0x1b3 build/bluenrg_utils_small.o
 .debug_info    0x000000000001d01e      0xd5a build/hci_tl.o
 .debug_info    0x000000000001dd78     0x1ce8 build/hci_le.o
 .debug_info    0x000000000001fa60       0x30 build/startup_stm32l4s5xx.o
 .debug_info    0x000000000001fa90      0x806 /usr/lib/gcc/arm-none-eabi/12.1.0/../../../../arm-none-eabi/lib/thumb/v7e-m+fp/hard/libc_nano.a(lib_a-impure.o)
 .debug_info    0x0000000000020296      0x10b /usr/lib/gcc/arm-none-eabi/12.1.0/../../../../arm-none-eabi/lib/thumb/v7e-m+fp/hard/libc_nano.a(lib_a-init.o)
 .debug_info    0x00000000000203a1      0x121 /usr/lib/gcc/arm-none-eabi/12.1.0/../../../../arm-none-eabi/lib/thumb/v7e-m+fp/hard/libc_nano.a(lib_a-memcpy-stub.o)
 .debug_info    0x00000000000204c2       0xe0 /usr/lib/gcc/arm-none-eabi/12.1.0/../../../../arm-none-eabi/lib/thumb/v7e-m+fp/hard/libc_nano.a(lib_a-memset.o)
 .debug_info    0x00000000000205a2      0x8c3 /usr/lib/gcc/arm-none-eabi/12.1.0/../../../../arm-none-eabi/lib/thumb/v7e-m+fp/hard/libc_nano.a(lib_a-rand.o)
 .debug_info    0x0000000000020e65      0x87e /usr/lib/gcc/arm-none-eabi/12.1.0/../../../../arm-none-eabi/lib/thumb/v7e-m+fp/hard/libc_nano.a(lib_a-assert.o)
 .debug_info    0x00000000000216e3      0x8b5 /usr/lib/gcc/arm-none-eabi/12.1.0/../../../../arm-none-eabi/lib/thumb/v7e-m+fp/hard/libc_nano.a(lib_a-fprintf.o)
 .debug_info    0x0000000000021f98      0x21a /usr/lib/gcc/arm-none-eabi/12.1.0/../../../../arm-none-eabi/lib/thumb/v7e-m+fp/hard/libc_nano.a(lib_a-lock.o)
 .debug_info    0x00000000000221b2      0x7f4 /usr/lib/gcc/arm-none-eabi/12.1.0/../../../../arm-none-eabi/lib/thumb/v7e-m+fp/hard/libc_nano.a(lib_a-malloc.o)
 .debug_info    0x00000000000229a6      0x8a6 /usr/lib/gcc/arm-none-eabi/12.1.0/../../../../arm-none-eabi/lib/thumb/v7e-m+fp/hard/libc_nano.a(lib_a-nano-freer.o)
 .debug_info    0x000000000002324c      0xa1c /usr/lib/gcc/arm-none-eabi/12.1.0/../../../../arm-none-eabi/lib/thumb/v7e-m+fp/hard/libc_nano.a(lib_a-nano-mallocr.o)
 .debug_info    0x0000000000023c68     0x1176 /usr/lib/gcc/arm-none-eabi/12.1.0/../../../../arm-none-eabi/lib/thumb/v7e-m+fp/hard/libc_nano.a(lib_a-nano-vfprintf.o)
 .debug_info    0x0000000000024dde      0x7dc /usr/lib/gcc/arm-none-eabi/12.1.0/../../../../arm-none-eabi/lib/thumb/v7e-m+fp/hard/libc_nano.a(lib_a-sbrkr.o)
 .debug_info    0x00000000000255ba      0x95d /usr/lib/gcc/arm-none-eabi/12.1.0/../../../../arm-none-eabi/lib/thumb/v7e-m+fp/hard/libc_nano.a(lib_a-wbuf.o)
 .debug_info    0x0000000000025f17      0x8b9 /usr/lib/gcc/arm-none-eabi/12.1.0/../../../../arm-none-eabi/lib/thumb/v7e-m+fp/hard/libc_nano.a(lib_a-wsetup.o)
 .debug_info    0x00000000000267d0       0xd8 /usr/lib/gcc/arm-none-eabi/12.1.0/../../../../arm-none-eabi/lib/thumb/v7e-m+fp/hard/libc_nano.a(lib_a-abort.o)
 .debug_info    0x00000000000268a8      0xa9e /usr/lib/gcc/arm-none-eabi/12.1.0/../../../../arm-none-eabi/lib/thumb/v7e-m+fp/hard/libc_nano.a(lib_a-fflush.o)
 .debug_info    0x0000000000027346      0xff1 /usr/lib/gcc/arm-none-eabi/12.1.0/../../../../arm-none-eabi/lib/thumb/v7e-m+fp/hard/libc_nano.a(lib_a-findfp.o)
 .debug_info    0x0000000000028337      0x899 /usr/lib/gcc/arm-none-eabi/12.1.0/../../../../arm-none-eabi/lib/thumb/v7e-m+fp/hard/libc_nano.a(lib_a-fwalk.o)
 .debug_info    0x0000000000028bd0      0xb8b /usr/lib/gcc/arm-none-eabi/12.1.0/../../../../arm-none-eabi/lib/thumb/v7e-m+fp/hard/libc_nano.a(lib_a-makebuf.o)
 .debug_info    0x000000000002975b       0x25 /usr/lib/gcc/arm-none-eabi/12.1.0/../../../../arm-none-eabi/lib/thumb/v7e-m+fp/hard/libc_nano.a(lib_a-memchr.o)
 .debug_info    0x0000000000029780      0x7cb /usr/lib/gcc/arm-none-eabi/12.1.0/../../../../arm-none-eabi/lib/thumb/v7e-m+fp/hard/libc_nano.a(lib_a-mlock.o)
 .debug_info    0x0000000000029f4b      0xe42 /usr/lib/gcc/arm-none-eabi/12.1.0/../../../../arm-none-eabi/lib/thumb/v7e-m+fp/hard/libc_nano.a(lib_a-nano-vfprintf_i.o)
 .debug_info    0x000000000002ad8d      0x936 /usr/lib/gcc/arm-none-eabi/12.1.0/../../../../arm-none-eabi/lib/thumb/v7e-m+fp/hard/libc_nano.a(lib_a-reent.o)
 .debug_info    0x000000000002b6c3      0xa8f /usr/lib/gcc/arm-none-eabi/12.1.0/../../../../arm-none-eabi/lib/thumb/v7e-m+fp/hard/libc_nano.a(lib_a-signal.o)
 .debug_info    0x000000000002c152      0x83e /usr/lib/gcc/arm-none-eabi/12.1.0/../../../../arm-none-eabi/lib/thumb/v7e-m+fp/hard/libc_nano.a(lib_a-signalr.o)
 .debug_info    0x000000000002c990      0xab4 /usr/lib/gcc/arm-none-eabi/12.1.0/../../../../arm-none-eabi/lib/thumb/v7e-m+fp/hard/libc_nano.a(lib_a-stdio.o)
 .debug_info    0x000000000002d444      0x813 /usr/lib/gcc/arm-none-eabi/12.1.0/../../../../arm-none-eabi/lib/thumb/v7e-m+fp/hard/libc_nano.a(lib_a-writer.o)
 .debug_info    0x000000000002dc57      0x7b7 /usr/lib/gcc/arm-none-eabi/12.1.0/../../../../arm-none-eabi/lib/thumb/v7e-m+fp/hard/libc_nano.a(lib_a-closer.o)
 .debug_info    0x000000000002e40e      0x9d5 /usr/lib/gcc/arm-none-eabi/12.1.0/../../../../arm-none-eabi/lib/thumb/v7e-m+fp/hard/libc_nano.a(lib_a-fstatr.o)
 .debug_info    0x000000000002ede3      0x7b7 /usr/lib/gcc/arm-none-eabi/12.1.0/../../../../arm-none-eabi/lib/thumb/v7e-m+fp/hard/libc_nano.a(lib_a-isattyr.o)
 .debug_info    0x000000000002f59a      0x7f6 /usr/lib/gcc/arm-none-eabi/12.1.0/../../../../arm-none-eabi/lib/thumb/v7e-m+fp/hard/libc_nano.a(lib_a-lseekr.o)
 .debug_info    0x000000000002fd90      0x80d /usr/lib/gcc/arm-none-eabi/12.1.0/../../../../arm-none-eabi/lib/thumb/v7e-m+fp/hard/libc_nano.a(lib_a-readr.o)
 .debug_info    0x000000000003059d       0x25 /usr/lib/gcc/arm-none-eabi/12.1.0/thumb/v7e-m+fp/hard/libgcc.a(_arm_addsubdf3.o)
 .debug_info    0x00000000000305c2       0x25 /usr/lib/gcc/arm-none-eabi/12.1.0/thumb/v7e-m+fp/hard/libgcc.a(_arm_truncdfsf2.o)
 .debug_info    0x00000000000305e7       0x24 /usr/lib/gcc/arm-none-eabi/12.1.0/thumb/v7e-m+fp/hard/libgcc.a(_aeabi_uldivmod.o)
 .debug_info    0x000000000003060b      0x6fd /usr/lib/gcc/arm-none-eabi/12.1.0/thumb/v7e-m+fp/hard/libgcc.a(_udivmoddi4.o)
 .debug_info    0x0000000000030d08       0x24 /usr/lib/gcc/arm-none-eabi/12.1.0/thumb/v7e-m+fp/hard/libgcc.a(_dvmd_tls.o)

.debug_abbrev   0x0000000000000000     0x79a6
 .debug_abbrev  0x0000000000000000      0x242 build/main.o
 .debug_abbrev  0x0000000000000242      0x296 build/app_bluenrg_ms.o
 .debug_abbrev  0x00000000000004d8      0x288 build/gatt_db.o
 .debug_abbrev  0x0000000000000760      0x25e build/sensor.o
 .debug_abbrev  0x00000000000009be      0x2e9 build/hci_tl_interface.o
 .debug_abbrev  0x0000000000000ca7       0xc1 build/stm32l4xx_hal_msp.o
 .debug_abbrev  0x0000000000000d68      0x384 build/stm32l4xx_nucleo.o
 .debug_abbrev  0x00000000000010ec      0x11c build/stm32l4xx_it.o
 .debug_abbrev  0x0000000000001208      0x273 build/stm32l4xx_nucleo_bus.o
 .debug_abbrev  0x000000000000147b      0x11b build/system_stm32l4xx.o
 .debug_abbrev  0x0000000000001596      0x293 build/b_l4s5i_iot01a_bus.o
 .debug_abbrev  0x0000000000001829      0x2ac build/stm32l4xx_hal_spi.o
 .debug_abbrev  0x0000000000001ad5      0x293 build/stm32l4xx_hal.o
 .debug_abbrev  0x0000000000001d68      0x309 build/stm32l4xx_hal_rcc.o
 .debug_abbrev  0x0000000000002071      0x222 build/stm32l4xx_hal_gpio.o
 .debug_abbrev  0x0000000000002293      0x233 build/stm32l4xx_hal_pwr_ex.o
 .debug_abbrev  0x00000000000024c6      0x3d3 build/stm32l4xx_hal_cortex.o
 .debug_abbrev  0x0000000000002899      0x1d1 build/stm32l4xx_hal_exti.o
 .debug_abbrev  0x0000000000002a6a      0x35c build/stm32l4xx_hal_uart.o
 .debug_abbrev  0x0000000000002dc6      0x1ba build/ble_list.o
 .debug_abbrev  0x0000000000002f80      0x1f1 build/bluenrg_gap_aci.o
 .debug_abbrev  0x0000000000003171      0x1f1 build/bluenrg_gatt_aci.o
 .debug_abbrev  0x0000000000003362      0x18b build/bluenrg_hal_aci.o
 .debug_abbrev  0x00000000000034ed       0xce build/bluenrg_utils_small.o
 .debug_abbrev  0x00000000000035bb      0x36e build/hci_tl.o
 .debug_abbrev  0x0000000000003929      0x1ee build/hci_le.o
 .debug_abbrev  0x0000000000003b17       0x1d build/startup_stm32l4s5xx.o
 .debug_abbrev  0x0000000000003b34      0x15a /usr/lib/gcc/arm-none-eabi/12.1.0/../../../../arm-none-eabi/lib/thumb/v7e-m+fp/hard/libc_nano.a(lib_a-impure.o)
 .debug_abbrev  0x0000000000003c8e       0xc9 /usr/lib/gcc/arm-none-eabi/12.1.0/../../../../arm-none-eabi/lib/thumb/v7e-m+fp/hard/libc_nano.a(lib_a-init.o)
 .debug_abbrev  0x0000000000003d57       0xc1 /usr/lib/gcc/arm-none-eabi/12.1.0/../../../../arm-none-eabi/lib/thumb/v7e-m+fp/hard/libc_nano.a(lib_a-memcpy-stub.o)
 .debug_abbrev  0x0000000000003e18       0x9e /usr/lib/gcc/arm-none-eabi/12.1.0/../../../../arm-none-eabi/lib/thumb/v7e-m+fp/hard/libc_nano.a(lib_a-memset.o)
 .debug_abbrev  0x0000000000003eb6      0x220 /usr/lib/gcc/arm-none-eabi/12.1.0/../../../../arm-none-eabi/lib/thumb/v7e-m+fp/hard/libc_nano.a(lib_a-rand.o)
 .debug_abbrev  0x00000000000040d6      0x1ea /usr/lib/gcc/arm-none-eabi/12.1.0/../../../../arm-none-eabi/lib/thumb/v7e-m+fp/hard/libc_nano.a(lib_a-assert.o)
 .debug_abbrev  0x00000000000042c0      0x21d /usr/lib/gcc/arm-none-eabi/12.1.0/../../../../arm-none-eabi/lib/thumb/v7e-m+fp/hard/libc_nano.a(lib_a-fprintf.o)
 .debug_abbrev  0x00000000000044dd      0x115 /usr/lib/gcc/arm-none-eabi/12.1.0/../../../../arm-none-eabi/lib/thumb/v7e-m+fp/hard/libc_nano.a(lib_a-lock.o)
 .debug_abbrev  0x00000000000045f2      0x1cf /usr/lib/gcc/arm-none-eabi/12.1.0/../../../../arm-none-eabi/lib/thumb/v7e-m+fp/hard/libc_nano.a(lib_a-malloc.o)
 .debug_abbrev  0x00000000000047c1      0x23b /usr/lib/gcc/arm-none-eabi/12.1.0/../../../../arm-none-eabi/lib/thumb/v7e-m+fp/hard/libc_nano.a(lib_a-nano-freer.o)
 .debug_abbrev  0x00000000000049fc      0x24a /usr/lib/gcc/arm-none-eabi/12.1.0/../../../../arm-none-eabi/lib/thumb/v7e-m+fp/hard/libc_nano.a(lib_a-nano-mallocr.o)
 .debug_abbrev  0x0000000000004c46      0x317 /usr/lib/gcc/arm-none-eabi/12.1.0/../../../../arm-none-eabi/lib/thumb/v7e-m+fp/hard/libc_nano.a(lib_a-nano-vfprintf.o)
 .debug_abbrev  0x0000000000004f5d      0x1da /usr/lib/gcc/arm-none-eabi/12.1.0/../../../../arm-none-eabi/lib/thumb/v7e-m+fp/hard/libc_nano.a(lib_a-sbrkr.o)
 .debug_abbrev  0x0000000000005137      0x22e /usr/lib/gcc/arm-none-eabi/12.1.0/../../../../arm-none-eabi/lib/thumb/v7e-m+fp/hard/libc_nano.a(lib_a-wbuf.o)
 .debug_abbrev  0x0000000000005365      0x1d9 /usr/lib/gcc/arm-none-eabi/12.1.0/../../../../arm-none-eabi/lib/thumb/v7e-m+fp/hard/libc_nano.a(lib_a-wsetup.o)
 .debug_abbrev  0x000000000000553e       0x99 /usr/lib/gcc/arm-none-eabi/12.1.0/../../../../arm-none-eabi/lib/thumb/v7e-m+fp/hard/libc_nano.a(lib_a-abort.o)
 .debug_abbrev  0x00000000000055d7      0x2a7 /usr/lib/gcc/arm-none-eabi/12.1.0/../../../../arm-none-eabi/lib/thumb/v7e-m+fp/hard/libc_nano.a(lib_a-fflush.o)
 .debug_abbrev  0x000000000000587e      0x398 /usr/lib/gcc/arm-none-eabi/12.1.0/../../../../arm-none-eabi/lib/thumb/v7e-m+fp/hard/libc_nano.a(lib_a-findfp.o)
 .debug_abbrev  0x0000000000005c16      0x19f /usr/lib/gcc/arm-none-eabi/12.1.0/../../../../arm-none-eabi/lib/thumb/v7e-m+fp/hard/libc_nano.a(lib_a-fwalk.o)
 .debug_abbrev  0x0000000000005db5      0x2a3 /usr/lib/gcc/arm-none-eabi/12.1.0/../../../../arm-none-eabi/lib/thumb/v7e-m+fp/hard/libc_nano.a(lib_a-makebuf.o)
 .debug_abbrev  0x0000000000006058       0x14 /usr/lib/gcc/arm-none-eabi/12.1.0/../../../../arm-none-eabi/lib/thumb/v7e-m+fp/hard/libc_nano.a(lib_a-memchr.o)
 .debug_abbrev  0x000000000000606c      0x1bf /usr/lib/gcc/arm-none-eabi/12.1.0/../../../../arm-none-eabi/lib/thumb/v7e-m+fp/hard/libc_nano.a(lib_a-mlock.o)
 .debug_abbrev  0x000000000000622b      0x28e /usr/lib/gcc/arm-none-eabi/12.1.0/../../../../arm-none-eabi/lib/thumb/v7e-m+fp/hard/libc_nano.a(lib_a-nano-vfprintf_i.o)
 .debug_abbrev  0x00000000000064b9      0x233 /usr/lib/gcc/arm-none-eabi/12.1.0/../../../../arm-none-eabi/lib/thumb/v7e-m+fp/hard/libc_nano.a(lib_a-reent.o)
 .debug_abbrev  0x00000000000066ec      0x296 /usr/lib/gcc/arm-none-eabi/12.1.0/../../../../arm-none-eabi/lib/thumb/v7e-m+fp/hard/libc_nano.a(lib_a-signal.o)
 .debug_abbrev  0x0000000000006982      0x1fd /usr/lib/gcc/arm-none-eabi/12.1.0/../../../../arm-none-eabi/lib/thumb/v7e-m+fp/hard/libc_nano.a(lib_a-signalr.o)
 .debug_abbrev  0x0000000000006b7f      0x221 /usr/lib/gcc/arm-none-eabi/12.1.0/../../../../arm-none-eabi/lib/thumb/v7e-m+fp/hard/libc_nano.a(lib_a-stdio.o)
 .debug_abbrev  0x0000000000006da0      0x1b5 /usr/lib/gcc/arm-none-eabi/12.1.0/../../../../arm-none-eabi/lib/thumb/v7e-m+fp/hard/libc_nano.a(lib_a-writer.o)
 .debug_abbrev  0x0000000000006f55      0x1b0 /usr/lib/gcc/arm-none-eabi/12.1.0/../../../../arm-none-eabi/lib/thumb/v7e-m+fp/hard/libc_nano.a(lib_a-closer.o)
 .debug_abbrev  0x0000000000007105      0x1c3 /usr/lib/gcc/arm-none-eabi/12.1.0/../../../../arm-none-eabi/lib/thumb/v7e-m+fp/hard/libc_nano.a(lib_a-fstatr.o)
 .debug_abbrev  0x00000000000072c8      0x1b0 /usr/lib/gcc/arm-none-eabi/12.1.0/../../../../arm-none-eabi/lib/thumb/v7e-m+fp/hard/libc_nano.a(lib_a-isattyr.o)
 .debug_abbrev  0x0000000000007478      0x1c4 /usr/lib/gcc/arm-none-eabi/12.1.0/../../../../arm-none-eabi/lib/thumb/v7e-m+fp/hard/libc_nano.a(lib_a-lseekr.o)
 .debug_abbrev  0x000000000000763c      0x1b0 /usr/lib/gcc/arm-none-eabi/12.1.0/../../../../arm-none-eabi/lib/thumb/v7e-m+fp/hard/libc_nano.a(lib_a-readr.o)
 .debug_abbrev  0x00000000000077ec       0x14 /usr/lib/gcc/arm-none-eabi/12.1.0/thumb/v7e-m+fp/hard/libgcc.a(_arm_addsubdf3.o)
 .debug_abbrev  0x0000000000007800       0x14 /usr/lib/gcc/arm-none-eabi/12.1.0/thumb/v7e-m+fp/hard/libgcc.a(_arm_truncdfsf2.o)
 .debug_abbrev  0x0000000000007814       0x14 /usr/lib/gcc/arm-none-eabi/12.1.0/thumb/v7e-m+fp/hard/libgcc.a(_aeabi_uldivmod.o)
 .debug_abbrev  0x0000000000007828      0x16a /usr/lib/gcc/arm-none-eabi/12.1.0/thumb/v7e-m+fp/hard/libgcc.a(_udivmoddi4.o)
 .debug_abbrev  0x0000000000007992       0x14 /usr/lib/gcc/arm-none-eabi/12.1.0/thumb/v7e-m+fp/hard/libgcc.a(_dvmd_tls.o)

.debug_loc      0x0000000000000000    0x16765
 .debug_loc     0x0000000000000000       0x9e build/main.o
 .debug_loc     0x000000000000009e      0x21e build/app_bluenrg_ms.o
 .debug_loc     0x00000000000002bc      0x393 build/gatt_db.o
 .debug_loc     0x000000000000064f      0x2ef build/sensor.o
 .debug_loc     0x000000000000093e      0x33a build/hci_tl_interface.o
 .debug_loc     0x0000000000000c78       0x2c build/stm32l4xx_hal_msp.o
 .debug_loc     0x0000000000000ca4      0x6bc build/stm32l4xx_nucleo.o
 .debug_loc     0x0000000000001360       0x40 build/stm32l4xx_it.o
 .debug_loc     0x00000000000013a0      0x411 build/stm32l4xx_nucleo_bus.o
 .debug_loc     0x00000000000017b1      0x127 build/system_stm32l4xx.o
 .debug_loc     0x00000000000018d8      0x431 build/b_l4s5i_iot01a_bus.o
 .debug_loc     0x0000000000001d09     0x279d build/stm32l4xx_hal_spi.o
 .debug_loc     0x00000000000044a6      0x2af build/stm32l4xx_hal.o
 .debug_loc     0x0000000000004755      0xb7e build/stm32l4xx_hal_rcc.o
 .debug_loc     0x00000000000052d3      0x46f build/stm32l4xx_hal_gpio.o
 .debug_loc     0x0000000000005742      0xa17 build/stm32l4xx_hal_pwr_ex.o
 .debug_loc     0x0000000000006159      0x7c7 build/stm32l4xx_hal_cortex.o
 .debug_loc     0x0000000000006920      0xb5c build/stm32l4xx_hal_exti.o
 .debug_loc     0x000000000000747c     0x622f build/stm32l4xx_hal_uart.o
 .debug_loc     0x000000000000d6ab      0x40a build/ble_list.o
 .debug_loc     0x000000000000dab5     0x306a build/bluenrg_gap_aci.o
 .debug_loc     0x0000000000010b1f     0x3bbd build/bluenrg_gatt_aci.o
 .debug_loc     0x00000000000146dc      0x611 build/bluenrg_hal_aci.o
 .debug_loc     0x0000000000014ced       0x91 build/bluenrg_utils_small.o
 .debug_loc     0x0000000000014d7e      0x6df build/hci_tl.o
 .debug_loc     0x000000000001545d     0x1308 build/hci_le.o

.debug_aranges  0x0000000000000000     0x1818
 .debug_aranges
                0x0000000000000000       0x38 build/main.o
 .debug_aranges
                0x0000000000000038       0x58 build/app_bluenrg_ms.o
 .debug_aranges
                0x0000000000000090       0x48 build/gatt_db.o
 .debug_aranges
                0x00000000000000d8       0x38 build/sensor.o
 .debug_aranges
                0x0000000000000110       0x58 build/hci_tl_interface.o
 .debug_aranges
                0x0000000000000168       0x20 build/stm32l4xx_hal_msp.o
 .debug_aranges
                0x0000000000000188       0xc8 build/stm32l4xx_nucleo.o
 .debug_aranges
                0x0000000000000250       0x70 build/stm32l4xx_it.o
 .debug_aranges
                0x00000000000002c0       0x58 build/stm32l4xx_nucleo_bus.o
 .debug_aranges
                0x0000000000000318       0x28 build/system_stm32l4xx.o
 .debug_aranges
                0x0000000000000340       0x60 build/b_l4s5i_iot01a_bus.o
 .debug_aranges
                0x00000000000003a0      0x1d8 build/stm32l4xx_hal_spi.o
 .debug_aranges
                0x0000000000000578      0x130 build/stm32l4xx_hal.o
 .debug_aranges
                0x00000000000006a8       0x98 build/stm32l4xx_hal_rcc.o
 .debug_aranges
                0x0000000000000740       0x58 build/stm32l4xx_hal_gpio.o
 .debug_aranges
                0x0000000000000798      0x170 build/stm32l4xx_hal_pwr_ex.o
 .debug_aranges
                0x0000000000000908       0xe0 build/stm32l4xx_hal_cortex.o
 .debug_aranges
                0x00000000000009e8       0x60 build/stm32l4xx_hal_exti.o
 .debug_aranges
                0x0000000000000a48      0x248 build/stm32l4xx_hal_uart.o
 .debug_aranges
                0x0000000000000c90       0x78 build/ble_list.o
 .debug_aranges
                0x0000000000000d08      0x168 build/bluenrg_gap_aci.o
 .debug_aranges
                0x0000000000000e70      0x178 build/bluenrg_gatt_aci.o
 .debug_aranges
                0x0000000000000fe8       0x68 build/bluenrg_hal_aci.o
 .debug_aranges
                0x0000000000001050       0x20 build/bluenrg_utils_small.o
 .debug_aranges
                0x0000000000001070       0x60 build/hci_tl.o
 .debug_aranges
                0x00000000000010d0      0x110 build/hci_le.o
 .debug_aranges
                0x00000000000011e0       0x28 build/startup_stm32l4s5xx.o
 .debug_aranges
                0x0000000000001208       0x18 /usr/lib/gcc/arm-none-eabi/12.1.0/../../../../arm-none-eabi/lib/thumb/v7e-m+fp/hard/libc_nano.a(lib_a-impure.o)
 .debug_aranges
                0x0000000000001220       0x20 /usr/lib/gcc/arm-none-eabi/12.1.0/../../../../arm-none-eabi/lib/thumb/v7e-m+fp/hard/libc_nano.a(lib_a-init.o)
 .debug_aranges
                0x0000000000001240       0x20 /usr/lib/gcc/arm-none-eabi/12.1.0/../../../../arm-none-eabi/lib/thumb/v7e-m+fp/hard/libc_nano.a(lib_a-memcpy-stub.o)
 .debug_aranges
                0x0000000000001260       0x20 /usr/lib/gcc/arm-none-eabi/12.1.0/../../../../arm-none-eabi/lib/thumb/v7e-m+fp/hard/libc_nano.a(lib_a-memset.o)
 .debug_aranges