Archive member included to satisfy reference by file (symbol)

/usr/lib/gcc/arm-none-eabi/12.1.0/../../../../arm-none-eabi/lib/thumb/v7e-m+fp/hard/libc_nano.a(lib_a-atexit.o)
                              /usr/lib/gcc/arm-none-eabi/12.1.0/../../../../arm-none-eabi/lib/thumb/v7e-m+fp/hard/crt0.o (atexit)
/usr/lib/gcc/arm-none-eabi/12.1.0/../../../../arm-none-eabi/lib/thumb/v7e-m+fp/hard/libc_nano.a(lib_a-exit.o)
                              /usr/lib/gcc/arm-none-eabi/12.1.0/../../../../arm-none-eabi/lib/thumb/v7e-m+fp/hard/crt0.o (exit)
/usr/lib/gcc/arm-none-eabi/12.1.0/../../../../arm-none-eabi/lib/thumb/v7e-m+fp/hard/libc_nano.a(lib_a-fini.o)
                              /usr/lib/gcc/arm-none-eabi/12.1.0/../../../../arm-none-eabi/lib/thumb/v7e-m+fp/hard/crt0.o (__libc_fini_array)
/usr/lib/gcc/arm-none-eabi/12.1.0/../../../../arm-none-eabi/lib/thumb/v7e-m+fp/hard/libc_nano.a(lib_a-impure.o)
                              /usr/lib/gcc/arm-none-eabi/12.1.0/../../../../arm-none-eabi/lib/thumb/v7e-m+fp/hard/libc_nano.a(lib_a-exit.o) (_global_impure_ptr)
/usr/lib/gcc/arm-none-eabi/12.1.0/../../../../arm-none-eabi/lib/thumb/v7e-m+fp/hard/libc_nano.a(lib_a-init.o)
                              /usr/lib/gcc/arm-none-eabi/12.1.0/../../../../arm-none-eabi/lib/thumb/v7e-m+fp/hard/crt0.o (__libc_init_array)
/usr/lib/gcc/arm-none-eabi/12.1.0/../../../../arm-none-eabi/lib/thumb/v7e-m+fp/hard/libc_nano.a(lib_a-memcpy-stub.o)
                              build/bluenrg_gap_aci.o (memcpy)
/usr/lib/gcc/arm-none-eabi/12.1.0/../../../../arm-none-eabi/lib/thumb/v7e-m+fp/hard/libc_nano.a(lib_a-memset.o)
                              /usr/lib/gcc/arm-none-eabi/12.1.0/../../../../arm-none-eabi/lib/thumb/v7e-m+fp/hard/crt0.o (memset)
/usr/lib/gcc/arm-none-eabi/12.1.0/../../../../arm-none-eabi/lib/thumb/v7e-m+fp/hard/libc_nano.a(lib_a-__atexit.o)
                              /usr/lib/gcc/arm-none-eabi/12.1.0/../../../../arm-none-eabi/lib/thumb/v7e-m+fp/hard/libc_nano.a(lib_a-atexit.o) (__register_exitproc)
/usr/lib/gcc/arm-none-eabi/12.1.0/../../../../arm-none-eabi/lib/thumb/v7e-m+fp/hard/libc_nano.a(lib_a-__call_atexit.o)
                              /usr/lib/gcc/arm-none-eabi/12.1.0/../../../../arm-none-eabi/lib/thumb/v7e-m+fp/hard/libc_nano.a(lib_a-__atexit.o) (__call_exitprocs)
/usr/lib/gcc/arm-none-eabi/12.1.0/../../../../arm-none-eabi/lib/thumb/v7e-m+fp/hard/libc_nano.a(lib_a-lock.o)
                              /usr/lib/gcc/arm-none-eabi/12.1.0/../../../../arm-none-eabi/lib/thumb/v7e-m+fp/hard/libc_nano.a(lib_a-__atexit.o) (__retarget_lock_acquire_recursive)
/usr/lib/gcc/arm-none-eabi/12.1.0/../../../../arm-none-eabi/lib/thumb/v7e-m+fp/hard/libnosys.a(_exit.o)
                              /usr/lib/gcc/arm-none-eabi/12.1.0/../../../../arm-none-eabi/lib/thumb/v7e-m+fp/hard/libc_nano.a(lib_a-exit.o) (_exit)
/usr/lib/gcc/arm-none-eabi/12.1.0/thumb/v7e-m+fp/hard/libgcc.a(_aeabi_uldivmod.o)
                              build/stm32l4xx_hal_uart.o (__aeabi_uldivmod)
/usr/lib/gcc/arm-none-eabi/12.1.0/thumb/v7e-m+fp/hard/libgcc.a(_udivmoddi4.o)
                              /usr/lib/gcc/arm-none-eabi/12.1.0/thumb/v7e-m+fp/hard/libgcc.a(_aeabi_uldivmod.o) (__udivmoddi4)
/usr/lib/gcc/arm-none-eabi/12.1.0/thumb/v7e-m+fp/hard/libgcc.a(_dvmd_tls.o)
                              /usr/lib/gcc/arm-none-eabi/12.1.0/thumb/v7e-m+fp/hard/libgcc.a(_aeabi_uldivmod.o) (__aeabi_ldiv0)

Discarded input sections

 .text          0x0000000000000000        0x0 /usr/lib/gcc/arm-none-eabi/12.1.0/thumb/v7e-m+fp/hard/crti.o
 .data          0x0000000000000000        0x0 /usr/lib/gcc/arm-none-eabi/12.1.0/thumb/v7e-m+fp/hard/crti.o
 .bss           0x0000000000000000        0x0 /usr/lib/gcc/arm-none-eabi/12.1.0/thumb/v7e-m+fp/hard/crti.o
 .text          0x0000000000000000        0x0 /usr/lib/gcc/arm-none-eabi/12.1.0/thumb/v7e-m+fp/hard/crtbegin.o
 .data          0x0000000000000000        0x0 /usr/lib/gcc/arm-none-eabi/12.1.0/thumb/v7e-m+fp/hard/crtbegin.o
 .bss           0x0000000000000000        0x0 /usr/lib/gcc/arm-none-eabi/12.1.0/thumb/v7e-m+fp/hard/crtbegin.o
 .rodata.all_implied_fbits
                0x0000000000000000       0x24 /usr/lib/gcc/arm-none-eabi/12.1.0/thumb/v7e-m+fp/hard/crtbegin.o
 .data.__dso_handle
                0x0000000000000000        0x4 /usr/lib/gcc/arm-none-eabi/12.1.0/thumb/v7e-m+fp/hard/crtbegin.o
 .text          0x0000000000000000       0x70 /usr/lib/gcc/arm-none-eabi/12.1.0/../../../../arm-none-eabi/lib/thumb/v7e-m+fp/hard/crt0.o
 .data          0x0000000000000000        0x0 /usr/lib/gcc/arm-none-eabi/12.1.0/../../../../arm-none-eabi/lib/thumb/v7e-m+fp/hard/crt0.o
 .bss           0x0000000000000000        0x0 /usr/lib/gcc/arm-none-eabi/12.1.0/../../../../arm-none-eabi/lib/thumb/v7e-m+fp/hard/crt0.o
 .ARM.extab     0x0000000000000000        0x0 /usr/lib/gcc/arm-none-eabi/12.1.0/../../../../arm-none-eabi/lib/thumb/v7e-m+fp/hard/crt0.o
[...]
Memory Configuration

Name             Origin             Length             Attributes
RAM              0x0000000020000000 0x00000000000a0000 xrw
RAM2             0x0000000010000000 0x0000000000010000 xrw
RAM3             0x0000000020040000 0x0000000000060000 xrw
FLASH            0x0000000008000000 0x0000000000200000 xr
*default*        0x0000000000000000 0xffffffffffffffff

Linker script and memory map

LOAD /usr/lib/gcc/arm-none-eabi/12.1.0/thumb/v7e-m+fp/hard/crti.o
LOAD /usr/lib/gcc/arm-none-eabi/12.1.0/thumb/v7e-m+fp/hard/crtbegin.o
LOAD /usr/lib/gcc/arm-none-eabi/12.1.0/../../../../arm-none-eabi/lib/thumb/v7e-m+fp/hard/crt0.o
LOAD build/main.o
LOAD build/stm32l4xx_it.o
LOAD build/stm32l4xx_hal_msp.o
LOAD build/hci_tl_interface.o
LOAD build/b_l4s5i_iot01a_bus.o
LOAD build/stm32l4xx_hal_spi.o
LOAD build/stm32l4xx_hal_spi_ex.o
LOAD build/stm32l4xx_hal.o
LOAD build/stm32l4xx_hal_i2c.o
LOAD build/stm32l4xx_hal_i2c_ex.o
LOAD build/stm32l4xx_hal_rcc.o
LOAD build/stm32l4xx_hal_rcc_ex.o
LOAD build/stm32l4xx_hal_flash.o
LOAD build/stm32l4xx_hal_flash_ex.o
LOAD build/stm32l4xx_hal_flash_ramfunc.o
LOAD build/stm32l4xx_hal_gpio.o
LOAD build/stm32l4xx_hal_dma.o
LOAD build/stm32l4xx_hal_dma_ex.o
LOAD build/stm32l4xx_hal_pwr.o
LOAD build/stm32l4xx_hal_pwr_ex.o
LOAD build/stm32l4xx_hal_cortex.o
LOAD build/stm32l4xx_hal_exti.o
LOAD build/stm32l4xx_hal_adc.o
LOAD build/stm32l4xx_hal_adc_ex.o
LOAD build/stm32l4xx_hal_dfsdm.o
LOAD build/stm32l4xx_hal_dfsdm_ex.o
LOAD build/stm32l4xx_hal_ospi.o
LOAD build/stm32l4xx_hal_tim.o
LOAD build/stm32l4xx_hal_tim_ex.o
LOAD build/stm32l4xx_hal_uart.o
LOAD build/stm32l4xx_hal_uart_ex.o
LOAD build/system_stm32l4xx.o
LOAD build/ble_list.o
LOAD build/bluenrg_gap_aci.o
LOAD build/bluenrg_gatt_aci.o
LOAD build/bluenrg_hal_aci.o
LOAD build/bluenrg_l2cap_aci.o
LOAD build/bluenrg_updater_aci.o
LOAD build/bluenrg_utils_small.o
LOAD build/hci_tl.o
LOAD build/hci_le.o
LOAD build/startup_stm32l4s5xx.o
LOAD /usr/lib/gcc/arm-none-eabi/12.1.0/../../../../arm-none-eabi/lib/thumb/v7e-m+fp/hard/libc_nano.a
LOAD /usr/lib/gcc/arm-none-eabi/12.1.0/../../../../arm-none-eabi/lib/thumb/v7e-m+fp/hard/libm.a
LOAD /usr/lib/gcc/arm-none-eabi/12.1.0/../../../../arm-none-eabi/lib/thumb/v7e-m+fp/hard/libnosys.a
START GROUP
LOAD /usr/lib/gcc/arm-none-eabi/12.1.0/thumb/v7e-m+fp/hard/libgcc.a
LOAD /usr/lib/gcc/arm-none-eabi/12.1.0/../../../../arm-none-eabi/lib/thumb/v7e-m+fp/hard/libc_nano.a
END GROUP
START GROUP
LOAD /usr/lib/gcc/arm-none-eabi/12.1.0/thumb/v7e-m+fp/hard/libgcc.a
LOAD /usr/lib/gcc/arm-none-eabi/12.1.0/../../../../arm-none-eabi/lib/thumb/v7e-m+fp/hard/libc_nano.a
END GROUP
LOAD /usr/lib/gcc/arm-none-eabi/12.1.0/thumb/v7e-m+fp/hard/crtend.o
LOAD /usr/lib/gcc/arm-none-eabi/12.1.0/thumb/v7e-m+fp/hard/crtn.o
                0x00000000200a0000                _estack = (ORIGIN (RAM) + LENGTH (RAM))
                0x0000000000000200                _Min_Heap_Size = 0x200
                0x0000000000000400                _Min_Stack_Size = 0x400

.isr_vector     0x0000000008000000      0x1c0
                0x0000000008000000                . = ALIGN (0x8)
 *(.isr_vector)
 .isr_vector    0x0000000008000000      0x1bc build/startup_stm32l4s5xx.o
                0x0000000008000000                g_pfnVectors
                0x00000000080001c0                . = ALIGN (0x8)
 *fill*         0x00000000080001bc        0x4 

.text           0x00000000080001c0     0x3df0
                0x00000000080001c0                . = ALIGN (0x8)
 *(.text)
 .text          0x00000000080001c0       0x30 /usr/lib/gcc/arm-none-eabi/12.1.0/thumb/v7e-m+fp/hard/libgcc.a(_aeabi_uldivmod.o)
                0x00000000080001c0                __aeabi_uldivmod
 .text          0x00000000080001f0        0x4 /usr/lib/gcc/arm-none-eabi/12.1.0/thumb/v7e-m+fp/hard/libgcc.a(_dvmd_tls.o)
                0x00000000080001f0                __aeabi_ldiv0
                0x00000000080001f0                __aeabi_idiv0
 *(.text*)
 .text.__do_global_dtors_aux
                0x00000000080001f4       0x24 /usr/lib/gcc/arm-none-eabi/12.1.0/thumb/v7e-m+fp/hard/crtbegin.o
 .text.frame_dummy
                0x0000000008000218       0x1c /usr/lib/gcc/arm-none-eabi/12.1.0/thumb/v7e-m+fp/hard/crtbegin.o
 .text.MX_GPIO_Init
                0x0000000008000234      0x21c build/main.o
 .text.Error_Handler
                0x0000000008000450        0x4 build/main.o
                0x0000000008000450                Error_Handler
 .text.MX_ADC1_Init
                0x0000000008000454       0x80 build/main.o
 .text.MX_DFSDM1_Init
                0x00000000080004d4       0x3c build/main.o
 .text.MX_I2C1_Init
                0x0000000008000510       0x58 build/main.o
 .text.MX_I2C2_Init
                0x0000000008000568       0x58 build/main.o
 .text.MX_OCTOSPI1_Init
                0x00000000080005c0       0x70 build/main.o
 .text.MX_SPI1_Init
                0x0000000008000630       0x48 build/main.o
 .text.MX_UART4_Init
                0x0000000008000678       0x60 build/main.o
 .text.MX_USART2_UART_Init
                0x00000000080006d8       0x64 build/main.o
 .text.MX_USART3_UART_Init
                0x000000000800073c       0x60 build/main.o
 .text.MX_USART1_UART_Init
                0x000000000800079c       0x60 build/main.o
 .text.SystemClock_Config
                0x00000000080007fc       0x94 build/main.o
                0x00000000080007fc                SystemClock_Config
 .text.PeriphCommonClock_Config
                0x0000000008000890       0x4a build/main.o
                0x0000000008000890                PeriphCommonClock_Config
 .text.main     0x00000000080008da       0x3c build/main.o
                0x00000000080008da                main
 .text.NMI_Handler
                0x0000000008000916        0x2 build/stm32l4xx_it.o
                0x0000000008000916                NMI_Handler
 .text.HardFault_Handler
                0x0000000008000918        0x2 build/stm32l4xx_it.o
                0x0000000008000918                HardFault_Handler
 .text.MemManage_Handler
                0x000000000800091a        0x2 build/stm32l4xx_it.o
                0x000000000800091a                MemManage_Handler
 .text.BusFault_Handler
                0x000000000800091c        0x2 build/stm32l4xx_it.o
                0x000000000800091c                BusFault_Handler
 .text.UsageFault_Handler
                0x000000000800091e        0x2 build/stm32l4xx_it.o
                0x000000000800091e                UsageFault_Handler
 .text.SVC_Handler
                0x0000000008000920        0x2 build/stm32l4xx_it.o
                0x0000000008000920                SVC_Handler
 .text.DebugMon_Handler
                0x0000000008000922        0x2 build/stm32l4xx_it.o
                0x0000000008000922                DebugMon_Handler
 .text.PendSV_Handler
                0x0000000008000924        0x2 build/stm32l4xx_it.o
                0x0000000008000924                PendSV_Handler
 .text.SysTick_Handler
                0x0000000008000926        0x8 build/stm32l4xx_it.o
                0x0000000008000926                SysTick_Handler
 .text.EXTI3_IRQHandler
                0x000000000800092e        0xa build/stm32l4xx_it.o
                0x000000000800092e                EXTI3_IRQHandler
 .text.EXTI9_5_IRQHandler
                0x0000000008000938       0x1e build/stm32l4xx_it.o
                0x0000000008000938                EXTI9_5_IRQHandler
 *fill*         0x0000000008000956        0x2 
 .text.EXTI15_10_IRQHandler
                0x0000000008000958       0x38 build/stm32l4xx_it.o
                0x0000000008000958                EXTI15_10_IRQHandler
 .text.HAL_MspInit
                0x0000000008000990       0x30 build/stm32l4xx_hal_msp.o
                0x0000000008000990                HAL_MspInit
 .text.HAL_ADC_MspInit
                0x00000000080009c0       0x64 build/stm32l4xx_hal_msp.o
                0x00000000080009c0                HAL_ADC_MspInit
 .text.HAL_DFSDM_ChannelMspInit
                0x0000000008000a24       0x90 build/stm32l4xx_hal_msp.o
                0x0000000008000a24                HAL_DFSDM_ChannelMspInit
 .text.HAL_I2C_MspInit
                0x0000000008000ab4       0xec build/stm32l4xx_hal_msp.o
                0x0000000008000ab4                HAL_I2C_MspInit
 .text.HAL_OSPI_MspInit
                0x0000000008000ba0       0xa0 build/stm32l4xx_hal_msp.o
                0x0000000008000ba0                HAL_OSPI_MspInit
 .text.HAL_SPI_MspInit
                0x0000000008000c40       0x68 build/stm32l4xx_hal_msp.o
                0x0000000008000c40                HAL_SPI_MspInit
 .text.HAL_UART_MspInit
                0x0000000008000ca8      0x1b0 build/stm32l4xx_hal_msp.o
                0x0000000008000ca8                HAL_UART_MspInit
 .text.HAL_SPI_Init
                0x0000000008000e58       0xde build/stm32l4xx_hal_spi.o
                0x0000000008000e58                HAL_SPI_Init
 *fill*         0x0000000008000f36        0x2 
 .text.HAL_InitTick
                0x0000000008000f38       0x50 build/stm32l4xx_hal.o
                0x0000000008000f38                HAL_InitTick
 .text.HAL_Init
                0x0000000008000f88       0x1e build/stm32l4xx_hal.o
                0x0000000008000f88                HAL_Init
 *fill*         0x0000000008000fa6        0x2 
 .text.HAL_IncTick
                0x0000000008000fa8       0x18 build/stm32l4xx_hal.o
                0x0000000008000fa8                HAL_IncTick
 .text.HAL_GetTick
                0x0000000008000fc0        0xc build/stm32l4xx_hal.o
                0x0000000008000fc0                HAL_GetTick
 .text.HAL_I2C_Init
                0x0000000008000fcc       0xbc build/stm32l4xx_hal_i2c.o
                0x0000000008000fcc                HAL_I2C_Init
 .text.HAL_I2CEx_ConfigAnalogFilter
                0x0000000008001088       0x5c build/stm32l4xx_hal_i2c_ex.o
                0x0000000008001088                HAL_I2CEx_ConfigAnalogFilter
 .text.HAL_I2CEx_ConfigDigitalFilter
                0x00000000080010e4       0x58 build/stm32l4xx_hal_i2c_ex.o
                0x00000000080010e4                HAL_I2CEx_ConfigDigitalFilter
 .text.RCC_GetSysClockFreqFromPLLSource
                0x000000000800113c       0x7c build/stm32l4xx_hal_rcc.o
 .text.RCC_SetFlashLatencyFromMSIRange
                0x00000000080011b8       0x8c build/stm32l4xx_hal_rcc.o
 .text.HAL_RCC_GetSysClockFreq
                0x0000000008001244       0xb4 build/stm32l4xx_hal_rcc.o
                0x0000000008001244                HAL_RCC_GetSysClockFreq
 .text.HAL_RCC_OscConfig
                0x00000000080012f8      0x67c build/stm32l4xx_hal_rcc.o
                0x00000000080012f8                HAL_RCC_OscConfig
 .text.HAL_RCC_ClockConfig
                0x0000000008001974      0x204 build/stm32l4xx_hal_rcc.o
                0x0000000008001974                HAL_RCC_ClockConfig
 .text.HAL_RCC_GetHCLKFreq
                0x0000000008001b78        0xc build/stm32l4xx_hal_rcc.o
                0x0000000008001b78                HAL_RCC_GetHCLKFreq
 .text.HAL_RCC_GetPCLK1Freq
                0x0000000008001b84       0x24 build/stm32l4xx_hal_rcc.o
                0x0000000008001b84                HAL_RCC_GetPCLK1Freq
 .text.HAL_RCC_GetPCLK2Freq
                0x0000000008001ba8       0x24 build/stm32l4xx_hal_rcc.o
                0x0000000008001ba8                HAL_RCC_GetPCLK2Freq
 .text.RCCEx_PLLSAI2_Config
                0x0000000008001bcc      0x168 build/stm32l4xx_hal_rcc_ex.o
 .text.RCCEx_PLLSAI1_Config
                0x0000000008001d34      0x168 build/stm32l4xx_hal_rcc_ex.o
 .text.HAL_RCCEx_PeriphCLKConfig
                0x0000000008001e9c      0x4dc build/stm32l4xx_hal_rcc_ex.o
                0x0000000008001e9c                HAL_RCCEx_PeriphCLKConfig
 .text.HAL_RCCEx_EnableMSIPLLMode
                0x0000000008002378       0x10 build/stm32l4xx_hal_rcc_ex.o
                0x0000000008002378                HAL_RCCEx_EnableMSIPLLMode
 .text.HAL_GPIO_Init
                0x0000000008002388      0x1f0 build/stm32l4xx_hal_gpio.o
                0x0000000008002388                HAL_GPIO_Init
 .text.HAL_GPIO_WritePin
                0x0000000008002578        0xa build/stm32l4xx_hal_gpio.o
                0x0000000008002578                HAL_GPIO_WritePin
 .text.HAL_GPIO_EXTI_Callback
                0x0000000008002582        0x2 build/stm32l4xx_hal_gpio.o
                0x0000000008002582                HAL_GPIO_EXTI_Callback
 .text.HAL_GPIO_EXTI_IRQHandler
                0x0000000008002584       0x1c build/stm32l4xx_hal_gpio.o
                0x0000000008002584                HAL_GPIO_EXTI_IRQHandler
 .text.HAL_PWR_EnableBkUpAccess
                0x00000000080025a0       0x10 build/stm32l4xx_hal_pwr.o
                0x00000000080025a0                HAL_PWR_EnableBkUpAccess
 .text.HAL_PWREx_GetVoltageRange
                0x00000000080025b0       0x24 build/stm32l4xx_hal_pwr_ex.o
                0x00000000080025b0                HAL_PWREx_GetVoltageRange
 .text.HAL_PWREx_ControlVoltageScaling
                0x00000000080025d4      0x10c build/stm32l4xx_hal_pwr_ex.o
                0x00000000080025d4                HAL_PWREx_ControlVoltageScaling
 .text.__NVIC_EnableIRQ
                0x00000000080026e0       0x1c build/stm32l4xx_hal_cortex.o
 .text.__NVIC_SetPriority
                0x00000000080026fc       0x28 build/stm32l4xx_hal_cortex.o
 .text.NVIC_EncodePriority
                0x0000000008002724       0x3e build/stm32l4xx_hal_cortex.o
 *fill*         0x0000000008002762        0x2 
 .text.HAL_NVIC_SetPriorityGrouping
                0x0000000008002764       0x24 build/stm32l4xx_hal_cortex.o
                0x0000000008002764                HAL_NVIC_SetPriorityGrouping
 .text.HAL_NVIC_SetPriority
                0x0000000008002788       0x20 build/stm32l4xx_hal_cortex.o
                0x0000000008002788                HAL_NVIC_SetPriority
 .text.HAL_NVIC_EnableIRQ
                0x00000000080027a8        0x8 build/stm32l4xx_hal_cortex.o
                0x00000000080027a8                HAL_NVIC_EnableIRQ
 .text.HAL_SYSTICK_Config
                0x00000000080027b0       0x28 build/stm32l4xx_hal_cortex.o
                0x00000000080027b0                HAL_SYSTICK_Config
 .text.HAL_EXTI_IRQHandler
                0x00000000080027d8       0x28 build/stm32l4xx_hal_exti.o
                0x00000000080027d8                HAL_EXTI_IRQHandler
 .text.LL_ADC_REG_SetSequencerRanks
                0x0000000008002800       0x30 build/stm32l4xx_hal_adc.o
 .text.LL_ADC_SetChannelSamplingTime
                0x0000000008002830       0x2c build/stm32l4xx_hal_adc.o
 .text.HAL_ADC_Init
                0x000000000800285c      0x1e0 build/stm32l4xx_hal_adc.o
                0x000000000800285c                HAL_ADC_Init
 .text.HAL_ADC_ConfigChannel
                0x0000000008002a3c      0x450 build/stm32l4xx_hal_adc.o
                0x0000000008002a3c                HAL_ADC_ConfigChannel
 .text.DFSDM_GetChannelFromInstance
                0x0000000008002e8c       0x50 build/stm32l4xx_hal_dfsdm.o
 .text.HAL_DFSDM_ChannelInit
                0x0000000008002edc      0x108 build/stm32l4xx_hal_dfsdm.o
                0x0000000008002edc                HAL_DFSDM_ChannelInit
 .text.OSPIM_GetConfig
                0x0000000008002fe4       0xd8 build/stm32l4xx_hal_ospi.o
 .text.OSPI_WaitFlagStateUntilTimeout
                0x00000000080030bc       0x54 build/stm32l4xx_hal_ospi.o
 .text.HAL_OSPI_SetTimeout
                0x0000000008003110        0x6 build/stm32l4xx_hal_ospi.o
                0x0000000008003110                HAL_OSPI_SetTimeout
 *fill*         0x0000000008003116        0x2 
 .text.HAL_OSPI_Init
                0x0000000008003118       0xf0 build/stm32l4xx_hal_ospi.o
                0x0000000008003118                HAL_OSPI_Init
 .text.HAL_OSPIM_Config
                0x0000000008003208      0x30c build/stm32l4xx_hal_ospi.o
                0x0000000008003208                HAL_OSPIM_Config
 .text.UART_SetConfig
                0x0000000008003514      0x388 build/stm32l4xx_hal_uart.o
                0x0000000008003514                UART_SetConfig
 .text.UART_AdvFeatureConfig
                0x000000000800389c       0xca build/stm32l4xx_hal_uart.o
                0x000000000800389c                UART_AdvFeatureConfig
 .text.UART_WaitOnFlagUntilTimeout
                0x0000000008003966       0xd8 build/stm32l4xx_hal_uart.o
                0x0000000008003966                UART_WaitOnFlagUntilTimeout
 .text.UART_CheckIdleState
                0x0000000008003a3e       0x74 build/stm32l4xx_hal_uart.o
                0x0000000008003a3e                UART_CheckIdleState
 .text.HAL_UART_Init
                0x0000000008003ab2       0x66 build/stm32l4xx_hal_uart.o
                0x0000000008003ab2                HAL_UART_Init
 .text.UARTEx_SetNbDataToProcess
                0x0000000008003b18       0x4c build/stm32l4xx_hal_uart_ex.o
 .text.HAL_UARTEx_DisableFifoMode
                0x0000000008003b64       0x3e build/stm32l4xx_hal_uart_ex.o
                0x0000000008003b64                HAL_UARTEx_DisableFifoMode
 .text.HAL_UARTEx_SetTxFifoThreshold
                0x0000000008003ba2       0x4a build/stm32l4xx_hal_uart_ex.o
                0x0000000008003ba2                HAL_UARTEx_SetTxFifoThreshold
 .text.HAL_UARTEx_SetRxFifoThreshold
                0x0000000008003bec       0x4a build/stm32l4xx_hal_uart_ex.o
                0x0000000008003bec                HAL_UARTEx_SetRxFifoThreshold
 *fill*         0x0000000008003c36        0x2 
 .text.SystemInit
                0x0000000008003c38       0x14 build/system_stm32l4xx.o
                0x0000000008003c38                SystemInit
 .text.Reset_Handler
                0x0000000008003c4c       0x50 build/startup_stm32l4s5xx.o
                0x0000000008003c4c                Reset_Handler
 .text.Default_Handler
                0x0000000008003c9c        0x2 build/startup_stm32l4s5xx.o
                0x0000000008003c9c                RTC_Alarm_IRQHandler
                0x0000000008003c9c                EXTI2_IRQHandler
                0x0000000008003c9c                TIM8_TRG_COM_IRQHandler
                0x0000000008003c9c                TIM8_CC_IRQHandler
                0x0000000008003c9c                TIM1_CC_IRQHandler
                0x0000000008003c9c                TSC_IRQHandler
                0x0000000008003c9c                TAMP_STAMP_IRQHandler
                0x0000000008003c9c                LPTIM2_IRQHandler
                0x0000000008003c9c                DFSDM1_FLT1_IRQHandler
                0x0000000008003c9c                GFXMMU_IRQHandler
                0x0000000008003c9c                I2C3_ER_IRQHandler
                0x0000000008003c9c                DFSDM1_FLT2_IRQHandler
                0x0000000008003c9c                EXTI0_IRQHandler
                0x0000000008003c9c                I2C2_EV_IRQHandler
                0x0000000008003c9c                CAN1_RX0_IRQHandler
                0x0000000008003c9c                FPU_IRQHandler
                0x0000000008003c9c                TIM1_UP_TIM16_IRQHandler
                0x0000000008003c9c                LTDC_ER_IRQHandler
                0x0000000008003c9c                SPI1_IRQHandler
                0x0000000008003c9c                OCTOSPI1_IRQHandler
                0x0000000008003c9c                TIM6_DAC_IRQHandler
                0x0000000008003c9c                DCMI_IRQHandler
                0x0000000008003c9c                TIM8_UP_IRQHandler
                0x0000000008003c9c                OCTOSPI2_IRQHandler
                0x0000000008003c9c                DMA2_Channel2_IRQHandler
                0x0000000008003c9c                DMA1_Channel4_IRQHandler
                0x0000000008003c9c                SAI2_IRQHandler
                0x0000000008003c9c                ADC1_IRQHandler
                0x0000000008003c9c                DFSDM1_FLT3_IRQHandler
                0x0000000008003c9c                USART3_IRQHandler
                0x0000000008003c9c                DMA1_Channel7_IRQHandler
                0x0000000008003c9c                CAN1_RX1_IRQHandler
                0x0000000008003c9c                UART5_IRQHandler
                0x0000000008003c9c                TIM4_IRQHandler
                0x0000000008003c9c                DMA2_Channel1_IRQHandler
                0x0000000008003c9c                I2C1_EV_IRQHandler
                0x0000000008003c9c                DMAMUX1_OVR_IRQHandler
                0x0000000008003c9c                DMA1_Channel6_IRQHandler
                0x0000000008003c9c                UART4_IRQHandler
                0x0000000008003c9c                DMA2_Channel4_IRQHandler
                0x0000000008003c9c                TIM3_IRQHandler
                0x0000000008003c9c                RCC_IRQHandler
                0x0000000008003c9c                DMA1_Channel1_IRQHandler
                0x0000000008003c9c                Default_Handler
                0x0000000008003c9c                DMA2_Channel7_IRQHandler
                0x0000000008003c9c                TIM7_IRQHandler
                0x0000000008003c9c                SDMMC1_IRQHandler
                0x0000000008003c9c                TIM5_IRQHandler
                0x0000000008003c9c                I2C3_EV_IRQHandler
                0x0000000008003c9c                RTC_WKUP_IRQHandler
                0x0000000008003c9c                LTDC_IRQHandler
                0x0000000008003c9c                PVD_PVM_IRQHandler
                0x0000000008003c9c                SPI2_IRQHandler
                0x0000000008003c9c                CAN1_TX_IRQHandler
                0x0000000008003c9c                DMA2_Channel5_IRQHandler
                0x0000000008003c9c                DMA1_Channel5_IRQHandler
                0x0000000008003c9c                EXTI4_IRQHandler
                0x0000000008003c9c                RNG_IRQHandler
                0x0000000008003c9c                TIM1_TRG_COM_TIM17_IRQHandler
                0x0000000008003c9c                DMA1_Channel3_IRQHandler
                0x0000000008003c9c                COMP_IRQHandler
                0x0000000008003c9c                HASH_CRS_IRQHandler
                0x0000000008003c9c                WWDG_IRQHandler
                0x0000000008003c9c                I2C4_EV_IRQHandler
                0x0000000008003c9c                LPUART1_IRQHandler
                0x0000000008003c9c                DMA2_Channel6_IRQHandler
                0x0000000008003c9c                TIM2_IRQHandler
                0x0000000008003c9c                DMA2D_IRQHandler
                0x0000000008003c9c                EXTI1_IRQHandler
                0x0000000008003c9c                AES_IRQHandler
                0x0000000008003c9c                USART2_IRQHandler
                0x0000000008003c9c                DFSDM1_FLT0_IRQHandler
                0x0000000008003c9c                I2C2_ER_IRQHandler
                0x0000000008003c9c                DMA1_Channel2_IRQHandler
                0x0000000008003c9c                TIM8_BRK_IRQHandler
                0x0000000008003c9c                CAN1_SCE_IRQHandler
                0x0000000008003c9c                FLASH_IRQHandler
                0x0000000008003c9c                USART1_IRQHandler
                0x0000000008003c9c                OTG_FS_IRQHandler
                0x0000000008003c9c                SPI3_IRQHandler
                0x0000000008003c9c                I2C1_ER_IRQHandler
                0x0000000008003c9c                FMC_IRQHandler
                0x0000000008003c9c                LPTIM1_IRQHandler
                0x0000000008003c9c                I2C4_ER_IRQHandler
                0x0000000008003c9c                SAI1_IRQHandler
                0x0000000008003c9c                DMA2_Channel3_IRQHandler
                0x0000000008003c9c                TIM1_BRK_TIM15_IRQHandler
 *fill*         0x0000000008003c9e        0x2 
 .text.__libc_init_array
                0x0000000008003ca0       0x48 /usr/lib/gcc/arm-none-eabi/12.1.0/../../../../arm-none-eabi/lib/thumb/v7e-m+fp/hard/libc_nano.a(lib_a-init.o)
                0x0000000008003ca0                __libc_init_array
 .text.memset   0x0000000008003ce8       0x10 /usr/lib/gcc/arm-none-eabi/12.1.0/../../../../arm-none-eabi/lib/thumb/v7e-m+fp/hard/libc_nano.a(lib_a-memset.o)
                0x0000000008003ce8                memset
 .text.__udivmoddi4
                0x0000000008003cf8      0x2a0 /usr/lib/gcc/arm-none-eabi/12.1.0/thumb/v7e-m+fp/hard/libgcc.a(_udivmoddi4.o)
                0x0000000008003cf8                __udivmoddi4
 *(.glue_7)
 .glue_7        0x0000000008003f98        0x0 linker stubs
 *(.glue_7t)
 .glue_7t       0x0000000008003f98        0x0 linker stubs
 *(.eh_frame)
 .eh_frame      0x0000000008003f98        0x0 /usr/lib/gcc/arm-none-eabi/12.1.0/thumb/v7e-m+fp/hard/crtbegin.o
 *(.init)
 .init          0x0000000008003f98        0x4 /usr/lib/gcc/arm-none-eabi/12.1.0/thumb/v7e-m+fp/hard/crti.o
                0x0000000008003f98                _init
 .init          0x0000000008003f9c        0x8 /usr/lib/gcc/arm-none-eabi/12.1.0/thumb/v7e-m+fp/hard/crtn.o
 *(.fini)
 .fini          0x0000000008003fa4        0x4 /usr/lib/gcc/arm-none-eabi/12.1.0/thumb/v7e-m+fp/hard/crti.o
                0x0000000008003fa4                _fini
 .fini          0x0000000008003fa8        0x8 /usr/lib/gcc/arm-none-eabi/12.1.0/thumb/v7e-m+fp/hard/crtn.o
                0x0000000008003fb0                . = ALIGN (0x8)
                0x0000000008003fb0                _etext = .

.vfp11_veneer   0x0000000008003fb0        0x0
 .vfp11_veneer  0x0000000008003fb0        0x0 linker stubs

.v4_bx          0x0000000008003fb0        0x0
 .v4_bx         0x0000000008003fb0        0x0 linker stubs

.iplt           0x0000000008003fb0        0x0
 .iplt          0x0000000008003fb0        0x0 /usr/lib/gcc/arm-none-eabi/12.1.0/thumb/v7e-m+fp/hard/crtbegin.o

.rodata         0x0000000008003fb0       0x70
                0x0000000008003fb0                . = ALIGN (0x8)
 *(.rodata)
 *(.rodata*)
 .rodata.UARTPrescTable
                0x0000000008003fb0       0x18 build/stm32l4xx_hal_uart.o
                0x0000000008003fb0                UARTPrescTable
 .rodata.denominator.0
                0x0000000008003fc8        0x8 build/stm32l4xx_hal_uart_ex.o
 .rodata.numerator.1
                0x0000000008003fd0        0x8 build/stm32l4xx_hal_uart_ex.o
 .rodata.MSIRangeTable
                0x0000000008003fd8       0x30 build/system_stm32l4xx.o
                0x0000000008003fd8                MSIRangeTable
 .rodata.APBPrescTable
                0x0000000008004008        0x8 build/system_stm32l4xx.o
                0x0000000008004008                APBPrescTable
 .rodata.AHBPrescTable
                0x0000000008004010       0x10 build/system_stm32l4xx.o
                0x0000000008004010                AHBPrescTable
                0x0000000008004020                . = ALIGN (0x8)

.ARM.extab      0x0000000008004020        0x0
                0x0000000008004020                . = ALIGN (0x8)
 *(.ARM.extab* .gnu.linkonce.armextab.*)
                0x0000000008004020                . = ALIGN (0x8)

.ARM            0x0000000008004020        0x8
                0x0000000008004020                . = ALIGN (0x8)
                0x0000000008004020                __exidx_start = .
 *(.ARM.exidx*)
 .ARM.exidx.text.__udivmoddi4
                0x0000000008004020        0x8 /usr/lib/gcc/arm-none-eabi/12.1.0/thumb/v7e-m+fp/hard/libgcc.a(_udivmoddi4.o)
                0x0000000008004028                __exidx_end = .
                0x0000000008004028                . = ALIGN (0x8)

.rel.dyn        0x0000000008004028        0x0
 .rel.iplt      0x0000000008004028        0x0 /usr/lib/gcc/arm-none-eabi/12.1.0/thumb/v7e-m+fp/hard/crtbegin.o

.preinit_array  0x0000000008004028        0x0
                0x0000000008004028                . = ALIGN (0x8)
                0x0000000008004028                PROVIDE (__preinit_array_start = .)
 *(.preinit_array*)
                0x0000000008004028                PROVIDE (__preinit_array_end = .)
                0x0000000008004028                . = ALIGN (0x8)

.init_array     0x0000000008004028        0x8
                0x0000000008004028                . = ALIGN (0x8)
                0x0000000008004028                PROVIDE (__init_array_start = .)
 *(SORT_BY_NAME(.init_array.*))
 *(.init_array*)
 .init_array    0x0000000008004028        0x4 /usr/lib/gcc/arm-none-eabi/12.1.0/thumb/v7e-m+fp/hard/crtbegin.o
                0x000000000800402c                PROVIDE (__init_array_end = .)
                0x0000000008004030                . = ALIGN (0x8)
 *fill*         0x000000000800402c        0x4 

.fini_array     0x0000000008004030        0x8
                0x0000000008004030                . = ALIGN (0x8)
                0x0000000008004030                PROVIDE (__fini_array_start = .)
 *(SORT_BY_NAME(.fini_array.*))
 *(.fini_array*)
 .fini_array    0x0000000008004030        0x4 /usr/lib/gcc/arm-none-eabi/12.1.0/thumb/v7e-m+fp/hard/crtbegin.o
                0x0000000008004034                PROVIDE (__fini_array_end = .)
                0x0000000008004038                . = ALIGN (0x8)
 *fill*         0x0000000008004034        0x4 
                0x0000000008004038                _sidata = LOADADDR (.data)

.data           0x0000000020000000       0x10 load address 0x0000000008004038
                0x0000000020000000                . = ALIGN (0x8)
                0x0000000020000000                _sdata = .
 *(.data)
 *(.data*)
 .data.uwTickFreq
                0x0000000020000000        0x1 build/stm32l4xx_hal.o
                0x0000000020000000                uwTickFreq
 *fill*         0x0000000020000001        0x3 
 .data.uwTickPrio
                0x0000000020000004        0x4 build/stm32l4xx_hal.o
                0x0000000020000004                uwTickPrio
 .data.SystemCoreClock
                0x0000000020000008        0x4 build/system_stm32l4xx.o
                0x0000000020000008                SystemCoreClock
                0x0000000020000010                . = ALIGN (0x8)
 *fill*         0x000000002000000c        0x4 
                0x0000000020000010                _edata = .

.igot.plt       0x0000000020000010        0x0 load address 0x0000000008004048
 .igot.plt      0x0000000020000010        0x0 /usr/lib/gcc/arm-none-eabi/12.1.0/thumb/v7e-m+fp/hard/crtbegin.o
                0x0000000020000010                . = ALIGN (0x4)

.bss            0x0000000020000010      0x48c load address 0x0000000008004048
                0x0000000020000010                _sbss = .
                0x0000000020000010                __bss_start__ = _sbss
 *(.bss)
 *(.bss*)
 .bss.completed.1
                0x0000000020000010        0x1 /usr/lib/gcc/arm-none-eabi/12.1.0/thumb/v7e-m+fp/hard/crtbegin.o
 *fill*         0x0000000020000011        0x3 
 .bss.object.0  0x0000000020000014       0x18 /usr/lib/gcc/arm-none-eabi/12.1.0/thumb/v7e-m+fp/hard/crtbegin.o
 .bss.huart3    0x000000002000002c       0x90 build/main.o
                0x000000002000002c                huart3
 .bss.huart2    0x00000000200000bc       0x90 build/main.o
                0x00000000200000bc                huart2
 .bss.huart1    0x000000002000014c       0x90 build/main.o
                0x000000002000014c                huart1
 .bss.huart4    0x00000000200001dc       0x90 build/main.o
                0x00000000200001dc                huart4
 .bss.hspi1     0x000000002000026c       0x64 build/main.o
                0x000000002000026c                hspi1
 .bss.hospi1    0x00000000200002d0       0x50 build/main.o
                0x00000000200002d0                hospi1
 .bss.hi2c2     0x0000000020000320       0x54 build/main.o
                0x0000000020000320                hi2c2
 .bss.hi2c1     0x0000000020000374       0x54 build/main.o
                0x0000000020000374                hi2c1
 .bss.hdfsdm1_channel2
                0x00000000200003c8       0x38 build/main.o
                0x00000000200003c8                hdfsdm1_channel2
 .bss.hadc1     0x0000000020000400       0x68 build/main.o
                0x0000000020000400                hadc1
 .bss.DFSDM1_Init
                0x0000000020000468        0x4 build/stm32l4xx_hal_msp.o
 .bss.hexti13   0x000000002000046c        0x8 build/hci_tl_interface.o
                0x000000002000046c                hexti13
 .bss.uwTick    0x0000000020000474        0x4 build/stm32l4xx_hal.o
                0x0000000020000474                uwTick
 .bss.a_dfsdm1ChannelHandle
                0x0000000020000478       0x20 build/stm32l4xx_hal_dfsdm.o
 .bss.v_dfsdm1ChannelCounter
                0x0000000020000498        0x4 build/stm32l4xx_hal_dfsdm.o
 *(COMMON)
                0x000000002000049c                . = ALIGN (0x4)
                0x000000002000049c                _ebss = .
                0x000000002000049c                __bss_end__ = _ebss

._user_heap_stack
                0x000000002000049c      0x604 load address 0x0000000008004048
                0x00000000200004a0                . = ALIGN (0x8)
 *fill*         0x000000002000049c        0x4 
                [!provide]                        PROVIDE (end = .)
                [!provide]                        PROVIDE (_end = .)
                0x00000000200006a0                . = (. + _Min_Heap_Size)
 *fill*         0x00000000200004a0      0x200 
                0x0000000020000aa0                . = (. + _Min_Stack_Size)
 *fill*         0x00000000200006a0      0x400 
                0x0000000020000aa0                . = ALIGN (0x8)

/DISCARD/
 libc.a(*)
 libm.a(*)
 libgcc.a(*)

.ARM.attributes
                0x0000000000000000       0x30
 *(.ARM.attributes)
 .ARM.attributes
                0x0000000000000000       0x22 /usr/lib/gcc/arm-none-eabi/12.1.0/thumb/v7e-m+fp/hard/crti.o
 .ARM.attributes
                0x0000000000000022       0x34 /usr/lib/gcc/arm-none-eabi/12.1.0/thumb/v7e-m+fp/hard/crtbegin.o
 .ARM.attributes
                0x0000000000000056       0x34 build/main.o
 .ARM.attributes
                0x000000000000008a       0x34 build/stm32l4xx_it.o
 .ARM.attributes
                0x00000000000000be       0x34 build/stm32l4xx_hal_msp.o
 .ARM.attributes
                0x00000000000000f2       0x34 build/hci_tl_interface.o
 .ARM.attributes
                0x0000000000000126       0x34 build/stm32l4xx_hal_spi.o
 .ARM.attributes
                0x000000000000015a       0x34 build/stm32l4xx_hal.o
 .ARM.attributes
                0x000000000000018e       0x34 build/stm32l4xx_hal_i2c.o
 .ARM.attributes
                0x00000000000001c2       0x34 build/stm32l4xx_hal_i2c_ex.o
 .ARM.attributes
                0x00000000000001f6       0x34 build/stm32l4xx_hal_rcc.o
 .ARM.attributes
                0x000000000000022a       0x34 build/stm32l4xx_hal_rcc_ex.o
 .ARM.attributes
                0x000000000000025e       0x34 build/stm32l4xx_hal_gpio.o
 .ARM.attributes
                0x0000000000000292       0x34 build/stm32l4xx_hal_pwr.o
 .ARM.attributes
                0x00000000000002c6       0x34 build/stm32l4xx_hal_pwr_ex.o
 .ARM.attributes
                0x00000000000002fa       0x34 build/stm32l4xx_hal_cortex.o
 .ARM.attributes
                0x000000000000032e       0x34 build/stm32l4xx_hal_exti.o
 .ARM.attributes
                0x0000000000000362       0x34 build/stm32l4xx_hal_adc.o
 .ARM.attributes
                0x0000000000000396       0x34 build/stm32l4xx_hal_dfsdm.o
 .ARM.attributes
                0x00000000000003ca       0x34 build/stm32l4xx_hal_ospi.o
 .ARM.attributes
                0x00000000000003fe       0x34 build/stm32l4xx_hal_uart.o
 .ARM.attributes
                0x0000000000000432       0x34 build/stm32l4xx_hal_uart_ex.o
 .ARM.attributes
                0x0000000000000466       0x34 build/system_stm32l4xx.o
 .ARM.attributes
                0x000000000000049a       0x21 build/startup_stm32l4s5xx.o
 .ARM.attributes
                0x00000000000004bb       0x34 /usr/lib/gcc/arm-none-eabi/12.1.0/../../../../arm-none-eabi/lib/thumb/v7e-m+fp/hard/libc_nano.a(lib_a-init.o)
 .ARM.attributes
                0x00000000000004ef       0x34 /usr/lib/gcc/arm-none-eabi/12.1.0/../../../../arm-none-eabi/lib/thumb/v7e-m+fp/hard/libc_nano.a(lib_a-memset.o)
 .ARM.attributes
                0x0000000000000523       0x22 /usr/lib/gcc/arm-none-eabi/12.1.0/thumb/v7e-m+fp/hard/libgcc.a(_aeabi_uldivmod.o)
 .ARM.attributes
                0x0000000000000545       0x34 /usr/lib/gcc/arm-none-eabi/12.1.0/thumb/v7e-m+fp/hard/libgcc.a(_udivmoddi4.o)
 .ARM.attributes
                0x0000000000000579       0x22 /usr/lib/gcc/arm-none-eabi/12.1.0/thumb/v7e-m+fp/hard/libgcc.a(_dvmd_tls.o)
 .ARM.attributes
                0x000000000000059b       0x22 /usr/lib/gcc/arm-none-eabi/12.1.0/thumb/v7e-m+fp/hard/crtn.o
OUTPUT(build/ble_sensor.elf elf32-littlearm)
LOAD linker stubs
LOAD /usr/lib/gcc/arm-none-eabi/12.1.0/../../../../arm-none-eabi/lib/thumb/v7e-m+fp/hard/libc.a
LOAD /usr/lib/gcc/arm-none-eabi/12.1.0/../../../../arm-none-eabi/lib/thumb/v7e-m+fp/hard/libm.a
LOAD /usr/lib/gcc/arm-none-eabi/12.1.0/thumb/v7e-m+fp/hard/libgcc.a

.debug_info     0x0000000000000000    0x25f23
 .debug_info    0x0000000000000000     0x33e6 build/main.o
 .debug_info    0x00000000000033e6      0x322 build/stm32l4xx_it.o
 .debug_info    0x0000000000003708     0x2b0e build/stm32l4xx_hal_msp.o
 .debug_info    0x0000000000006216      0xffc build/hci_tl_interface.o
 .debug_info    0x0000000000007212     0x246e build/stm32l4xx_hal_spi.o
 .debug_info    0x0000000000009680      0xd7d build/stm32l4xx_hal.o
 .debug_info    0x000000000000a3fd     0x44fd build/stm32l4xx_hal_i2c.o
 .debug_info    0x000000000000e8fa      0xce4 build/stm32l4xx_hal_i2c_ex.o
 .debug_info    0x000000000000f5de     0x124c build/stm32l4xx_hal_rcc.o
 .debug_info    0x000000000001082a     0x181c build/stm32l4xx_hal_rcc_ex.o
 .debug_info    0x0000000000012046      0x95f build/stm32l4xx_hal_gpio.o
 .debug_info    0x00000000000129a5      0xb47 build/stm32l4xx_hal_pwr.o
 .debug_info    0x00000000000134ec      0xc48 build/stm32l4xx_hal_pwr_ex.o
 .debug_info    0x0000000000014134     0x1178 build/stm32l4xx_hal_cortex.o
 .debug_info    0x00000000000152ac      0x7fc build/stm32l4xx_hal_exti.o
 .debug_info    0x0000000000015aa8     0x3449 build/stm32l4xx_hal_adc.o
 .debug_info    0x0000000000018ef1     0x24f4 build/stm32l4xx_hal_dfsdm.o
 .debug_info    0x000000000001b3e5     0x2212 build/stm32l4xx_hal_ospi.o
 .debug_info    0x000000000001d5f7     0x6507 build/stm32l4xx_hal_uart.o
 .debug_info    0x0000000000023afe     0x1410 build/stm32l4xx_hal_uart_ex.o
 .debug_info    0x0000000000024f0e      0x6b5 build/system_stm32l4xx.o
 .debug_info    0x00000000000255c3       0x30 build/startup_stm32l4s5xx.o
 .debug_info    0x00000000000255f3      0x10b /usr/lib/gcc/arm-none-eabi/12.1.0/../../../../arm-none-eabi/lib/thumb/v7e-m+fp/hard/libc_nano.a(lib_a-init.o)
 .debug_info    0x00000000000256fe       0xe0 /usr/lib/gcc/arm-none-eabi/12.1.0/../../../../arm-none-eabi/lib/thumb/v7e-m+fp/hard/libc_nano.a(lib_a-memset.o)
 .debug_info    0x00000000000257de       0x24 /usr/lib/gcc/arm-none-eabi/12.1.0/thumb/v7e-m+fp/hard/libgcc.a(_aeabi_uldivmod.o)
 .debug_info    0x0000000000025802      0x6fd /usr/lib/gcc/arm-none-eabi/12.1.0/thumb/v7e-m+fp/hard/libgcc.a(_udivmoddi4.o)
 .debug_info    0x0000000000025eff       0x24 /usr/lib/gcc/arm-none-eabi/12.1.0/thumb/v7e-m+fp/hard/libgcc.a(_dvmd_tls.o)

.debug_abbrev   0x0000000000000000     0x3826
 .debug_abbrev  0x0000000000000000      0x2e8 build/main.o
 .debug_abbrev  0x00000000000002e8      0x112 build/stm32l4xx_it.o
 .debug_abbrev  0x00000000000003fa      0x249 build/stm32l4xx_hal_msp.o
 .debug_abbrev  0x0000000000000643      0x2d5 build/hci_tl_interface.o
 .debug_abbrev  0x0000000000000918      0x2ac build/stm32l4xx_hal_spi.o
 .debug_abbrev  0x0000000000000bc4      0x284 build/stm32l4xx_hal.o
 .debug_abbrev  0x0000000000000e48      0x2dd build/stm32l4xx_hal_i2c.o
 .debug_abbrev  0x0000000000001125      0x1b5 build/stm32l4xx_hal_i2c_ex.o
 .debug_abbrev  0x00000000000012da      0x309 build/stm32l4xx_hal_rcc.o
 .debug_abbrev  0x00000000000015e3      0x2de build/stm32l4xx_hal_rcc_ex.o
 .debug_abbrev  0x00000000000018c1      0x222 build/stm32l4xx_hal_gpio.o
 .debug_abbrev  0x0000000000001ae3      0x1d6 build/stm32l4xx_hal_pwr.o
 .debug_abbrev  0x0000000000001cb9      0x233 build/stm32l4xx_hal_pwr_ex.o
 .debug_abbrev  0x0000000000001eec      0x3d3 build/stm32l4xx_hal_cortex.o
 .debug_abbrev  0x00000000000022bf      0x1d1 build/stm32l4xx_hal_exti.o
 .debug_abbrev  0x0000000000002490      0x324 build/stm32l4xx_hal_adc.o
 .debug_abbrev  0x00000000000027b4      0x2c6 build/stm32l4xx_hal_dfsdm.o
 .debug_abbrev  0x0000000000002a7a      0x2d7 build/stm32l4xx_hal_ospi.o
 .debug_abbrev  0x0000000000002d51      0x35c build/stm32l4xx_hal_uart.o
 .debug_abbrev  0x00000000000030ad      0x348 build/stm32l4xx_hal_uart_ex.o
 .debug_abbrev  0x00000000000033f5      0x11b build/system_stm32l4xx.o
 .debug_abbrev  0x0000000000003510       0x1d build/startup_stm32l4s5xx.o
 .debug_abbrev  0x000000000000352d       0xc9 /usr/lib/gcc/arm-none-eabi/12.1.0/../../../../arm-none-eabi/lib/thumb/v7e-m+fp/hard/libc_nano.a(lib_a-init.o)
 .debug_abbrev  0x00000000000035f6       0x9e /usr/lib/gcc/arm-none-eabi/12.1.0/../../../../arm-none-eabi/lib/thumb/v7e-m+fp/hard/libc_nano.a(lib_a-memset.o)
 .debug_abbrev  0x0000000000003694       0x14 /usr/lib/gcc/arm-none-eabi/12.1.0/thumb/v7e-m+fp/hard/libgcc.a(_aeabi_uldivmod.o)
 .debug_abbrev  0x00000000000036a8      0x16a /usr/lib/gcc/arm-none-eabi/12.1.0/thumb/v7e-m+fp/hard/libgcc.a(_udivmoddi4.o)
 .debug_abbrev  0x0000000000003812       0x14 /usr/lib/gcc/arm-none-eabi/12.1.0/thumb/v7e-m+fp/hard/libgcc.a(_dvmd_tls.o)

.debug_loc      0x0000000000000000    0x1c05a
 .debug_loc     0x0000000000000000      0x26d build/main.o
 .debug_loc     0x000000000000026d       0x80 build/stm32l4xx_it.o
 .debug_loc     0x00000000000002ed      0x5f2 build/stm32l4xx_hal_msp.o
 .debug_loc     0x00000000000008df      0x33a build/hci_tl_interface.o
 .debug_loc     0x0000000000000c19     0x279d build/stm32l4xx_hal_spi.o
 .debug_loc     0x00000000000033b6      0x2af build/stm32l4xx_hal.o
 .debug_loc     0x0000000000003665     0x577d build/stm32l4xx_hal_i2c.o
 .debug_loc     0x0000000000008de2      0x237 build/stm32l4xx_hal_i2c_ex.o
 .debug_loc     0x0000000000009019      0xb7e build/stm32l4xx_hal_rcc.o
 .debug_loc     0x0000000000009b97     0x22c0 build/stm32l4xx_hal_rcc_ex.o
 .debug_loc     0x000000000000be57      0x46f build/stm32l4xx_hal_gpio.o
 .debug_loc     0x000000000000c2c6      0x1f1 build/stm32l4xx_hal_pwr.o
 .debug_loc     0x000000000000c4b7      0xa17 build/stm32l4xx_hal_pwr_ex.o
 .debug_loc     0x000000000000cece      0x7c7 build/stm32l4xx_hal_cortex.o
 .debug_loc     0x000000000000d695      0xb5c build/stm32l4xx_hal_exti.o
 .debug_loc     0x000000000000e1f1     0x2819 build/stm32l4xx_hal_adc.o
 .debug_loc     0x0000000000010a0a     0x25c0 build/stm32l4xx_hal_dfsdm.o
 .debug_loc     0x0000000000012fca     0x1ef3 build/stm32l4xx_hal_ospi.o
 .debug_loc     0x0000000000014ebd     0x622f build/stm32l4xx_hal_uart.o
 .debug_loc     0x000000000001b0ec      0xe47 build/stm32l4xx_hal_uart_ex.o
 .debug_loc     0x000000000001bf33      0x127 build/system_stm32l4xx.o

.debug_aranges  0x0000000000000000     0x15b8
 .debug_aranges
                0x0000000000000000       0x90 build/main.o
 .debug_aranges
                0x0000000000000090       0x78 build/stm32l4xx_it.o
 .debug_aranges
                0x0000000000000108       0x80 build/stm32l4xx_hal_msp.o
 .debug_aranges
                0x0000000000000188       0x58 build/hci_tl_interface.o
 .debug_aranges
                0x00000000000001e0      0x1d8 build/stm32l4xx_hal_spi.o
 .debug_aranges
                0x00000000000003b8      0x130 build/stm32l4xx_hal.o
 .debug_aranges
                0x00000000000004e8      0x2a0 build/stm32l4xx_hal_i2c.o
 .debug_aranges
                0x0000000000000788       0x48 build/stm32l4xx_hal_i2c_ex.o
 .debug_aranges
                0x00000000000007d0       0x98 build/stm32l4xx_hal_rcc.o
 .debug_aranges
                0x0000000000000868      0x110 build/stm32l4xx_hal_rcc_ex.o
 .debug_aranges
                0x0000000000000978       0x58 build/stm32l4xx_hal_gpio.o
 .debug_aranges
                0x00000000000009d0       0x98 build/stm32l4xx_hal_pwr.o
 .debug_aranges
                0x0000000000000a68      0x170 build/stm32l4xx_hal_pwr_ex.o
 .debug_aranges
                0x0000000000000bd8       0xe0 build/stm32l4xx_hal_cortex.o
 .debug_aranges
                0x0000000000000cb8       0x60 build/stm32l4xx_hal_exti.o
 .debug_aranges
                0x0000000000000d18      0x110 build/stm32l4xx_hal_adc.o
 .debug_aranges
                0x0000000000000e28      0x248 build/stm32l4xx_hal_dfsdm.o
 .debug_aranges
                0x0000000000001070      0x170 build/stm32l4xx_hal_ospi.o
 .debug_aranges
                0x00000000000011e0      0x248 build/stm32l4xx_hal_uart.o
 .debug_aranges
                0x0000000000001428       0xa0 build/stm32l4xx_hal_uart_ex.o
 .debug_aranges
                0x00000000000014c8       0x28 build/system_stm32l4xx.o
 .debug_aranges
                0x00000000000014f0       0x28 build/startup_stm32l4s5xx.o
 .debug_aranges
                0x0000000000001518       0x20 /usr/lib/gcc/arm-none-eabi/12.1.0/../../../../arm-none-eabi/lib/thumb/v7e-m+fp/hard/libc_nano.a(lib_a-init.o)
 .debug_aranges
                0x0000000000001538       0x20 /usr/lib/gcc/arm-none-eabi/12.1.0/../../../../arm-none-eabi/lib/thumb/v7e-m+fp/hard/libc_nano.a(lib_a-memset.o)
 .debug_aranges
                0x0000000000001558       0x20 /usr/lib/gcc/arm-none-eabi/12.1.0/thumb/v7e-m+fp/hard/libgcc.a(_aeabi_uldivmod.o)
 .debug_aranges
                0x0000000000001578       0x20 /usr/lib/gcc/arm-none-eabi/12.1.0/thumb/v7e-m+fp/hard/libgcc.a(_udivmoddi4.o)
 .debug_aranges
                0x0000000000001598       0x20 /usr/lib/gcc/arm-none-eabi/12.1.0/thumb/v7e-m+fp/hard/libgcc.a(_dvmd_tls.o)

.debug_ranges   0x0000000000000000     0x15d8
 .debug_ranges  0x0000000000000000       0x80 build/main.o
 .debug_ranges  0x0000000000000080       0x68 build/stm32l4xx_it.o
 .debug_ranges  0x00000000000000e8       0x70 build/stm32l4xx_hal_msp.o
 .debug_ranges  0x0000000000000158       0x48 build/hci_tl_interface.o
 .debug_ranges  0x00000000000001a0      0x1c8 build/stm32l4xx_hal_spi.o
 .debug_ranges  0x0000000000000368      0x120 build/stm32l4xx_hal.o
 .debug_ranges  0x0000000000000488      0x290 build/stm32l4xx_hal_i2c.o
 .debug_ranges  0x0000000000000718       0x38 build/stm32l4xx_hal_i2c_ex.o
 .debug_ranges  0x0000000000000750       0xa0 build/stm32l4xx_hal_rcc.o
 .debug_ranges  0x00000000000007f0      0x118 build/stm32l4xx_hal_rcc_ex.o
 .debug_ranges  0x0000000000000908       0x48 build/stm32l4xx_hal_gpio.o
 .debug_ranges  0x0000000000000950       0x88 build/stm32l4xx_hal_pwr.o
 .debug_ranges  0x00000000000009d8      0x160 build/stm32l4xx_hal_pwr_ex.o
 .debug_ranges  0x0000000000000b38       0xd0 build/stm32l4xx_hal_cortex.o
 .debug_ranges  0x0000000000000c08       0x50 build/stm32l4xx_hal_exti.o
 .debug_ranges  0x0000000000000c58      0x2c8 build/stm32l4xx_hal_adc.o
 .debug_ranges  0x0000000000000f20      0x258 build/stm32l4xx_hal_dfsdm.o
 .debug_ranges  0x0000000000001178      0x160 build/stm32l4xx_hal_ospi.o
 .debug_ranges  0x00000000000012d8      0x238 build/stm32l4xx_hal_uart.o
 .debug_ranges  0x0000000000001510       0x90 build/stm32l4xx_hal_uart_ex.o
 .debug_ranges  0x00000000000015a0       0x18 build/system_stm32l4xx.o
 .debug_ranges  0x00000000000015b8       0x20 build/startup_stm32l4s5xx.o

.debug_line     0x0000000000000000    0x1c16c
 .debug_line    0x0000000000000000      0xcc6 build/main.o
 .debug_line    0x0000000000000cc6      0x285 build/stm32l4xx_it.o
 .debug_line    0x0000000000000f4b      0x822 build/stm32l4xx_hal_msp.o
 .debug_line    0x000000000000176d      0x471 build/hci_tl_interface.o
 .debug_line    0x0000000000001bde     0x28bc build/stm32l4xx_hal_spi.o
 .debug_line    0x000000000000449a      0x63c build/stm32l4xx_hal.o
 .debug_line    0x0000000000004ad6     0x4e3d build/stm32l4xx_hal_i2c.o
 .debug_line    0x0000000000009913      0x495 build/stm32l4xx_hal_i2c_ex.o
 .debug_line    0x0000000000009da8      0xfdf build/stm32l4xx_hal_rcc.o
 .debug_line    0x000000000000ad87     0x1aff build/stm32l4xx_hal_rcc_ex.o
 .debug_line    0x000000000000c886      0x64c build/stm32l4xx_hal_gpio.o
 .debug_line    0x000000000000ced2      0x3b8 build/stm32l4xx_hal_pwr.o
 .debug_line    0x000000000000d28a      0xb2b build/stm32l4xx_hal_pwr_ex.o
 .debug_line    0x000000000000ddb5      0x7b6 build/stm32l4xx_hal_cortex.o
 .debug_line    0x000000000000e56b      0x6cc build/stm32l4xx_hal_exti.o
 .debug_line    0x000000000000ec37     0x2134 build/stm32l4xx_hal_adc.o
 .debug_line    0x0000000000010d6b     0x1f56 build/stm32l4xx_hal_dfsdm.o
 .debug_line    0x0000000000012cc1     0x1a19 build/stm32l4xx_hal_ospi.o
 .debug_line    0x00000000000146da     0x62ec build/stm32l4xx_hal_uart.o
 .debug_line    0x000000000001a9c6      0xc9a build/stm32l4xx_hal_uart_ex.o
 .debug_line    0x000000000001b660      0x239 build/system_stm32l4xx.o
 .debug_line    0x000000000001b899       0x76 build/startup_stm32l4s5xx.o
 .debug_line    0x000000000001b90f      0x13b /usr/lib/gcc/arm-none-eabi/12.1.0/../../../../arm-none-eabi/lib/thumb/v7e-m+fp/hard/libc_nano.a(lib_a-init.o)
 .debug_line    0x000000000001ba4a      0x129 /usr/lib/gcc/arm-none-eabi/12.1.0/../../../../arm-none-eabi/lib/thumb/v7e-m+fp/hard/libc_nano.a(lib_a-memset.o)
 .debug_line    0x000000000001bb73       0x4e /usr/lib/gcc/arm-none-eabi/12.1.0/thumb/v7e-m+fp/hard/libgcc.a(_aeabi_uldivmod.o)
 .debug_line    0x000000000001bbc1      0x561 /usr/lib/gcc/arm-none-eabi/12.1.0/thumb/v7e-m+fp/hard/libgcc.a(_udivmoddi4.o)
 .debug_line    0x000000000001c122       0x4a /usr/lib/gcc/arm-none-eabi/12.1.0/thumb/v7e-m+fp/hard/libgcc.a(_dvmd_tls.o)

.debug_str      0x0000000000000000     0x7934
 .debug_str     0x0000000000000000     0x1e35 build/main.o
                                       0x2031 (size before relaxing)
 .debug_str     0x0000000000001e35      0x145 build/stm32l4xx_it.o
                                        0x2ae (size before relaxing)
 .debug_str     0x0000000000001f7a      0x145 build/stm32l4xx_hal_msp.o
                                       0x1713 (size before relaxing)
 .debug_str     0x00000000000020bf      0x226 build/hci_tl_interface.o
                                        0xbdf (size before relaxing)
 .debug_str     0x00000000000022e5      0x58b build/stm32l4xx_hal_spi.o
                                        0xc9d (size before relaxing)
 .debug_str     0x0000000000002870      0x46b build/stm32l4xx_hal.o
                                        0xd23 (size before relaxing)
 .debug_str     0x0000000000002cdb      0x886 build/stm32l4xx_hal_i2c.o
                                       0x1098 (size before relaxing)
 .debug_str     0x0000000000003561       0xb5 build/stm32l4xx_hal_i2c_ex.o
                                        0x9f1 (size before relaxing)
 .debug_str     0x0000000000003616      0x335 build/stm32l4xx_hal_rcc.o
                                        0x8a9 (size before relaxing)
 .debug_str     0x000000000000394b      0x4fb build/stm32l4xx_hal_rcc_ex.o
                                        0xd10 (size before relaxing)
 .debug_str     0x0000000000003e46       0x9d build/stm32l4xx_hal_gpio.o
                                        0x521 (size before relaxing)
 .debug_str     0x0000000000003ee3      0x288 build/stm32l4xx_hal_pwr.o
                                        0x69a (size before relaxing)
 .debug_str     0x000000000000416b      0x4ad build/stm32l4xx_hal_pwr_ex.o
                                        0x877 (size before relaxing)
 .debug_str     0x0000000000004618      0x424 build/stm32l4xx_hal_cortex.o
                                        0xc26 (size before relaxing)
 .debug_str     0x0000000000004a3c      0x131 build/stm32l4xx_hal_exti.o
                                        0x429 (size before relaxing)
 .debug_str     0x0000000000004b6d      0x919 build/stm32l4xx_hal_adc.o
                                       0x11ce (size before relaxing)
 .debug_str     0x0000000000005486      0xb64 build/stm32l4xx_hal_dfsdm.o
                                       0x1322 (size before relaxing)
 .debug_str     0x0000000000005fea      0x5f4 build/stm32l4xx_hal_ospi.o
                                        0xdad (size before relaxing)
 .debug_str     0x00000000000065de      0x86d build/stm32l4xx_hal_uart.o
                                       0x11dd (size before relaxing)
 .debug_str     0x0000000000006e4b      0x22c build/stm32l4xx_hal_uart_ex.o
                                        0xb09 (size before relaxing)
 .debug_str     0x0000000000007077       0x3d build/system_stm32l4xx.o
                                        0x3b9 (size before relaxing)
 .debug_str     0x00000000000070b4       0x30 build/startup_stm32l4s5xx.o
                                         0x4a (size before relaxing)
 .debug_str     0x00000000000070e4      0x18f /usr/lib/gcc/arm-none-eabi/12.1.0/../../../../arm-none-eabi/lib/thumb/v7e-m+fp/hard/libc_nano.a(lib_a-init.o)
                                        0x230 (size before relaxing)
 .debug_str     0x0000000000007273       0xaa /usr/lib/gcc/arm-none-eabi/12.1.0/../../../../arm-none-eabi/lib/thumb/v7e-m+fp/hard/libc_nano.a(lib_a-memset.o)
                                        0x1d1 (size before relaxing)
 .debug_str     0x000000000000731d       0x64 /usr/lib/gcc/arm-none-eabi/12.1.0/thumb/v7e-m+fp/hard/libgcc.a(_aeabi_uldivmod.o)
 .debug_str     0x0000000000007381      0x5a7 /usr/lib/gcc/arm-none-eabi/12.1.0/thumb/v7e-m+fp/hard/libgcc.a(_udivmoddi4.o)
                                        0x6a7 (size before relaxing)
 .debug_str     0x0000000000007928        0xc /usr/lib/gcc/arm-none-eabi/12.1.0/thumb/v7e-m+fp/hard/libgcc.a(_dvmd_tls.o)
                                         0x68 (size before relaxing)

.comment        0x0000000000000000       0x3c
 .comment       0x0000000000000000       0x1e build/main.o
                                         0x1f (size before relaxing)
 .comment       0x000000000000001e       0x1f build/stm32l4xx_it.o
 .comment       0x000000000000001e       0x1f build/stm32l4xx_hal_msp.o
 .comment       0x000000000000001e       0x1f build/hci_tl_interface.o
 .comment       0x000000000000001e       0x1f build/stm32l4xx_hal_spi.o
 .comment       0x000000000000001e       0x1f build/stm32l4xx_hal.o
 .comment       0x000000000000001e       0x1f build/stm32l4xx_hal_i2c.o
 .comment       0x000000000000001e       0x1f build/stm32l4xx_hal_i2c_ex.o
 .comment       0x000000000000001e       0x1f build/stm32l4xx_hal_rcc.o
 .comment       0x000000000000001e       0x1f build/stm32l4xx_hal_rcc_ex.o
 .comment       0x000000000000001e       0x1f build/stm32l4xx_hal_gpio.o
 .comment       0x000000000000001e       0x1f build/stm32l4xx_hal_pwr.o
 .comment       0x000000000000001e       0x1f build/stm32l4xx_hal_pwr_ex.o
 .comment       0x000000000000001e       0x1f build/stm32l4xx_hal_cortex.o
 .comment       0x000000000000001e       0x1f build/stm32l4xx_hal_exti.o
 .comment       0x000000000000001e       0x1f build/stm32l4xx_hal_adc.o
 .comment       0x000000000000001e       0x1f build/stm32l4xx_hal_dfsdm.o
 .comment       0x000000000000001e       0x1f build/stm32l4xx_hal_ospi.o
 .comment       0x000000000000001e       0x1f build/stm32l4xx_hal_uart.o
 .comment       0x000000000000001e       0x1f build/stm32l4xx_hal_uart_ex.o
 .comment       0x000000000000001e       0x1f build/system_stm32l4xx.o
 .comment       0x000000000000001e       0x1e /usr/lib/gcc/arm-none-eabi/12.1.0/../../../../arm-none-eabi/lib/thumb/v7e-m+fp/hard/libc_nano.a(lib_a-init.o)
                                         0x1f (size before relaxing)
 .comment       0x000000000000003c       0x1f /usr/lib/gcc/arm-none-eabi/12.1.0/../../../../arm-none-eabi/lib/thumb/v7e-m+fp/hard/libc_nano.a(lib_a-memset.o)
 .comment       0x000000000000003c       0x1f /usr/lib/gcc/arm-none-eabi/12.1.0/thumb/v7e-m+fp/hard/libgcc.a(_udivmoddi4.o)

.debug_frame    0x0000000000000000     0x3a20
 .debug_frame   0x0000000000000000      0x1a4 build/main.o
 .debug_frame   0x00000000000001a4       0xf0 build/stm32l4xx_it.o
 .debug_frame   0x0000000000000294      0x184 build/stm32l4xx_hal_msp.o
 .debug_frame   0x0000000000000418       0xfc build/hci_tl_interface.o
 .debug_frame   0x0000000000000514      0x5d8 build/stm32l4xx_hal_spi.o
 .debug_frame   0x0000000000000aec      0x274 build/stm32l4xx_hal.o
 .debug_frame   0x0000000000000d60      0x978 build/stm32l4xx_hal_i2c.o
 .debug_frame   0x00000000000016d8       0x80 build/stm32l4xx_hal_i2c_ex.o
 .debug_frame   0x0000000000001758      0x1b4 build/stm32l4xx_hal_rcc.o
 .debug_frame   0x000000000000190c      0x2ac build/stm32l4xx_hal_rcc_ex.o
 .debug_frame   0x0000000000001bb8       0xd0 build/stm32l4xx_hal_gpio.o
 .debug_frame   0x0000000000001c88      0x120 build/stm32l4xx_hal_pwr.o
 .debug_frame   0x0000000000001da8      0x2d8 build/stm32l4xx_hal_pwr_ex.o
 .debug_frame   0x0000000000002080      0x1e4 build/stm32l4xx_hal_cortex.o
 .debug_frame   0x0000000000002264       0xf4 build/stm32l4xx_hal_exti.o
 .debug_frame   0x0000000000002358      0x328 build/stm32l4xx_hal_adc.o
 .debug_frame   0x0000000000002680      0x620 build/stm32l4xx_hal_dfsdm.o
 .debug_frame   0x0000000000002ca0      0x460 build/stm32l4xx_hal_ospi.o
 .debug_frame   0x0000000000003100      0x67c build/stm32l4xx_hal_uart.o
 .debug_frame   0x000000000000377c      0x1c8 build/stm32l4xx_hal_uart_ex.o
 .debug_frame   0x0000000000003944       0x30 build/system_stm32l4xx.o
 .debug_frame   0x0000000000003974       0x2c /usr/lib/gcc/arm-none-eabi/12.1.0/../../../../arm-none-eabi/lib/thumb/v7e-m+fp/hard/libc_nano.a(lib_a-init.o)
 .debug_frame   0x00000000000039a0       0x20 /usr/lib/gcc/arm-none-eabi/12.1.0/../../../../arm-none-eabi/lib/thumb/v7e-m+fp/hard/libc_nano.a(lib_a-memset.o)
 .debug_frame   0x00000000000039c0       0x2c /usr/lib/gcc/arm-none-eabi/12.1.0/thumb/v7e-m+fp/hard/libgcc.a(_aeabi_uldivmod.o)
 .debug_frame   0x00000000000039ec       0x34 /usr/lib/gcc/arm-none-eabi/12.1.0/thumb/v7e-m+fp/hard/libgcc.a(_udivmoddi4.o)

.debug_loclists
                0x0000000000000000      0x7f3
 .debug_loclists
                0x0000000000000000       0x44 /usr/lib/gcc/arm-none-eabi/12.1.0/../../../../arm-none-eabi/lib/thumb/v7e-m+fp/hard/libc_nano.a(lib_a-init.o)
 .debug_loclists
                0x0000000000000044       0x47 /usr/lib/gcc/arm-none-eabi/12.1.0/../../../../arm-none-eabi/lib/thumb/v7e-m+fp/hard/libc_nano.a(lib_a-memset.o)
 .debug_loclists
                0x000000000000008b      0x768 /usr/lib/gcc/arm-none-eabi/12.1.0/thumb/v7e-m+fp/hard/libgcc.a(_udivmoddi4.o)

.debug_rnglists
                0x0000000000000000       0x93
 .debug_rnglists
                0x0000000000000000       0x13 /usr/lib/gcc/arm-none-eabi/12.1.0/../../../../arm-none-eabi/lib/thumb/v7e-m+fp/hard/libc_nano.a(lib_a-init.o)
 .debug_rnglists
                0x0000000000000013       0x13 /usr/lib/gcc/arm-none-eabi/12.1.0/../../../../arm-none-eabi/lib/thumb/v7e-m+fp/hard/libc_nano.a(lib_a-memset.o)
 .debug_rnglists
                0x0000000000000026       0x6d /usr/lib/gcc/arm-none-eabi/12.1.0/thumb/v7e-m+fp/hard/libgcc.a(_udivmoddi4.o)

.debug_line_str
                0x0000000000000000       0x4e
 .debug_line_str
                0x0000000000000000       0x42 /usr/lib/gcc/arm-none-eabi/12.1.0/thumb/v7e-m+fp/hard/libgcc.a(_aeabi_uldivmod.o)
                                         0x84 (size before relaxing)
 .debug_line_str
                0x0000000000000042        0xc /usr/lib/gcc/arm-none-eabi/12.1.0/thumb/v7e-m+fp/hard/libgcc.a(_dvmd_tls.o)
                                         0x8c (size before relaxing)

Cross Reference Table

Symbol                                            File
ADC1_IRQHandler                                   build/startup_stm32l4s5xx.o
ADC_ConversionStop                                build/stm32l4xx_hal_adc.o
                                                  build/stm32l4xx_hal_adc_ex.o
ADC_DMAConvCplt                                   build/stm32l4xx_hal_adc.o
ADC_DMAError                                      build/stm32l4xx_hal_adc.o
ADC_DMAHalfConvCplt                               build/stm32l4xx_hal_adc.o
ADC_Disable                                       build/stm32l4xx_hal_adc.o
                                                  build/stm32l4xx_hal_adc_ex.o
ADC_Enable                                        build/stm32l4xx_hal_adc.o
                                                  build/stm32l4xx_hal_adc_ex.o
AES_IRQHandler                                    build/startup_stm32l4s5xx.o
AHBPrescTable                                     build/system_stm32l4xx.o
                                                  build/stm32l4xx_hal_rcc.o
APBPrescTable                                     build/system_stm32l4xx.o
                                                  build/stm32l4xx_hal_rcc.o
BSP_GetTick                                       build/b_l4s5i_iot01a_bus.o
                                                  build/hci_tl_interface.o
BSP_SPI3_DeInit                                   build/b_l4s5i_iot01a_bus.o
BSP_SPI3_Init                                     build/b_l4s5i_iot01a_bus.o
                                                  build/hci_tl_interface.o
BSP_SPI3_Recv                                     build/b_l4s5i_iot01a_bus.o
BSP_SPI3_Send                                     build/b_l4s5i_iot01a_bus.o
BSP_SPI3_SendRecv                                 build/b_l4s5i_iot01a_bus.o
                                                  build/hci_tl_interface.o
BusFault_Handler                                  build/stm32l4xx_it.o
CAN1_RX0_IRQHandler                               build/startup_stm32l4s5xx.o
CAN1_RX1_IRQHandler                               build/startup_stm32l4s5xx.o
CAN1_SCE_IRQHandler                               build/startup_stm32l4s5xx.o
CAN1_TX_IRQHandler                                build/startup_stm32l4s5xx.o
COMP_IRQHandler                                   build/startup_stm32l4s5xx.o
DCMI_IRQHandler                                   build/startup_stm32l4s5xx.o
DFSDM1_FLT0_IRQHandler                            build/startup_stm32l4s5xx.o
DFSDM1_FLT1_IRQHandler                            build/startup_stm32l4s5xx.o
DFSDM1_FLT2_IRQHandler                            build/startup_stm32l4s5xx.o
DFSDM1_FLT3_IRQHandler                            build/startup_stm32l4s5xx.o
DMA1_Channel1_IRQHandler                          build/startup_stm32l4s5xx.o
DMA1_Channel2_IRQHandler                          build/startup_stm32l4s5xx.o
DMA1_Channel3_IRQHandler                          build/startup_stm32l4s5xx.o
DMA1_Channel4_IRQHandler                          build/startup_stm32l4s5xx.o
DMA1_Channel5_IRQHandler                          build/startup_stm32l4s5xx.o
DMA1_Channel6_IRQHandler                          build/startup_stm32l4s5xx.o
DMA1_Channel7_IRQHandler                          build/startup_stm32l4s5xx.o
DMA2D_IRQHandler                                  build/startup_stm32l4s5xx.o
DMA2_Channel1_IRQHandler                          build/startup_stm32l4s5xx.o
DMA2_Channel2_IRQHandler                          build/startup_stm32l4s5xx.o
DMA2_Channel3_IRQHandler                          build/startup_stm32l4s5xx.o
DMA2_Channel4_IRQHandler                          build/startup_stm32l4s5xx.o
DMA2_Channel5_IRQHandler                          build/startup_stm32l4s5xx.o
DMA2_Channel6_IRQHandler                          build/startup_stm32l4s5xx.o
DMA2_Channel7_IRQHandler                          build/startup_stm32l4s5xx.o
DMAMUX1_OVR_IRQHandler                            build/startup_stm32l4s5xx.o
DebugMon_Handler                                  build/stm32l4xx_it.o
Default_Handler                                   build/startup_stm32l4s5xx.o
EXTI0_IRQHandler                                  build/startup_stm32l4s5xx.o
EXTI15_10_IRQHandler                              build/stm32l4xx_it.o
EXTI1_IRQHandler                                  build/startup_stm32l4s5xx.o
EXTI2_IRQHandler                                  build/startup_stm32l4s5xx.o
EXTI3_IRQHandler                                  build/stm32l4xx_it.o
EXTI4_IRQHandler                                  build/startup_stm32l4s5xx.o
EXTI9_5_IRQHandler                                build/stm32l4xx_it.o
Error_Handler                                     build/main.o
                                                  build/stm32l4xx_hal_msp.o
FLASH_FlushCaches                                 build/stm32l4xx_hal_flash_ex.o
                                                  build/stm32l4xx_hal_flash.o
FLASH_IRQHandler                                  build/startup_stm32l4s5xx.o
FLASH_PageErase                                   build/stm32l4xx_hal_flash_ex.o
                                                  build/stm32l4xx_hal_flash.o
FLASH_WaitForLastOperation                        build/stm32l4xx_hal_flash.o
                                                  build/stm32l4xx_hal_flash_ex.o
FMC_IRQHandler                                    build/startup_stm32l4s5xx.o
FPU_IRQHandler                                    build/startup_stm32l4s5xx.o
GFXMMU_IRQHandler                                 build/startup_stm32l4s5xx.o
HAL_ADCEx_Calibration_GetValue                    build/stm32l4xx_hal_adc_ex.o
HAL_ADCEx_Calibration_SetValue                    build/stm32l4xx_hal_adc_ex.o
HAL_ADCEx_Calibration_Start                       build/stm32l4xx_hal_adc_ex.o
HAL_ADCEx_DisableInjectedQueue                    build/stm32l4xx_hal_adc_ex.o
HAL_ADCEx_DisableVoltageRegulator                 build/stm32l4xx_hal_adc_ex.o
HAL_ADCEx_EnableInjectedQueue                     build/stm32l4xx_hal_adc_ex.o
HAL_ADCEx_EndOfSamplingCallback                   build/stm32l4xx_hal_adc_ex.o
                                                  build/stm32l4xx_hal_adc.o
HAL_ADCEx_EnterADCDeepPowerDownMode               build/stm32l4xx_hal_adc_ex.o
HAL_ADCEx_InjectedConfigChannel                   build/stm32l4xx_hal_adc_ex.o
HAL_ADCEx_InjectedConvCpltCallback                build/stm32l4xx_hal_adc_ex.o
                                                  build/stm32l4xx_hal_adc.o
HAL_ADCEx_InjectedGetValue                        build/stm32l4xx_hal_adc_ex.o
HAL_ADCEx_InjectedPollForConversion               build/stm32l4xx_hal_adc_ex.o
HAL_ADCEx_InjectedQueueOverflowCallback           build/stm32l4xx_hal_adc_ex.o
                                                  build/stm32l4xx_hal_adc.o
HAL_ADCEx_InjectedStart                           build/stm32l4xx_hal_adc_ex.o
HAL_ADCEx_InjectedStart_IT                        build/stm32l4xx_hal_adc_ex.o
HAL_ADCEx_InjectedStop                            build/stm32l4xx_hal_adc_ex.o
HAL_ADCEx_InjectedStop_IT                         build/stm32l4xx_hal_adc_ex.o
HAL_ADCEx_LevelOutOfWindow2Callback               build/stm32l4xx_hal_adc_ex.o
                                                  build/stm32l4xx_hal_adc.o
HAL_ADCEx_LevelOutOfWindow3Callback               build/stm32l4xx_hal_adc_ex.o
                                                  build/stm32l4xx_hal_adc.o
HAL_ADCEx_RegularStop                             build/stm32l4xx_hal_adc_ex.o
HAL_ADCEx_RegularStop_DMA                         build/stm32l4xx_hal_adc_ex.o
HAL_ADCEx_RegularStop_IT                          build/stm32l4xx_hal_adc_ex.o
HAL_ADC_AnalogWDGConfig                           build/stm32l4xx_hal_adc.o
HAL_ADC_ConfigChannel                             build/stm32l4xx_hal_adc.o
                                                  build/main.o
HAL_ADC_ConvCpltCallback                          build/stm32l4xx_hal_adc.o
HAL_ADC_ConvHalfCpltCallback                      build/stm32l4xx_hal_adc.o
HAL_ADC_DeInit                                    build/stm32l4xx_hal_adc.o
HAL_ADC_ErrorCallback                             build/stm32l4xx_hal_adc.o
HAL_ADC_GetError                                  build/stm32l4xx_hal_adc.o
HAL_ADC_GetState                                  build/stm32l4xx_hal_adc.o
HAL_ADC_GetValue                                  build/stm32l4xx_hal_adc.o
HAL_ADC_IRQHandler                                build/stm32l4xx_hal_adc.o
HAL_ADC_Init                                      build/stm32l4xx_hal_adc.o
                                                  build/main.o
HAL_ADC_LevelOutOfWindowCallback                  build/stm32l4xx_hal_adc.o
HAL_ADC_MspDeInit                                 build/stm32l4xx_hal_msp.o
HAL_ADC_MspInit                                   build/stm32l4xx_hal_msp.o
HAL_ADC_PollForConversion                         build/stm32l4xx_hal_adc.o
HAL_ADC_PollForEvent                              build/stm32l4xx_hal_adc.o
HAL_ADC_Start                                     build/stm32l4xx_hal_adc.o
HAL_ADC_Start_DMA                                 build/stm32l4xx_hal_adc.o
HAL_ADC_Start_IT                                  build/stm32l4xx_hal_adc.o
HAL_ADC_Stop                                      build/stm32l4xx_hal_adc.o
HAL_ADC_Stop_DMA                                  build/stm32l4xx_hal_adc.o
HAL_ADC_Stop_IT                                   build/stm32l4xx_hal_adc.o
HAL_DBGMCU_DisableDBGSleepMode                    build/stm32l4xx_hal.o
HAL_DBGMCU_DisableDBGStandbyMode                  build/stm32l4xx_hal.o
HAL_DBGMCU_DisableDBGStopMode                     build/stm32l4xx_hal.o
HAL_DBGMCU_EnableDBGSleepMode                     build/stm32l4xx_hal.o
HAL_DBGMCU_EnableDBGStandbyMode                   build/stm32l4xx_hal.o
HAL_DBGMCU_EnableDBGStopMode                      build/stm32l4xx_hal.o
HAL_DFDSMEx_ChannelGetPulsesSkipping              build/stm32l4xx_hal_dfsdm_ex.o
HAL_DFDSMEx_ChannelSetPulsesSkipping              build/stm32l4xx_hal_dfsdm_ex.o
HAL_DFSDM_ChannelCkabCallback                     build/stm32l4xx_hal_dfsdm.o
HAL_DFSDM_ChannelCkabStart                        build/stm32l4xx_hal_dfsdm.o
HAL_DFSDM_ChannelCkabStart_IT                     build/stm32l4xx_hal_dfsdm.o
HAL_DFSDM_ChannelCkabStop                         build/stm32l4xx_hal_dfsdm.o
HAL_DFSDM_ChannelCkabStop_IT                      build/stm32l4xx_hal_dfsdm.o
HAL_DFSDM_ChannelDeInit                           build/stm32l4xx_hal_dfsdm.o
HAL_DFSDM_ChannelGetAwdValue                      build/stm32l4xx_hal_dfsdm.o
HAL_DFSDM_ChannelGetState                         build/stm32l4xx_hal_dfsdm.o
HAL_DFSDM_ChannelInit                             build/stm32l4xx_hal_dfsdm.o
                                                  build/main.o
HAL_DFSDM_ChannelModifyOffset                     build/stm32l4xx_hal_dfsdm.o
HAL_DFSDM_ChannelMspDeInit                        build/stm32l4xx_hal_msp.o
HAL_DFSDM_ChannelMspInit                          build/stm32l4xx_hal_msp.o
HAL_DFSDM_ChannelPollForCkab                      build/stm32l4xx_hal_dfsdm.o
HAL_DFSDM_ChannelPollForScd                       build/stm32l4xx_hal_dfsdm.o
HAL_DFSDM_ChannelScdCallback                      build/stm32l4xx_hal_dfsdm.o
HAL_DFSDM_ChannelScdStart                         build/stm32l4xx_hal_dfsdm.o
HAL_DFSDM_ChannelScdStart_IT                      build/stm32l4xx_hal_dfsdm.o
HAL_DFSDM_ChannelScdStop                          build/stm32l4xx_hal_dfsdm.o
HAL_DFSDM_ChannelScdStop_IT                       build/stm32l4xx_hal_dfsdm.o
HAL_DFSDM_FilterAwdCallback                       build/stm32l4xx_hal_dfsdm.o
HAL_DFSDM_FilterAwdStart_IT                       build/stm32l4xx_hal_dfsdm.o
HAL_DFSDM_FilterAwdStop_IT                        build/stm32l4xx_hal_dfsdm.o
HAL_DFSDM_FilterConfigInjChannel                  build/stm32l4xx_hal_dfsdm.o
HAL_DFSDM_FilterConfigRegChannel                  build/stm32l4xx_hal_dfsdm.o
HAL_DFSDM_FilterDeInit                            build/stm32l4xx_hal_dfsdm.o
HAL_DFSDM_FilterErrorCallback                     build/stm32l4xx_hal_dfsdm.o
HAL_DFSDM_FilterExdStart                          build/stm32l4xx_hal_dfsdm.o
HAL_DFSDM_FilterExdStop                           build/stm32l4xx_hal_dfsdm.o
HAL_DFSDM_FilterGetConvTimeValue                  build/stm32l4xx_hal_dfsdm.o
HAL_DFSDM_FilterGetError                          build/stm32l4xx_hal_dfsdm.o
HAL_DFSDM_FilterGetExdMaxValue                    build/stm32l4xx_hal_dfsdm.o
HAL_DFSDM_FilterGetExdMinValue                    build/stm32l4xx_hal_dfsdm.o
HAL_DFSDM_FilterGetInjectedValue                  build/stm32l4xx_hal_dfsdm.o
HAL_DFSDM_FilterGetRegularValue                   build/stm32l4xx_hal_dfsdm.o
HAL_DFSDM_FilterGetState                          build/stm32l4xx_hal_dfsdm.o
HAL_DFSDM_FilterInit                              build/stm32l4xx_hal_dfsdm.o
HAL_DFSDM_FilterInjConvCpltCallback               build/stm32l4xx_hal_dfsdm.o
HAL_DFSDM_FilterInjConvHalfCpltCallback           build/stm32l4xx_hal_dfsdm.o
HAL_DFSDM_FilterInjectedMsbStart_DMA              build/stm32l4xx_hal_dfsdm.o
HAL_DFSDM_FilterInjectedStart                     build/stm32l4xx_hal_dfsdm.o
HAL_DFSDM_FilterInjectedStart_DMA                 build/stm32l4xx_hal_dfsdm.o
HAL_DFSDM_FilterInjectedStart_IT                  build/stm32l4xx_hal_dfsdm.o
HAL_DFSDM_FilterInjectedStop                      build/stm32l4xx_hal_dfsdm.o
HAL_DFSDM_FilterInjectedStop_DMA                  build/stm32l4xx_hal_dfsdm.o
HAL_DFSDM_FilterInjectedStop_IT                   build/stm32l4xx_hal_dfsdm.o
HAL_DFSDM_FilterMspDeInit                         build/stm32l4xx_hal_dfsdm.o
HAL_DFSDM_FilterMspInit                           build/stm32l4xx_hal_dfsdm.o
HAL_DFSDM_FilterPollForInjConversion              build/stm32l4xx_hal_dfsdm.o
HAL_DFSDM_FilterPollForRegConversion              build/stm32l4xx_hal_dfsdm.o
HAL_DFSDM_FilterRegConvCpltCallback               build/stm32l4xx_hal_dfsdm.o
HAL_DFSDM_FilterRegConvHalfCpltCallback           build/stm32l4xx_hal_dfsdm.o
HAL_DFSDM_FilterRegularMsbStart_DMA               build/stm32l4xx_hal_dfsdm.o
HAL_DFSDM_FilterRegularStart                      build/stm32l4xx_hal_dfsdm.o
HAL_DFSDM_FilterRegularStart_DMA                  build/stm32l4xx_hal_dfsdm.o
HAL_DFSDM_FilterRegularStart_IT                   build/stm32l4xx_hal_dfsdm.o
HAL_DFSDM_FilterRegularStop                       build/stm32l4xx_hal_dfsdm.o
HAL_DFSDM_FilterRegularStop_DMA                   build/stm32l4xx_hal_dfsdm.o
HAL_DFSDM_FilterRegularStop_IT                    build/stm32l4xx_hal_dfsdm.o
HAL_DFSDM_IRQHandler                              build/stm32l4xx_hal_dfsdm.o
HAL_DMAEx_ConfigMuxRequestGenerator               build/stm32l4xx_hal_dma_ex.o
HAL_DMAEx_ConfigMuxSync                           build/stm32l4xx_hal_dma_ex.o
HAL_DMAEx_DisableMuxRequestGenerator              build/stm32l4xx_hal_dma_ex.o
HAL_DMAEx_EnableMuxRequestGenerator               build/stm32l4xx_hal_dma_ex.o
HAL_DMAEx_MUX_IRQHandler                          build/stm32l4xx_hal_dma_ex.o
HAL_DMA_Abort                                     build/stm32l4xx_hal_dma.o
                                                  build/stm32l4xx_hal_uart.o
                                                  build/stm32l4xx_hal_ospi.o
                                                  build/stm32l4xx_hal_dfsdm.o
                                                  build/stm32l4xx_hal_adc_ex.o
                                                  build/stm32l4xx_hal_adc.o
                                                  build/stm32l4xx_hal_spi.o
HAL_DMA_Abort_IT                                  build/stm32l4xx_hal_dma.o
                                                  build/stm32l4xx_hal_uart.o
                                                  build/stm32l4xx_hal_ospi.o
                                                  build/stm32l4xx_hal_i2c.o
                                                  build/stm32l4xx_hal_spi.o
HAL_DMA_DeInit                                    build/stm32l4xx_hal_dma.o
HAL_DMA_GetError                                  build/stm32l4xx_hal_dma.o
                                                  build/stm32l4xx_hal_uart.o
HAL_DMA_GetState                                  build/stm32l4xx_hal_dma.o
                                                  build/stm32l4xx_hal_i2c.o
HAL_DMA_IRQHandler                                build/stm32l4xx_hal_dma.o
HAL_DMA_Init                                      build/stm32l4xx_hal_dma.o
HAL_DMA_PollForTransfer                           build/stm32l4xx_hal_dma.o
HAL_DMA_RegisterCallback                          build/stm32l4xx_hal_dma.o
HAL_DMA_Start                                     build/stm32l4xx_hal_dma.o
HAL_DMA_Start_IT                                  build/stm32l4xx_hal_dma.o
                                                  build/stm32l4xx_hal_uart.o
                                                  build/stm32l4xx_hal_ospi.o
                                                  build/stm32l4xx_hal_dfsdm.o
                                                  build/stm32l4xx_hal_adc.o
                                                  build/stm32l4xx_hal_i2c.o
                                                  build/stm32l4xx_hal_spi.o
HAL_DMA_UnRegisterCallback                        build/stm32l4xx_hal_dma.o
HAL_DeInit                                        build/stm32l4xx_hal.o
HAL_Delay                                         build/stm32l4xx_hal.o
                                                  build/hci_tl_interface.o
HAL_EXTI_ClearConfigLine                          build/stm32l4xx_hal_exti.o
HAL_EXTI_ClearPending                             build/stm32l4xx_hal_exti.o
HAL_EXTI_GenerateSWI                              build/stm32l4xx_hal_exti.o
HAL_EXTI_GetConfigLine                            build/stm32l4xx_hal_exti.o
HAL_EXTI_GetHandle                                build/stm32l4xx_hal_exti.o
                                                  build/hci_tl_interface.o
HAL_EXTI_GetPending                               build/stm32l4xx_hal_exti.o
HAL_EXTI_IRQHandler                               build/stm32l4xx_hal_exti.o
                                                  build/stm32l4xx_it.o
HAL_EXTI_RegisterCallback                         build/stm32l4xx_hal_exti.o
                                                  build/hci_tl_interface.o
HAL_EXTI_SetConfigLine                            build/stm32l4xx_hal_exti.o
HAL_FLASHEx_ConfigLVEPin                          build/stm32l4xx_hal_flash_ex.o
HAL_FLASHEx_DisableRunPowerDown                   build/stm32l4xx_hal_flash_ramfunc.o
HAL_FLASHEx_EnableRunPowerDown                    build/stm32l4xx_hal_flash_ramfunc.o
HAL_FLASHEx_Erase                                 build/stm32l4xx_hal_flash_ex.o
HAL_FLASHEx_Erase_IT                              build/stm32l4xx_hal_flash_ex.o
HAL_FLASHEx_OBGetConfig                           build/stm32l4xx_hal_flash_ex.o
HAL_FLASHEx_OBProgram                             build/stm32l4xx_hal_flash_ex.o
HAL_FLASHEx_OB_DBankConfig                        build/stm32l4xx_hal_flash_ramfunc.o
HAL_FLASH_EndOfOperationCallback                  build/stm32l4xx_hal_flash.o
HAL_FLASH_GetError                                build/stm32l4xx_hal_flash.o
HAL_FLASH_IRQHandler                              build/stm32l4xx_hal_flash.o
HAL_FLASH_Lock                                    build/stm32l4xx_hal_flash.o
HAL_FLASH_OB_Launch                               build/stm32l4xx_hal_flash.o
HAL_FLASH_OB_Lock                                 build/stm32l4xx_hal_flash.o
HAL_FLASH_OB_Unlock                               build/stm32l4xx_hal_flash.o
HAL_FLASH_OperationErrorCallback                  build/stm32l4xx_hal_flash.o
HAL_FLASH_Program                                 build/stm32l4xx_hal_flash.o
HAL_FLASH_Program_IT                              build/stm32l4xx_hal_flash.o
HAL_FLASH_Unlock                                  build/stm32l4xx_hal_flash.o
HAL_GPIO_DeInit                                   build/stm32l4xx_hal_gpio.o
                                                  build/b_l4s5i_iot01a_bus.o
                                                  build/hci_tl_interface.o
                                                  build/stm32l4xx_hal_msp.o
HAL_GPIO_EXTI_Callback                            build/stm32l4xx_hal_gpio.o
HAL_GPIO_EXTI_IRQHandler                          build/stm32l4xx_hal_gpio.o
                                                  build/stm32l4xx_it.o
HAL_GPIO_Init                                     build/stm32l4xx_hal_gpio.o
                                                  build/stm32l4xx_hal_rcc_ex.o
                                                  build/stm32l4xx_hal_rcc.o
                                                  build/b_l4s5i_iot01a_bus.o
                                                  build/hci_tl_interface.o
                                                  build/stm32l4xx_hal_msp.o
                                                  build/main.o
HAL_GPIO_LockPin                                  build/stm32l4xx_hal_gpio.o
HAL_GPIO_ReadPin                                  build/stm32l4xx_hal_gpio.o
                                                  build/hci_tl_interface.o
HAL_GPIO_TogglePin                                build/stm32l4xx_hal_gpio.o
HAL_GPIO_WritePin                                 build/stm32l4xx_hal_gpio.o
                                                  build/hci_tl_interface.o
                                                  build/main.o
HAL_GetDEVID                                      build/stm32l4xx_hal.o
HAL_GetHalVersion                                 build/stm32l4xx_hal.o
HAL_GetREVID                                      build/stm32l4xx_hal.o
HAL_GetTick                                       build/stm32l4xx_hal.o
                                                  build/hci_tl.o
                                                  build/stm32l4xx_hal_uart_ex.o
                                                  build/stm32l4xx_hal_uart.o
                                                  build/stm32l4xx_hal_ospi.o
                                                  build/stm32l4xx_hal_dfsdm.o
                                                  build/stm32l4xx_hal_adc_ex.o
                                                  build/stm32l4xx_hal_adc.o
                                                  build/stm32l4xx_hal_dma.o
                                                  build/stm32l4xx_hal_flash.o
                                                  build/stm32l4xx_hal_rcc_ex.o
                                                  build/stm32l4xx_hal_rcc.o
                                                  build/stm32l4xx_hal_i2c.o
                                                  build/stm32l4xx_hal_spi.o
                                                  build/b_l4s5i_iot01a_bus.o
                                                  build/hci_tl_interface.o
HAL_GetTickFreq                                   build/stm32l4xx_hal.o
HAL_GetTickPrio                                   build/stm32l4xx_hal.o
HAL_GetUIDw0                                      build/stm32l4xx_hal.o
HAL_GetUIDw1                                      build/stm32l4xx_hal.o
HAL_GetUIDw2                                      build/stm32l4xx_hal.o
HAL_HalfDuplex_EnableReceiver                     build/stm32l4xx_hal_uart.o
HAL_HalfDuplex_EnableTransmitter                  build/stm32l4xx_hal_uart.o
HAL_HalfDuplex_Init                               build/stm32l4xx_hal_uart.o
HAL_I2CEx_ConfigAnalogFilter                      build/stm32l4xx_hal_i2c_ex.o
                                                  build/main.o
HAL_I2CEx_ConfigDigitalFilter                     build/stm32l4xx_hal_i2c_ex.o
                                                  build/main.o
HAL_I2CEx_DisableFastModePlus                     build/stm32l4xx_hal_i2c_ex.o
HAL_I2CEx_DisableWakeUp                           build/stm32l4xx_hal_i2c_ex.o
HAL_I2CEx_EnableFastModePlus                      build/stm32l4xx_hal_i2c_ex.o
HAL_I2CEx_EnableWakeUp                            build/stm32l4xx_hal_i2c_ex.o
HAL_I2C_AbortCpltCallback                         build/stm32l4xx_hal_i2c.o
HAL_I2C_AddrCallback                              build/stm32l4xx_hal_i2c.o
HAL_I2C_DeInit                                    build/stm32l4xx_hal_i2c.o
HAL_I2C_DisableListen_IT                          build/stm32l4xx_hal_i2c.o
HAL_I2C_ER_IRQHandler                             build/stm32l4xx_hal_i2c.o
HAL_I2C_EV_IRQHandler                             build/stm32l4xx_hal_i2c.o
HAL_I2C_EnableListen_IT                           build/stm32l4xx_hal_i2c.o
HAL_I2C_ErrorCallback                             build/stm32l4xx_hal_i2c.o
HAL_I2C_GetError                                  build/stm32l4xx_hal_i2c.o
HAL_I2C_GetMode                                   build/stm32l4xx_hal_i2c.o
HAL_I2C_GetState                                  build/stm32l4xx_hal_i2c.o
HAL_I2C_Init                                      build/stm32l4xx_hal_i2c.o
                                                  build/main.o
HAL_I2C_IsDeviceReady                             build/stm32l4xx_hal_i2c.o
HAL_I2C_ListenCpltCallback                        build/stm32l4xx_hal_i2c.o
HAL_I2C_MasterRxCpltCallback                      build/stm32l4xx_hal_i2c.o
HAL_I2C_MasterTxCpltCallback                      build/stm32l4xx_hal_i2c.o
HAL_I2C_Master_Abort_IT                           build/stm32l4xx_hal_i2c.o
HAL_I2C_Master_Receive                            build/stm32l4xx_hal_i2c.o
HAL_I2C_Master_Receive_DMA                        build/stm32l4xx_hal_i2c.o
HAL_I2C_Master_Receive_IT                         build/stm32l4xx_hal_i2c.o
HAL_I2C_Master_Seq_Receive_DMA                    build/stm32l4xx_hal_i2c.o
HAL_I2C_Master_Seq_Receive_IT                     build/stm32l4xx_hal_i2c.o
HAL_I2C_Master_Seq_Transmit_DMA                   build/stm32l4xx_hal_i2c.o
HAL_I2C_Master_Seq_Transmit_IT                    build/stm32l4xx_hal_i2c.o
HAL_I2C_Master_Transmit                           build/stm32l4xx_hal_i2c.o
HAL_I2C_Master_Transmit_DMA                       build/stm32l4xx_hal_i2c.o
HAL_I2C_Master_Transmit_IT                        build/stm32l4xx_hal_i2c.o
HAL_I2C_MemRxCpltCallback                         build/stm32l4xx_hal_i2c.o
HAL_I2C_MemTxCpltCallback                         build/stm32l4xx_hal_i2c.o
HAL_I2C_Mem_Read                                  build/stm32l4xx_hal_i2c.o
HAL_I2C_Mem_Read_DMA                              build/stm32l4xx_hal_i2c.o
HAL_I2C_Mem_Read_IT                               build/stm32l4xx_hal_i2c.o
HAL_I2C_Mem_Write                                 build/stm32l4xx_hal_i2c.o
HAL_I2C_Mem_Write_DMA                             build/stm32l4xx_hal_i2c.o
HAL_I2C_Mem_Write_IT                              build/stm32l4xx_hal_i2c.o
HAL_I2C_MspDeInit                                 build/stm32l4xx_hal_msp.o
HAL_I2C_MspInit                                   build/stm32l4xx_hal_msp.o
HAL_I2C_SlaveRxCpltCallback                       build/stm32l4xx_hal_i2c.o
HAL_I2C_SlaveTxCpltCallback                       build/stm32l4xx_hal_i2c.o
HAL_I2C_Slave_Receive                             build/stm32l4xx_hal_i2c.o
HAL_I2C_Slave_Receive_DMA                         build/stm32l4xx_hal_i2c.o
HAL_I2C_Slave_Receive_IT                          build/stm32l4xx_hal_i2c.o
HAL_I2C_Slave_Seq_Receive_DMA                     build/stm32l4xx_hal_i2c.o
HAL_I2C_Slave_Seq_Receive_IT                      build/stm32l4xx_hal_i2c.o
HAL_I2C_Slave_Seq_Transmit_DMA                    build/stm32l4xx_hal_i2c.o
HAL_I2C_Slave_Seq_Transmit_IT                     build/stm32l4xx_hal_i2c.o
HAL_I2C_Slave_Transmit                            build/stm32l4xx_hal_i2c.o
HAL_I2C_Slave_Transmit_DMA                        build/stm32l4xx_hal_i2c.o
HAL_I2C_Slave_Transmit_IT                         build/stm32l4xx_hal_i2c.o
HAL_IncTick                                       build/stm32l4xx_hal.o
                                                  build/stm32l4xx_it.o
HAL_Init                                          build/stm32l4xx_hal.o
                                                  build/main.o
HAL_InitTick                                      build/stm32l4xx_hal.o
                                                  build/stm32l4xx_hal_rcc.o
HAL_LIN_Init                                      build/stm32l4xx_hal_uart.o
HAL_LIN_SendBreak                                 build/stm32l4xx_hal_uart.o
HAL_MPU_ConfigRegion                              build/stm32l4xx_hal_cortex.o
HAL_MPU_Disable                                   build/stm32l4xx_hal_cortex.o
HAL_MPU_Enable                                    build/stm32l4xx_hal_cortex.o
HAL_MspDeInit                                     build/stm32l4xx_hal.o
HAL_MspInit                                       build/stm32l4xx_hal_msp.o
HAL_MultiProcessorEx_AddressLength_Set            build/stm32l4xx_hal_uart_ex.o
HAL_MultiProcessor_DisableMuteMode                build/stm32l4xx_hal_uart.o
HAL_MultiProcessor_EnableMuteMode                 build/stm32l4xx_hal_uart.o
HAL_MultiProcessor_EnterMuteMode                  build/stm32l4xx_hal_uart.o
HAL_MultiProcessor_Init                           build/stm32l4xx_hal_uart.o
HAL_NVIC_ClearPendingIRQ                          build/stm32l4xx_hal_cortex.o
HAL_NVIC_DisableIRQ                               build/stm32l4xx_hal_cortex.o
HAL_NVIC_EnableIRQ                                build/stm32l4xx_hal_cortex.o
                                                  build/hci_tl_interface.o
                                                  build/main.o
HAL_NVIC_GetActive                                build/stm32l4xx_hal_cortex.o
HAL_NVIC_GetPendingIRQ                            build/stm32l4xx_hal_cortex.o
HAL_NVIC_GetPriority                              build/stm32l4xx_hal_cortex.o
HAL_NVIC_GetPriorityGrouping                      build/stm32l4xx_hal_cortex.o
HAL_NVIC_SetPendingIRQ                            build/stm32l4xx_hal_cortex.o
HAL_NVIC_SetPriority                              build/stm32l4xx_hal_cortex.o
                                                  build/stm32l4xx_hal.o
                                                  build/hci_tl_interface.o
                                                  build/main.o
HAL_NVIC_SetPriorityGrouping                      build/stm32l4xx_hal_cortex.o
                                                  build/stm32l4xx_hal.o
HAL_NVIC_SystemReset                              build/stm32l4xx_hal_cortex.o
HAL_OSPIM_Config                                  build/stm32l4xx_hal_ospi.o
                                                  build/main.o
HAL_OSPI_Abort                                    build/stm32l4xx_hal_ospi.o
HAL_OSPI_AbortCpltCallback                        build/stm32l4xx_hal_ospi.o
HAL_OSPI_Abort_IT                                 build/stm32l4xx_hal_ospi.o
HAL_OSPI_AutoPolling                              build/stm32l4xx_hal_ospi.o
HAL_OSPI_AutoPolling_IT                           build/stm32l4xx_hal_ospi.o
HAL_OSPI_CmdCpltCallback                          build/stm32l4xx_hal_ospi.o
HAL_OSPI_Command                                  build/stm32l4xx_hal_ospi.o
HAL_OSPI_Command_IT                               build/stm32l4xx_hal_ospi.o
HAL_OSPI_DeInit                                   build/stm32l4xx_hal_ospi.o
HAL_OSPI_ErrorCallback                            build/stm32l4xx_hal_ospi.o
HAL_OSPI_FifoThresholdCallback                    build/stm32l4xx_hal_ospi.o
HAL_OSPI_GetError                                 build/stm32l4xx_hal_ospi.o
HAL_OSPI_GetFifoThreshold                         build/stm32l4xx_hal_ospi.o
HAL_OSPI_GetState                                 build/stm32l4xx_hal_ospi.o
HAL_OSPI_HyperbusCfg                              build/stm32l4xx_hal_ospi.o
HAL_OSPI_HyperbusCmd                              build/stm32l4xx_hal_ospi.o
HAL_OSPI_IRQHandler                               build/stm32l4xx_hal_ospi.o
HAL_OSPI_Init                                     build/stm32l4xx_hal_ospi.o
                                                  build/main.o
HAL_OSPI_MemoryMapped                             build/stm32l4xx_hal_ospi.o
HAL_OSPI_MspDeInit                                build/stm32l4xx_hal_msp.o
HAL_OSPI_MspInit                                  build/stm32l4xx_hal_msp.o
HAL_OSPI_Receive                                  build/stm32l4xx_hal_ospi.o
HAL_OSPI_Receive_DMA                              build/stm32l4xx_hal_ospi.o
HAL_OSPI_Receive_IT                               build/stm32l4xx_hal_ospi.o
HAL_OSPI_RxCpltCallback                           build/stm32l4xx_hal_ospi.o
HAL_OSPI_RxHalfCpltCallback                       build/stm32l4xx_hal_ospi.o
HAL_OSPI_SetFifoThreshold                         build/stm32l4xx_hal_ospi.o
HAL_OSPI_SetTimeout                               build/stm32l4xx_hal_ospi.o
HAL_OSPI_StatusMatchCallback                      build/stm32l4xx_hal_ospi.o
HAL_OSPI_TimeOutCallback                          build/stm32l4xx_hal_ospi.o
HAL_OSPI_Transmit                                 build/stm32l4xx_hal_ospi.o
HAL_OSPI_Transmit_DMA                             build/stm32l4xx_hal_ospi.o
HAL_OSPI_Transmit_IT                              build/stm32l4xx_hal_ospi.o
HAL_OSPI_TxCpltCallback                           build/stm32l4xx_hal_ospi.o
HAL_OSPI_TxHalfCpltCallback                       build/stm32l4xx_hal_ospi.o
HAL_PWREx_ConfigPVM                               build/stm32l4xx_hal_pwr_ex.o
HAL_PWREx_ControlVoltageScaling                   build/stm32l4xx_hal_pwr_ex.o
                                                  build/main.o
HAL_PWREx_DisableBatteryCharging                  build/stm32l4xx_hal_pwr_ex.o
HAL_PWREx_DisableDSIPinsPDActivation              build/stm32l4xx_hal_pwr_ex.o
HAL_PWREx_DisableGPIOPullDown                     build/stm32l4xx_hal_pwr_ex.o
HAL_PWREx_DisableGPIOPullUp                       build/stm32l4xx_hal_pwr_ex.o
HAL_PWREx_DisableInternalWakeUpLine               build/stm32l4xx_hal_pwr_ex.o
HAL_PWREx_DisableLowPowerRunMode                  build/stm32l4xx_hal_pwr_ex.o
                                                  build/stm32l4xx_hal_pwr.o
HAL_PWREx_DisablePVM1                             build/stm32l4xx_hal_pwr_ex.o
HAL_PWREx_DisablePVM2                             build/stm32l4xx_hal_pwr_ex.o
HAL_PWREx_DisablePVM3                             build/stm32l4xx_hal_pwr_ex.o
HAL_PWREx_DisablePVM4                             build/stm32l4xx_hal_pwr_ex.o